176.67.137.76 - - [19/Apr/2026:14:35:50 +0000] "GET /api/v1/register HTTP/1.1" 200 4063 "-" "Mozilla/5.0 (Linux; Android 13; Pixel 7) AppleWebKit/537.36 Mobile Safari/537.36"
28.83.139.31 - - [19/Apr/2026:15:37:31 +0000] "GET /api/v1/user/46 HTTP/1.1" 200 405 "-" "Mozilla/5.0 (Linux; Android 13; Pixel 7) AppleWebKit/537.36 Mobile Safari/537.36"
80.191.105.108 - - [19/Apr/2026:14:37:59 +0000] "POST /api/v1/login HTTP/1.1" 401 120 "-" "CFNetwork/1400.0.4 Darwin/22.0.0"
41.172.235.157 - - [19/Apr/2026:14:36:30 +0000] "GET /api/v1/register HTTP/1.1" 200 1834 "-" "Mozilla/5.0 (iPhone; CPU iPhone OS 16_0) AppleWebKit/605.1.15 Mobile/15E148"
85.16.113.220 - - [19/Apr/2026:14:25:20 +0000] "GET /api/v1/payment HTTP/1.1" 201 2847 "-" "okhttp/4.11.0"
163.21.252.197 - - [19/Apr/2026:14:43:40 +0000] "POST /api/v1/notifications HTTP/1.1" 200 4776 "-" "ReactNativeApp/1.2.3"
124.200.230.246 - - [19/Apr/2026:15:07:16 +0000] "GET /api/v1/payment HTTP/1.1" 429 238 "-" "Mozilla/5.0 (iPhone; CPU iPhone OS 16_0) AppleWebKit/605.1.15 Mobile/15E148"
184.99.113.94 - - [19/Apr/2026:14:31:40 +0000] "GET /api/v1/login HTTP/1.1" 201 317 "-" "okhttp/4.11.0"
68.168.53.105 - - [19/Apr/2026:15:37:09 +0000] "GET /api/v1/user/24 HTTP/1.1" 404 186 "-" "Mozilla/5.0 (iPad; CPU OS 16_0 like Mac OS X) AppleWebKit/605.1.15 Mobile/15E148"
17.225.188.150 - - [19/Apr/2026:14:37:01 +0000] "POST /api/v1/login HTTP/1.1" 401 199 "-" "Mozilla/5.0 (Linux; Android 13; Pixel 7) AppleWebKit/537.36 Mobile Safari/537.36"
119.134.232.66 - - [19/Apr/2026:14:11:40 +0000] "POST /api/v1/products HTTP/1.1" 200 761 "-" "Dart/3.0 (dart:io) - Flutter App"
124.200.230.246 - - [19/Apr/2026:15:07:15 +0000] "POST /api/v1/orders HTTP/1.1" 429 294 "-" "Mozilla/5.0 (iPhone; CPU iPhone OS 16_0) AppleWebKit/605.1.15 Mobile/15E148"
193.240.250.238 - - [19/Apr/2026:14:32:30 +0000] "GET /api/v1/logout HTTP/1.1" 304 4916 "-" "ReactNativeApp/1.2.3"
28.83.139.31 - - [19/Apr/2026:15:37:27 +0000] "GET /api/v1/user/42 HTTP/1.1" 404 319 "-" "Mozilla/5.0 (Linux; Android 13; Pixel 7) AppleWebKit/537.36 Mobile Safari/537.36"
112.77.18.152 - - [19/Apr/2026:14:46:45 +0000] "POST /api/v1/user/profile HTTP/1.1" 304 1746 "-" "Dart/3.0 (dart:io) - Flutter App"
93.141.13.218 - - [19/Apr/2026:14:25:40 +0000] "GET /api/v1/search HTTP/1.1" 304 2787 "-" "ReactNativeApp/1.2.3"
20.13.183.57 - - [19/Apr/2026:14:33:45 +0000] "GET /api/v1/search HTTP/1.1" 200 3403 "-" "Dart/3.0 (dart:io) - Flutter App"
193.240.250.238 - - [19/Apr/2026:14:10:00 +0000] "GET /api/v1/login HTTP/1.1" 304 4457 "-" "Dart/3.0 (dart:io) - Flutter App"
17.225.188.150 - - [19/Apr/2026:14:37:25 +0000] "POST /api/v1/login HTTP/1.1" 401 108 "-" "ReactNativeApp/1.2.3"
124.200.230.246 - - [19/Apr/2026:15:07:54 +0000] "POST /api/v1/register HTTP/1.1" 429 492 "-" "ReactNativeApp/1.2.3"
173.82.203.97 - - [19/Apr/2026:15:07:33 +0000] "POST /api/v1/refresh-token HTTP/1.1" 200 949 "-" "Mozilla/5.0 (iPhone; CPU iPhone OS 16_0) AppleWebKit/605.1.15 Mobile/15E148"
124.200.230.246 - - [19/Apr/2026:15:07:20 +0000] "GET /api/v1/payment HTTP/1.1" 200 591 "-" "Mozilla/5.0 (Linux; Android 13; Pixel 7) AppleWebKit/537.36 Mobile Safari/537.36"
65.15.129.161 - - [19/Apr/2026:14:17:50 +0000] "GET /api/v1/logout HTTP/1.1" 200 2755 "-" "Mozilla/5.0 (Linux; Android 13; Pixel 7) AppleWebKit/537.36 Mobile Safari/537.36"
28.83.139.31 - - [19/Apr/2026:15:36:58 +0000] "GET /api/v1/user/13 HTTP/1.1" 404 315 "-" "Mozilla/5.0 (Linux; Android 13; Pixel 7) AppleWebKit/537.36 Mobile Safari/537.36"
124.200.230.246 - - [19/Apr/2026:15:07:50 +0000] "POST /api/v1/orders HTTP/1.1" 429 126 "-" "Mozilla/5.0 (iPad; CPU OS 16_0 like Mac OS X) AppleWebKit/605.1.15 Mobile/15E148"
17.225.188.150 - - [19/Apr/2026:14:37:05 +0000] "POST /api/v1/login HTTP/1.1" 401 179 "-" "Dart/3.0 (dart:io) - Flutter App"
173.82.203.97 - - [19/Apr/2026:15:07:10 +0000] "POST /api/v1/user/profile HTTP/1.1" 429 931 "-" "Mozilla/5.0 (Linux; Android 13; Pixel 7) AppleWebKit/537.36 Mobile Safari/537.36"
65.15.129.161 - - [19/Apr/2026:14:15:05 +0000] "GET /api/v1/register HTTP/1.1" 204 548 "-" "CFNetwork/1400.0.4 Darwin/22.0.0"
124.200.230.246 - - [19/Apr/2026:15:07:39 +0000] "GET /api/v1/password-reset HTTP/1.1" 200 538 "-" "Mozilla/5.0 (iPad; CPU OS 16_0 like Mac OS X) AppleWebKit/605.1.15 Mobile/15E148"
124.200.230.246 - - [19/Apr/2026:15:06:52 +0000] "GET /api/v1/notifications HTTP/1.1" 429 623 "-" "ReactNativeApp/1.2.3"
124.200.230.246 - - [19/Apr/2026:15:07:21 +0000] "GET /api/v1/notifications HTTP/1.1" 200 104 "-" "okhttp/4.11.0"
93.141.13.218 - - [19/Apr/2026:14:22:30 +0000] "POST /api/v1/search HTTP/1.1" 201 2961 "-" "CFNetwork/1400.0.4 Darwin/22.0.0"
142.244.169.201 - - [19/Apr/2026:14:33:55 +0000] "GET /api/v1/payment HTTP/1.1" 304 4751 "-" "Mozilla/5.0 (iPad; CPU OS 16_0 like Mac OS X) AppleWebKit/605.1.15 Mobile/15E148"
4.104.247.41 - - [19/Apr/2026:14:25:05 +0000] "GET /api/v1/orders HTTP/1.1" 200 393 "-" "okhttp/4.11.0"
142.244.169.201 - - [19/Apr/2026:14:39:10 +0000] "POST /api/v1/payment HTTP/1.1" 304 2077 "-" "okhttp/4.11.0"
68.168.53.105 - - [19/Apr/2026:15:37:27 +0000] "GET /api/v1/user/42 HTTP/1.1" 404 408 "-" "CFNetwork/1400.0.4 Darwin/22.0.0"
178.138.220.235 - - [19/Apr/2026:14:39:00 +0000] "GET /api/v1/refresh-token HTTP/1.1" 304 608 "-" "Mozilla/5.0 (iPhone; CPU iPhone OS 16_0) AppleWebKit/605.1.15 Mobile/15E148"
80.191.105.108 - - [19/Apr/2026:14:37:43 +0000] "POST /api/v1/login HTTP/1.1" 401 55 "-" "okhttp/4.11.0"
193.240.250.238 - - [19/Apr/2026:14:32:45 +0000] "POST /api/v1/refresh-token HTTP/1.1" 200 4136 "-" "Mozilla/5.0 (iPad; CPU OS 16_0 like Mac OS X) AppleWebKit/605.1.15 Mobile/15E148"
28.83.139.31 - - [19/Apr/2026:15:37:26 +0000] "GET /api/v1/user/41 HTTP/1.1" 404 379 "-" "Dart/3.0 (dart:io) - Flutter App"
214.6.38.216 - - [19/Apr/2026:14:34:05 +0000] "GET /api/v1/payment HTTP/1.1" 201 3213 "-" "Mozilla/5.0 (iPhone; CPU iPhone OS 16_0) AppleWebKit/605.1.15 Mobile/15E148"
68.168.53.105 - - [19/Apr/2026:15:36:49 +0000] "GET /api/v1/user/4 HTTP/1.1" 404 156 "-" "Mozilla/5.0 (iPhone; CPU iPhone OS 16_0) AppleWebKit/605.1.15 Mobile/15E148"
192.20.167.153 - - [19/Apr/2026:14:33:35 +0000] "GET /api/v1/register HTTP/1.1" 204 2995 "-" "Mozilla/5.0 (iPad; CPU OS 16_0 like Mac OS X) AppleWebKit/605.1.15 Mobile/15E148"
124.200.230.246 - - [19/Apr/2026:15:07:12 +0000] "GET /api/v1/logout HTTP/1.1" 200 971 "-" "CFNetwork/1400.0.4 Darwin/22.0.0"
80.191.105.108 - - [19/Apr/2026:14:37:51 +0000] "POST /api/v1/login HTTP/1.1" 401 103 "-" "Mozilla/5.0 (iPhone; CPU iPhone OS 16_0) AppleWebKit/605.1.15 Mobile/15E148"
173.82.203.97 - - [19/Apr/2026:15:06:58 +0000] "POST /api/v1/orders HTTP/1.1" 429 785 "-" "CFNetwork/1400.0.4 Darwin/22.0.0"
41.172.235.157 - - [19/Apr/2026:14:33:20 +0000] "GET /api/v1/orders HTTP/1.1" 200 488 "-" "CFNetwork/1400.0.4 Darwin/22.0.0"
124.200.230.246 - - [19/Apr/2026:15:07:22 +0000] "POST /api/v1/notifications HTTP/1.1" 429 113 "-" "Mozilla/5.0 (iPhone; CPU iPhone OS 16_0) AppleWebKit/605.1.15 Mobile/15E148"
91.222.43.202 - - [19/Apr/2026:14:37:13 +0000] "POST /api/v1/login HTTP/1.1" 401 150 "-" "CFNetwork/1400.0.4 Darwin/22.0.0"
163.21.252.197 - - [19/Apr/2026:14:31:05 +0000] "GET /api/v1/payment HTTP/1.1" 200 4660 "-" "Dart/3.0 (dart:io) - Flutter App"
28.83.139.31 - - [19/Apr/2026:15:37:28 +0000] "GET /api/v1/user/43 HTTP/1.1" 200 239 "-" "Mozilla/5.0 (iPhone; CPU iPhone OS 16_0) AppleWebKit/605.1.15 Mobile/15E148"
65.15.129.161 - - [19/Apr/2026:14:25:55 +0000] "GET /api/v1/login HTTP/1.1" 204 4478 "-" "Dart/3.0 (dart:io) - Flutter App"
211.101.34.75 - - [19/Apr/2026:14:11:35 +0000] "GET /api/v1/products HTTP/1.1" 201 3039 "-" "CFNetwork/1400.0.4 Darwin/22.0.0"
65.15.129.161 - - [19/Apr/2026:14:20:45 +0000] "POST /api/v1/password-reset HTTP/1.1" 204 817 "-" "Dart/3.0 (dart:io) - Flutter App"
159.76.73.158 - - [19/Apr/2026:14:22:45 +0000] "GET /api/v1/logout HTTP/1.1" 304 4560 "-" "Mozilla/5.0 (iPhone; CPU iPhone OS 16_0) AppleWebKit/605.1.15 Mobile/15E148"
42.149.157.56 - - [19/Apr/2026:14:21:10 +0000] "GET /api/v1/notifications HTTP/1.1" 200 4386 "-" "Dart/3.0 (dart:io) - Flutter App"
184.149.8.60 - - [19/Apr/2026:14:08:10 +0000] "GET /api/v1/login HTTP/1.1" 200 551 "-" "Mozilla/5.0 (iPad; CPU OS 16_0 like Mac OS X) AppleWebKit/605.1.15 Mobile/15E148"
28.83.139.31 - - [19/Apr/2026:15:37:01 +0000] "GET /api/v1/user/16 HTTP/1.1" 404 184 "-" "Dart/3.0 (dart:io) - Flutter App"
184.149.8.60 - - [19/Apr/2026:14:13:45 +0000] "GET /api/v1/orders HTTP/1.1" 200 1565 "-" "ReactNativeApp/1.2.3"
173.82.203.97 - - [19/Apr/2026:15:07:20 +0000] "GET /api/v1/login HTTP/1.1" 429 911 "-" "Mozilla/5.0 (iPad; CPU OS 16_0 like Mac OS X) AppleWebKit/605.1.15 Mobile/15E148"
16.245.30.222 - - [19/Apr/2026:14:22:10 +0000] "POST /api/v1/register HTTP/1.1" 200 414 "-" "Mozilla/5.0 (iPad; CPU OS 16_0 like Mac OS X) AppleWebKit/605.1.15 Mobile/15E148"
28.83.139.31 - - [19/Apr/2026:15:37:09 +0000] "GET /api/v1/user/24 HTTP/1.1" 200 288 "-" "ReactNativeApp/1.2.3"
124.200.230.246 - - [19/Apr/2026:15:07:50 +0000] "POST /api/v1/notifications HTTP/1.1" 429 853 "-" "Mozilla/5.0 (iPad; CPU OS 16_0 like Mac OS X) AppleWebKit/605.1.15 Mobile/15E148"
173.82.203.97 - - [19/Apr/2026:15:06:48 +0000] "POST /api/v1/products HTTP/1.1" 200 316 "-" "ReactNativeApp/1.2.3"
24.22.223.230 - - [19/Apr/2026:14:16:25 +0000] "GET /api/v1/products HTTP/1.1" 200 4405 "-" "Mozilla/5.0 (iPad; CPU OS 16_0 like Mac OS X) AppleWebKit/605.1.15 Mobile/15E148"
124.200.230.246 - - [19/Apr/2026:15:07:26 +0000] "POST /api/v1/user/profile HTTP/1.1" 200 493 "-" "CFNetwork/1400.0.4 Darwin/22.0.0"
178.138.220.235 - - [19/Apr/2026:14:07:10 +0000] "POST /api/v1/payment HTTP/1.1" 200 1092 "-" "Dart/3.0 (dart:io) - Flutter App"
172.53.170.123 - - [19/Apr/2026:14:10:15 +0000] "GET /api/v1/payment HTTP/1.1" 201 4755 "-" "ReactNativeApp/1.2.3"
173.82.203.97 - - [19/Apr/2026:15:06:51 +0000] "GET /api/v1/register HTTP/1.1" 429 648 "-" "Mozilla/5.0 (iPad; CPU OS 16_0 like Mac OS X) AppleWebKit/605.1.15 Mobile/15E148"
142.244.169.201 - - [19/Apr/2026:14:41:50 +0000] "GET /api/v1/search HTTP/1.1" 204 3865 "-" "Dart/3.0 (dart:io) - Flutter App"
60.204.245.135 - - [19/Apr/2026:14:45:00 +0000] "GET /api/v1/logout HTTP/1.1" 304 2077 "-" "Mozilla/5.0 (iPad; CPU OS 16_0 like Mac OS X) AppleWebKit/605.1.15 Mobile/15E148"
186.228.129.165 - - [19/Apr/2026:14:35:35 +0000] "GET /api/v1/refresh-token HTTP/1.1" 201 2236 "-" "Mozilla/5.0 (Linux; Android 13; Pixel 7) AppleWebKit/537.36 Mobile Safari/537.36"
124.200.230.246 - - [19/Apr/2026:15:07:55 +0000] "GET /api/v1/register HTTP/1.1" 429 835 "-" "okhttp/4.11.0"
143.231.12.235 - - [19/Apr/2026:14:23:05 +0000] "GET /api/v1/register HTTP/1.1" 304 1787 "-" "ReactNativeApp/1.2.3"
124.200.230.246 - - [19/Apr/2026:15:06:55 +0000] "GET /api/v1/user/settings HTTP/1.1" 429 241 "-" "CFNetwork/1400.0.4 Darwin/22.0.0"
173.82.203.97 - - [19/Apr/2026:15:06:54 +0000] "POST /api/v1/login HTTP/1.1" 429 218 "-" "Dart/3.0 (dart:io) - Flutter App"
24.22.223.230 - - [19/Apr/2026:14:46:55 +0000] "POST /api/v1/orders HTTP/1.1" 304 914 "-" "ReactNativeApp/1.2.3"
204.239.142.124 - - [19/Apr/2026:14:27:50 +0000] "GET /api/v1/notifications HTTP/1.1" 304 4482 "-" "Mozilla/5.0 (Linux; Android 13; Pixel 7) AppleWebKit/537.36 Mobile Safari/537.36"
176.86.71.7 - - [19/Apr/2026:14:27:40 +0000] "GET /api/v1/user/profile HTTP/1.1" 200 3867 "-" "Mozilla/5.0 (iPhone; CPU iPhone OS 16_0) AppleWebKit/605.1.15 Mobile/15E148"
173.82.203.97 - - [19/Apr/2026:15:06:46 +0000] "POST /api/v1/search HTTP/1.1" 200 989 "-" "Dart/3.0 (dart:io) - Flutter App"
134.135.119.74 - - [19/Apr/2026:14:10:45 +0000] "GET /api/v1/notifications HTTP/1.1" 200 1686 "-" "Mozilla/5.0 (iPhone; CPU iPhone OS 16_0) AppleWebKit/605.1.15 Mobile/15E148"
131.25.44.7 - - [19/Apr/2026:14:41:20 +0000] "GET /api/v1/payment HTTP/1.1" 204 4090 "-" "CFNetwork/1400.0.4 Darwin/22.0.0"
124.200.230.246 - - [19/Apr/2026:15:07:37 +0000] "GET /api/v1/payment HTTP/1.1" 429 238 "-" "Mozilla/5.0 (iPhone; CPU iPhone OS 16_0) AppleWebKit/605.1.15 Mobile/15E148"
75.110.57.65 - - [19/Apr/2026:14:37:55 +0000] "GET /api/v1/login HTTP/1.1" 200 1932 "-" "Mozilla/5.0 (iPad; CPU OS 16_0 like Mac OS X) AppleWebKit/605.1.15 Mobile/15E148"
75.110.57.65 - - [19/Apr/2026:14:28:35 +0000] "POST /api/v1/orders HTTP/1.1" 201 455 "-" "Mozilla/5.0 (Linux; Android 13; Pixel 7) AppleWebKit/537.36 Mobile Safari/537.36"
41.172.235.157 - - [19/Apr/2026:14:31:55 +0000] "POST /api/v1/products HTTP/1.1" 304 1790 "-" "ReactNativeApp/1.2.3"
28.83.139.31 - - [19/Apr/2026:15:37:43 +0000] "GET /api/v1/user/58 HTTP/1.1" 404 468 "-" "Dart/3.0 (dart:io) - Flutter App"
80.191.105.108 - - [19/Apr/2026:14:36:49 +0000] "POST /api/v1/login HTTP/1.1" 401 109 "-" "CFNetwork/1400.0.4 Darwin/22.0.0"
172.12.6.2 - - [19/Apr/2026:14:10:20 +0000] "POST /api/v1/orders HTTP/1.1" 204 4771 "-" "Mozilla/5.0 (iPad; CPU OS 16_0 like Mac OS X) AppleWebKit/605.1.15 Mobile/15E148"
79.183.21.67 - - [19/Apr/2026:14:12:15 +0000] "GET /api/v1/search HTTP/1.1" 200 4513 "-" "Mozilla/5.0 (Linux; Android 13; Pixel 7) AppleWebKit/537.36 Mobile Safari/537.36"
170.4.14.29 - - [19/Apr/2026:14:30:10 +0000] "GET /api/v1/refresh-token HTTP/1.1" 200 2817 "-" "okhttp/4.11.0"
68.168.53.105 - - [19/Apr/2026:15:37:29 +0000] "GET /api/v1/user/44 HTTP/1.1" 404 291 "-" "Mozilla/5.0 (iPad; CPU OS 16_0 like Mac OS X) AppleWebKit/605.1.15 Mobile/15E148"
112.77.18.152 - - [19/Apr/2026:14:13:20 +0000] "GET /api/v1/orders HTTP/1.1" 201 2663 "-" "Mozilla/5.0 (Linux; Android 13; Pixel 7) AppleWebKit/537.36 Mobile Safari/537.36"
124.200.230.246 - - [19/Apr/2026:15:07:18 +0000] "POST /api/v1/products HTTP/1.1" 200 423 "-" "Mozilla/5.0 (iPad; CPU OS 16_0 like Mac OS X) AppleWebKit/605.1.15 Mobile/15E148"
124.200.230.246 - - [19/Apr/2026:15:07:32 +0000] "GET /api/v1/payment HTTP/1.1" 200 788 "-" "Mozilla/5.0 (iPad; CPU OS 16_0 like Mac OS X) AppleWebKit/605.1.15 Mobile/15E148"
91.222.43.202 - - [19/Apr/2026:14:37:37 +0000] "POST /api/v1/login HTTP/1.1" 401 123 "-" "Mozilla/5.0 (Linux; Android 13; Pixel 7) AppleWebKit/537.36 Mobile Safari/537.36"
186.228.129.165 - - [19/Apr/2026:14:12:55 +0000] "POST /api/v1/user/profile HTTP/1.1" 204 3341 "-" "ReactNativeApp/1.2.3"
173.82.203.97 - - [19/Apr/2026:15:06:58 +0000] "POST /api/v1/search HTTP/1.1" 200 369 "-" "Mozilla/5.0 (Linux; Android 13; Pixel 7) AppleWebKit/537.36 Mobile Safari/537.36"
41.172.235.157 - - [19/Apr/2026:14:40:40 +0000] "GET /api/v1/login HTTP/1.1" 200 4486 "-" "Mozilla/5.0 (Linux; Android 13; Pixel 7) AppleWebKit/537.36 Mobile Safari/537.36"
110.227.2.190 - - [19/Apr/2026:14:24:15 +0000] "GET /api/v1/orders HTTP/1.1" 200 2841 "-" "ReactNativeApp/1.2.3"
211.101.34.75 - - [19/Apr/2026:14:42:05 +0000] "GET /api/v1/orders HTTP/1.1" 304 1798 "-" "Dart/3.0 (dart:io) - Flutter App"
151.116.77.146 - - [19/Apr/2026:14:14:55 +0000] "POST /api/v1/user/profile HTTP/1.1" 200 378 "-" "okhttp/4.11.0"
174.42.71.156 - - [19/Apr/2026:14:30:55 +0000] "GET /api/v1/user/profile HTTP/1.1" 304 4700 "-" "Dart/3.0 (dart:io) - Flutter App"
124.200.230.246 - - [19/Apr/2026:15:07:47 +0000] "POST /api/v1/payment HTTP/1.1" 429 820 "-" "Dart/3.0 (dart:io) - Flutter App"
124.200.230.246 - - [19/Apr/2026:15:07:29 +0000] "GET /api/v1/payment HTTP/1.1" 429 492 "-" "Mozilla/5.0 (iPhone; CPU iPhone OS 16_0) AppleWebKit/605.1.15 Mobile/15E148"
192.20.167.153 - - [19/Apr/2026:14:18:25 +0000] "GET /api/v1/logout HTTP/1.1" 304 1371 "-" "ReactNativeApp/1.2.3"
80.191.105.108 - - [19/Apr/2026:14:37:23 +0000] "POST /api/v1/login HTTP/1.1" 401 193 "-" "CFNetwork/1400.0.4 Darwin/22.0.0"
80.191.105.108 - - [19/Apr/2026:14:37:29 +0000] "POST /api/v1/login HTTP/1.1" 401 55 "-" "ReactNativeApp/1.2.3"
142.255.14.150 - - [19/Apr/2026:14:27:15 +0000] "GET /api/v1/login HTTP/1.1" 204 2398 "-" "Mozilla/5.0 (iPhone; CPU iPhone OS 16_0) AppleWebKit/605.1.15 Mobile/15E148"
57.182.48.120 - - [19/Apr/2026:14:38:45 +0000] "GET /api/v1/orders HTTP/1.1" 200 1333 "-" "Dart/3.0 (dart:io) - Flutter App"
173.82.203.97 - - [19/Apr/2026:15:07:13 +0000] "GET /api/v1/notifications HTTP/1.1" 429 258 "-" "Dart/3.0 (dart:io) - Flutter App"
211.101.34.75 - - [19/Apr/2026:14:18:45 +0000] "POST /api/v1/notifications HTTP/1.1" 200 4588 "-" "ReactNativeApp/1.2.3"
173.82.203.97 - - [19/Apr/2026:15:07:08 +0000] "GET /api/v1/user/settings HTTP/1.1" 200 550 "-" "Mozilla/5.0 (iPad; CPU OS 16_0 like Mac OS X) AppleWebKit/605.1.15 Mobile/15E148"
172.12.6.2 - - [19/Apr/2026:14:17:10 +0000] "GET /api/v1/login HTTP/1.1" 204 1317 "-" "Mozilla/5.0 (iPad; CPU OS 16_0 like Mac OS X) AppleWebKit/605.1.15 Mobile/15E148"
20.13.183.57 - - [19/Apr/2026:14:20:25 +0000] "GET /api/v1/refresh-token HTTP/1.1" 304 3867 "-" "okhttp/4.11.0"
176.67.137.76 - - [19/Apr/2026:14:42:50 +0000] "GET /api/v1/search HTTP/1.1" 304 4604 "-" "Mozilla/5.0 (iPhone; CPU iPhone OS 16_0) AppleWebKit/605.1.15 Mobile/15E148"
124.200.230.246 - - [19/Apr/2026:15:07:09 +0000] "POST /api/v1/register HTTP/1.1" 429 282 "-" "Dart/3.0 (dart:io) - Flutter App"
57.182.48.120 - - [19/Apr/2026:14:38:10 +0000] "POST /api/v1/search HTTP/1.1" 304 3410 "-" "Dart/3.0 (dart:io) - Flutter App"
4.104.247.41 - - [19/Apr/2026:14:12:20 +0000] "GET /api/v1/orders HTTP/1.1" 200 208 "-" "Mozilla/5.0 (Linux; Android 13; Pixel 7) AppleWebKit/537.36 Mobile Safari/537.36"
91.144.29.215 - - [19/Apr/2026:14:14:45 +0000] "POST /api/v1/search HTTP/1.1" 201 4063 "-" "CFNetwork/1400.0.4 Darwin/22.0.0"
170.4.14.29 - - [19/Apr/2026:14:19:50 +0000] "GET /api/v1/logout HTTP/1.1" 304 2113 "-" "Mozilla/5.0 (iPhone; CPU iPhone OS 16_0) AppleWebKit/605.1.15 Mobile/15E148"
124.200.230.246 - - [19/Apr/2026:15:07:04 +0000] "POST /api/v1/login HTTP/1.1" 429 278 "-" "okhttp/4.11.0"
170.4.14.29 - - [19/Apr/2026:14:36:20 +0000] "GET /api/v1/password-reset HTTP/1.1" 200 1873 "-" "Mozilla/5.0 (iPhone; CPU iPhone OS 16_0) AppleWebKit/605.1.15 Mobile/15E148"
95.181.24.164 - - [19/Apr/2026:14:11:25 +0000] "GET /api/v1/password-reset HTTP/1.1" 200 2660 "-" "okhttp/4.11.0"
124.200.230.246 - - [19/Apr/2026:15:07:16 +0000] "POST /api/v1/logout HTTP/1.1" 200 373 "-" "Mozilla/5.0 (iPad; CPU OS 16_0 like Mac OS X) AppleWebKit/605.1.15 Mobile/15E148"
172.12.6.2 - - [19/Apr/2026:14:12:10 +0000] "GET /api/v1/register HTTP/1.1" 201 4796 "-" "Dart/3.0 (dart:io) - Flutter App"
68.168.53.105 - - [19/Apr/2026:15:37:40 +0000] "GET /api/v1/user/55 HTTP/1.1" 200 145 "-" "Mozilla/5.0 (Linux; Android 13; Pixel 7) AppleWebKit/537.36 Mobile Safari/537.36"
124.200.230.246 - - [19/Apr/2026:15:07:42 +0000] "POST /api/v1/register HTTP/1.1" 429 522 "-" "Dart/3.0 (dart:io) - Flutter App"
75.110.57.65 - - [19/Apr/2026:14:26:00 +0000] "POST /api/v1/user/profile HTTP/1.1" 304 2749 "-" "Mozilla/5.0 (iPad; CPU OS 16_0 like Mac OS X) AppleWebKit/605.1.15 Mobile/15E148"
52.43.193.6 - - [19/Apr/2026:14:28:30 +0000] "GET /api/v1/refresh-token HTTP/1.1" 204 1803 "-" "Mozilla/5.0 (iPad; CPU OS 16_0 like Mac OS X) AppleWebKit/605.1.15 Mobile/15E148"
192.20.167.153 - - [19/Apr/2026:14:45:55 +0000] "GET /api/v1/register HTTP/1.1" 200 2464 "-" "Dart/3.0 (dart:io) - Flutter App"
28.83.139.31 - - [19/Apr/2026:15:37:30 +0000] "GET /api/v1/user/45 HTTP/1.1" 200 242 "-" "okhttp/4.11.0"
163.21.252.197 - - [19/Apr/2026:14:40:35 +0000] "GET /api/v1/logout HTTP/1.1" 200 4665 "-" "Mozilla/5.0 (Linux; Android 13; Pixel 7) AppleWebKit/537.36 Mobile Safari/537.36"
204.239.142.124 - - [19/Apr/2026:14:12:40 +0000] "GET /api/v1/notifications HTTP/1.1" 201 4478 "-" "ReactNativeApp/1.2.3"
131.25.44.7 - - [19/Apr/2026:14:35:00 +0000] "POST /api/v1/user/profile HTTP/1.1" 304 1851 "-" "Mozilla/5.0 (iPad; CPU OS 16_0 like Mac OS X) AppleWebKit/605.1.15 Mobile/15E148"
20.13.183.57 - - [19/Apr/2026:14:43:20 +0000] "GET /api/v1/search HTTP/1.1" 304 3249 "-" "Dart/3.0 (dart:io) - Flutter App"
134.135.119.74 - - [19/Apr/2026:14:44:05 +0000] "POST /api/v1/login HTTP/1.1" 204 1917 "-" "Dart/3.0 (dart:io) - Flutter App"
60.204.245.135 - - [19/Apr/2026:14:42:15 +0000] "GET /api/v1/logout HTTP/1.1" 200 1326 "-" "CFNetwork/1400.0.4 Darwin/22.0.0"
28.83.139.31 - - [19/Apr/2026:15:37:39 +0000] "GET /api/v1/user/54 HTTP/1.1" 200 254 "-" "Mozilla/5.0 (Linux; Android 13; Pixel 7) AppleWebKit/537.36 Mobile Safari/537.36"
91.222.43.202 - - [19/Apr/2026:14:37:19 +0000] "POST /api/v1/login HTTP/1.1" 401 66 "-" "Mozilla/5.0 (Linux; Android 13; Pixel 7) AppleWebKit/537.36 Mobile Safari/537.36"
173.82.203.97 - - [19/Apr/2026:15:07:21 +0000] "POST /api/v1/payment HTTP/1.1" 429 769 "-" "okhttp/4.11.0"
124.200.230.246 - - [19/Apr/2026:15:07:14 +0000] "POST /api/v1/notifications HTTP/1.1" 200 294 "-" "Mozilla/5.0 (Linux; Android 13; Pixel 7) AppleWebKit/537.36 Mobile Safari/537.36"
28.83.139.31 - - [19/Apr/2026:15:37:22 +0000] "GET /api/v1/user/37 HTTP/1.1" 404 343 "-" "okhttp/4.11.0"
178.138.220.235 - - [19/Apr/2026:14:21:40 +0000] "GET /api/v1/refresh-token HTTP/1.1" 200 4399 "-" "CFNetwork/1400.0.4 Darwin/22.0.0"
22.54.92.172 - - [19/Apr/2026:14:28:45 +0000] "GET /api/v1/payment HTTP/1.1" 201 3618 "-" "Mozilla/5.0 (iPad; CPU OS 16_0 like Mac OS X) AppleWebKit/605.1.15 Mobile/15E148"
75.110.57.65 - - [19/Apr/2026:14:42:20 +0000] "GET /api/v1/register HTTP/1.1" 204 224 "-" "ReactNativeApp/1.2.3"
173.82.203.97 - - [19/Apr/2026:15:07:09 +0000] "POST /api/v1/search HTTP/1.1" 200 553 "-" "CFNetwork/1400.0.4 Darwin/22.0.0"
124.200.230.246 - - [19/Apr/2026:15:06:45 +0000] "GET /api/v1/search HTTP/1.1" 429 736 "-" "CFNetwork/1400.0.4 Darwin/22.0.0"
57.182.48.120 - - [19/Apr/2026:14:15:00 +0000] "GET /api/v1/login HTTP/1.1" 200 3401 "-" "Mozilla/5.0 (iPhone; CPU iPhone OS 16_0) AppleWebKit/605.1.15 Mobile/15E148"
124.200.230.246 - - [19/Apr/2026:15:07:35 +0000] "GET /api/v1/search HTTP/1.1" 200 824 "-" "okhttp/4.11.0"
91.144.29.215 - - [19/Apr/2026:14:18:50 +0000] "POST /api/v1/register HTTP/1.1" 200 2388 "-" "ReactNativeApp/1.2.3"
74.88.117.79 - - [19/Apr/2026:14:41:05 +0000] "POST /api/v1/password-reset HTTP/1.1" 200 573 "-" "Mozilla/5.0 (iPhone; CPU iPhone OS 16_0) AppleWebKit/605.1.15 Mobile/15E148"
91.144.29.215 - - [19/Apr/2026:14:43:15 +0000] "GET /api/v1/register HTTP/1.1" 200 2514 "-" "Mozilla/5.0 (iPad; CPU OS 16_0 like Mac OS X) AppleWebKit/605.1.15 Mobile/15E148"
124.200.230.246 - - [19/Apr/2026:15:06:47 +0000] "POST /api/v1/orders HTTP/1.1" 200 122 "-" "Mozilla/5.0 (iPad; CPU OS 16_0 like Mac OS X) AppleWebKit/605.1.15 Mobile/15E148"
124.200.230.246 - - [19/Apr/2026:15:07:37 +0000] "GET /api/v1/payment HTTP/1.1" 200 438 "-" "Mozilla/5.0 (Linux; Android 13; Pixel 7) AppleWebKit/537.36 Mobile Safari/537.36"
124.200.230.246 - - [19/Apr/2026:15:07:41 +0000] "GET /api/v1/login HTTP/1.1" 429 420 "-" "ReactNativeApp/1.2.3"
80.191.105.108 - - [19/Apr/2026:14:36:47 +0000] "POST /api/v1/login HTTP/1.1" 401 50 "-" "ReactNativeApp/1.2.3"
74.88.117.79 - - [19/Apr/2026:14:48:05 +0000] "POST /api/v1/user/settings HTTP/1.1" 200 4773 "-" "CFNetwork/1400.0.4 Darwin/22.0.0"
178.138.220.235 - - [19/Apr/2026:14:09:40 +0000] "GET /api/v1/logout HTTP/1.1" 200 720 "-" "Dart/3.0 (dart:io) - Flutter App"
68.168.53.105 - - [19/Apr/2026:15:36:50 +0000] "GET /api/v1/user/5 HTTP/1.1" 200 355 "-" "okhttp/4.11.0"
28.83.139.31 - - [19/Apr/2026:15:36:47 +0000] "GET /api/v1/user/2 HTTP/1.1" 200 258 "-" "ReactNativeApp/1.2.3"
110.227.2.190 - - [19/Apr/2026:14:32:20 +0000] "POST /api/v1/register HTTP/1.1" 200 3229 "-" "Mozilla/5.0 (Linux; Android 13; Pixel 7) AppleWebKit/537.36 Mobile Safari/537.36"
172.12.6.2 - - [19/Apr/2026:14:12:30 +0000] "POST /api/v1/logout HTTP/1.1" 200 2077 "-" "Dart/3.0 (dart:io) - Flutter App"
174.42.71.156 - - [19/Apr/2026:14:18:00 +0000] "GET /api/v1/notifications HTTP/1.1" 201 3363 "-" "okhttp/4.11.0"
176.86.71.7 - - [19/Apr/2026:14:40:10 +0000] "GET /api/v1/register HTTP/1.1" 200 2878 "-" "Mozilla/5.0 (iPad; CPU OS 16_0 like Mac OS X) AppleWebKit/605.1.15 Mobile/15E148"
110.227.2.190 - - [19/Apr/2026:14:30:20 +0000] "GET /api/v1/user/settings HTTP/1.1" 200 3167 "-" "Dart/3.0 (dart:io) - Flutter App"
22.54.92.172 - - [19/Apr/2026:14:35:55 +0000] "POST /api/v1/orders HTTP/1.1" 200 1299 "-" "Dart/3.0 (dart:io) - Flutter App"
52.43.193.6 - - [19/Apr/2026:14:28:05 +0000] "GET /api/v1/refresh-token HTTP/1.1" 204 1542 "-" "Mozilla/5.0 (iPad; CPU OS 16_0 like Mac OS X) AppleWebKit/605.1.15 Mobile/15E148"
112.77.18.152 - - [19/Apr/2026:14:26:25 +0000] "GET /api/v1/user/settings HTTP/1.1" 200 3994 "-" "Dart/3.0 (dart:io) - Flutter App"
28.83.139.31 - - [19/Apr/2026:15:37:16 +0000] "GET /api/v1/user/31 HTTP/1.1" 200 285 "-" "Dart/3.0 (dart:io) - Flutter App"
142.244.169.201 - - [19/Apr/2026:14:26:05 +0000] "GET /api/v1/user/profile HTTP/1.1" 200 3476 "-" "Mozilla/5.0 (Linux; Android 13; Pixel 7) AppleWebKit/537.36 Mobile Safari/537.36"
173.82.203.97 - - [19/Apr/2026:15:06:54 +0000] "POST /api/v1/user/settings HTTP/1.1" 200 404 "-" "Mozilla/5.0 (iPad; CPU OS 16_0 like Mac OS X) AppleWebKit/605.1.15 Mobile/15E148"
82.243.171.59 - - [19/Apr/2026:14:09:45 +0000] "GET /api/v1/logout HTTP/1.1" 304 3111 "-" "Dart/3.0 (dart:io) - Flutter App"
143.231.12.235 - - [19/Apr/2026:14:28:50 +0000] "GET /api/v1/user/profile HTTP/1.1" 200 461 "-" "Dart/3.0 (dart:io) - Flutter App"
80.191.105.108 - - [19/Apr/2026:14:37:35 +0000] "POST /api/v1/login HTTP/1.1" 401 62 "-" "Dart/3.0 (dart:io) - Flutter App"
41.172.235.157 - - [19/Apr/2026:14:28:00 +0000] "GET /api/v1/products HTTP/1.1" 201 4589 "-" "CFNetwork/1400.0.4 Darwin/22.0.0"
28.83.139.31 - - [19/Apr/2026:15:37:19 +0000] "GET /api/v1/user/34 HTTP/1.1" 200 108 "-" "okhttp/4.11.0"
91.144.29.215 - - [19/Apr/2026:14:40:25 +0000] "GET /api/v1/user/profile HTTP/1.1" 204 483 "-" "Dart/3.0 (dart:io) - Flutter App"
119.134.232.66 - - [19/Apr/2026:14:23:40 +0000] "GET /api/v1/password-reset HTTP/1.1" 201 2306 "-" "ReactNativeApp/1.2.3"
124.200.230.246 - - [19/Apr/2026:15:07:20 +0000] "GET /api/v1/user/profile HTTP/1.1" 429 239 "-" "Mozilla/5.0 (Linux; Android 13; Pixel 7) AppleWebKit/537.36 Mobile Safari/537.36"
93.141.13.218 - - [19/Apr/2026:14:31:10 +0000] "POST /api/v1/payment HTTP/1.1" 200 332 "-" "okhttp/4.11.0"
85.16.113.220 - - [19/Apr/2026:14:44:55 +0000] "GET /api/v1/user/profile HTTP/1.1" 200 852 "-" "Mozilla/5.0 (iPad; CPU OS 16_0 like Mac OS X) AppleWebKit/605.1.15 Mobile/15E148"
80.191.105.108 - - [19/Apr/2026:14:37:01 +0000] "POST /api/v1/login HTTP/1.1" 401 90 "-" "okhttp/4.11.0"
124.200.230.246 - - [19/Apr/2026:15:07:47 +0000] "POST /api/v1/login HTTP/1.1" 200 866 "-" "Mozilla/5.0 (iPhone; CPU iPhone OS 16_0) AppleWebKit/605.1.15 Mobile/15E148"
74.88.117.79 - - [19/Apr/2026:14:36:05 +0000] "GET /api/v1/search HTTP/1.1" 200 3780 "-" "CFNetwork/1400.0.4 Darwin/22.0.0"
28.83.139.31 - - [19/Apr/2026:15:37:44 +0000] "GET /api/v1/user/59 HTTP/1.1" 404 425 "-" "Mozilla/5.0 (Linux; Android 13; Pixel 7) AppleWebKit/537.36 Mobile Safari/537.36"
22.54.92.172 - - [19/Apr/2026:14:29:25 +0000] "POST /api/v1/user/settings HTTP/1.1" 201 3681 "-" "okhttp/4.11.0"
68.168.53.105 - - [19/Apr/2026:15:37:20 +0000] "GET /api/v1/user/35 HTTP/1.1" 200 279 "-" "Dart/3.0 (dart:io) - Flutter App"
74.233.88.137 - - [19/Apr/2026:14:42:00 +0000] "POST /api/v1/logout HTTP/1.1" 304 3515 "-" "Mozilla/5.0 (Linux; Android 13; Pixel 7) AppleWebKit/537.36 Mobile Safari/537.36"
24.22.223.230 - - [19/Apr/2026:14:07:40 +0000] "GET /api/v1/orders HTTP/1.1" 200 3367 "-" "ReactNativeApp/1.2.3"
173.82.203.97 - - [19/Apr/2026:15:06:56 +0000] "GET /api/v1/user/profile HTTP/1.1" 429 179 "-" "okhttp/4.11.0"
52.43.193.6 - - [19/Apr/2026:14:09:05 +0000] "GET /api/v1/refresh-token HTTP/1.1" 204 2524 "-" "Mozilla/5.0 (iPad; CPU OS 16_0 like Mac OS X) AppleWebKit/605.1.15 Mobile/15E148"
124.200.230.246 - - [19/Apr/2026:15:07:00 +0000] "POST /api/v1/password-reset HTTP/1.1" 200 603 "-" "Dart/3.0 (dart:io) - Flutter App"
192.20.167.153 - - [19/Apr/2026:14:17:20 +0000] "GET /api/v1/notifications HTTP/1.1" 201 2303 "-" "Mozilla/5.0 (Linux; Android 13; Pixel 7) AppleWebKit/537.36 Mobile Safari/537.36"
91.222.43.202 - - [19/Apr/2026:14:36:53 +0000] "POST /api/v1/login HTTP/1.1" 401 67 "-" "ReactNativeApp/1.2.3"
28.83.139.31 - - [19/Apr/2026:15:37:23 +0000] "GET /api/v1/user/38 HTTP/1.1" 200 241 "-" "ReactNativeApp/1.2.3"
176.67.137.76 - - [19/Apr/2026:14:34:00 +0000] "GET /api/v1/products HTTP/1.1" 200 3654 "-" "Mozilla/5.0 (Linux; Android 13; Pixel 7) AppleWebKit/537.36 Mobile Safari/537.36"
28.83.139.31 - - [19/Apr/2026:15:37:10 +0000] "GET /api/v1/user/25 HTTP/1.1" 404 389 "-" "Dart/3.0 (dart:io) - Flutter App"
91.222.43.202 - - [19/Apr/2026:14:37:41 +0000] "POST /api/v1/login HTTP/1.1" 401 175 "-" "okhttp/4.11.0"
82.243.171.59 - - [19/Apr/2026:14:09:10 +0000] "GET /api/v1/refresh-token HTTP/1.1" 200 1730 "-" "Dart/3.0 (dart:io) - Flutter App"
173.82.203.97 - - [19/Apr/2026:15:06:51 +0000] "POST /api/v1/search HTTP/1.1" 200 971 "-" "okhttp/4.11.0"
65.15.129.161 - - [19/Apr/2026:14:16:35 +0000] "GET /api/v1/payment HTTP/1.1" 200 216 "-" "Mozilla/5.0 (iPad; CPU OS 16_0 like Mac OS X) AppleWebKit/605.1.15 Mobile/15E148"
80.191.105.108 - - [19/Apr/2026:14:37:19 +0000] "POST /api/v1/login HTTP/1.1" 401 90 "-" "Mozilla/5.0 (iPhone; CPU iPhone OS 16_0) AppleWebKit/605.1.15 Mobile/15E148"
95.181.24.164 - - [19/Apr/2026:14:12:25 +0000] "GET /api/v1/refresh-token HTTP/1.1" 204 4456 "-" "Mozilla/5.0 (iPad; CPU OS 16_0 like Mac OS X) AppleWebKit/605.1.15 Mobile/15E148"
82.243.171.59 - - [19/Apr/2026:14:07:55 +0000] "GET /api/v1/user/profile HTTP/1.1" 304 3168 "-" "Mozilla/5.0 (iPad; CPU OS 16_0 like Mac OS X) AppleWebKit/605.1.15 Mobile/15E148"
80.191.105.108 - - [19/Apr/2026:14:37:07 +0000] "POST /api/v1/login HTTP/1.1" 401 127 "-" "Mozilla/5.0 (iPad; CPU OS 16_0 like Mac OS X) AppleWebKit/605.1.15 Mobile/15E148"
193.240.250.238 - - [19/Apr/2026:14:48:15 +0000] "GET /api/v1/products HTTP/1.1" 304 1176 "-" "CFNetwork/1400.0.4 Darwin/22.0.0"
74.233.88.137 - - [19/Apr/2026:14:34:45 +0000] "GET /api/v1/search HTTP/1.1" 304 2302 "-" "ReactNativeApp/1.2.3"
22.54.92.172 - - [19/Apr/2026:14:26:20 +0000] "GET /api/v1/user/profile HTTP/1.1" 200 4127 "-" "okhttp/4.11.0"
74.233.88.137 - - [19/Apr/2026:14:25:25 +0000] "POST /api/v1/refresh-token HTTP/1.1" 200 3570 "-" "okhttp/4.11.0"
172.53.170.123 - - [19/Apr/2026:14:10:35 +0000] "POST /api/v1/password-reset HTTP/1.1" 304 4542 "-" "okhttp/4.11.0"
57.182.48.120 - - [19/Apr/2026:14:06:45 +0000] "GET /api/v1/products HTTP/1.1" 304 4509 "-" "Mozilla/5.0 (iPhone; CPU iPhone OS 16_0) AppleWebKit/605.1.15 Mobile/15E148"
124.200.230.246 - - [19/Apr/2026:15:06:54 +0000] "GET /api/v1/password-reset HTTP/1.1" 200 352 "-" "CFNetwork/1400.0.4 Darwin/22.0.0"
112.77.18.152 - - [19/Apr/2026:14:21:15 +0000] "GET /api/v1/password-reset HTTP/1.1" 200 1327 "-" "Dart/3.0 (dart:io) - Flutter App"
124.200.230.246 - - [19/Apr/2026:15:07:19 +0000] "POST /api/v1/logout HTTP/1.1" 200 970 "-" "CFNetwork/1400.0.4 Darwin/22.0.0"
17.225.188.150 - - [19/Apr/2026:14:37:03 +0000] "POST /api/v1/login HTTP/1.1" 401 105 "-" "CFNetwork/1400.0.4 Darwin/22.0.0"
68.168.53.105 - - [19/Apr/2026:15:37:11 +0000] "GET /api/v1/user/26 HTTP/1.1" 200 348 "-" "ReactNativeApp/1.2.3"
184.99.113.94 - - [19/Apr/2026:14:23:30 +0000] "GET /api/v1/products HTTP/1.1" 304 2258 "-" "Mozilla/5.0 (iPhone; CPU iPhone OS 16_0) AppleWebKit/605.1.15 Mobile/15E148"
16.245.30.222 - - [19/Apr/2026:14:20:35 +0000] "GET /api/v1/search HTTP/1.1" 201 2706 "-" "okhttp/4.11.0"
41.172.235.157 - - [19/Apr/2026:14:39:35 +0000] "GET /api/v1/search HTTP/1.1" 200 2663 "-" "Mozilla/5.0 (iPhone; CPU iPhone OS 16_0) AppleWebKit/605.1.15 Mobile/15E148"
178.138.220.235 - - [19/Apr/2026:14:27:25 +0000] "POST /api/v1/search HTTP/1.1" 200 431 "-" "Dart/3.0 (dart:io) - Flutter App"
124.200.230.246 - - [19/Apr/2026:15:06:58 +0000] "POST /api/v1/payment HTTP/1.1" 200 748 "-" "CFNetwork/1400.0.4 Darwin/22.0.0"
124.200.230.246 - - [19/Apr/2026:15:07:48 +0000] "GET /api/v1/user/settings HTTP/1.1" 429 637 "-" "Dart/3.0 (dart:io) - Flutter App"
151.116.77.146 - - [19/Apr/2026:14:09:35 +0000] "GET /api/v1/login HTTP/1.1" 304 879 "-" "Dart/3.0 (dart:io) - Flutter App"
20.13.183.57 - - [19/Apr/2026:14:48:10 +0000] "POST /api/v1/refresh-token HTTP/1.1" 200 1081 "-" "Mozilla/5.0 (iPhone; CPU iPhone OS 16_0) AppleWebKit/605.1.15 Mobile/15E148"
85.16.113.220 - - [19/Apr/2026:14:19:55 +0000] "GET /api/v1/user/profile HTTP/1.1" 200 2945 "-" "Mozilla/5.0 (iPad; CPU OS 16_0 like Mac OS X) AppleWebKit/605.1.15 Mobile/15E148"
80.191.105.108 - - [19/Apr/2026:14:37:05 +0000] "POST /api/v1/login HTTP/1.1" 401 111 "-" "Dart/3.0 (dart:io) - Flutter App"
80.191.105.108 - - [19/Apr/2026:14:37:15 +0000] "POST /api/v1/login HTTP/1.1" 401 163 "-" "Dart/3.0 (dart:io) - Flutter App"
193.240.250.238 - - [19/Apr/2026:14:10:50 +0000] "GET /api/v1/user/settings HTTP/1.1" 201 3690 "-" "Mozilla/5.0 (iPad; CPU OS 16_0 like Mac OS X) AppleWebKit/605.1.15 Mobile/15E148"
60.204.245.135 - - [19/Apr/2026:14:45:35 +0000] "GET /api/v1/search HTTP/1.1" 200 2742 "-" "CFNetwork/1400.0.4 Darwin/22.0.0"
186.228.129.165 - - [19/Apr/2026:14:41:00 +0000] "GET /api/v1/register HTTP/1.1" 200 2031 "-" "okhttp/4.11.0"
28.83.139.31 - - [19/Apr/2026:15:36:51 +0000] "GET /api/v1/user/6 HTTP/1.1" 404 352 "-" "okhttp/4.11.0"
124.200.230.246 - - [19/Apr/2026:15:06:58 +0000] "POST /api/v1/password-reset HTTP/1.1" 429 639 "-" "ReactNativeApp/1.2.3"
28.83.139.31 - - [19/Apr/2026:15:37:07 +0000] "GET /api/v1/user/22 HTTP/1.1" 200 304 "-" "Mozilla/5.0 (iPhone; CPU iPhone OS 16_0) AppleWebKit/605.1.15 Mobile/15E148"
80.191.105.108 - - [19/Apr/2026:14:37:41 +0000] "POST /api/v1/login HTTP/1.1" 401 125 "-" "Mozilla/5.0 (iPad; CPU OS 16_0 like Mac OS X) AppleWebKit/605.1.15 Mobile/15E148"
91.144.29.215 - - [19/Apr/2026:14:36:25 +0000] "GET /api/v1/login HTTP/1.1" 200 2621 "-" "okhttp/4.11.0"
124.200.230.246 - - [19/Apr/2026:15:07:31 +0000] "POST /api/v1/password-reset HTTP/1.1" 200 158 "-" "okhttp/4.11.0"
112.77.18.152 - - [19/Apr/2026:14:43:10 +0000] "GET /api/v1/notifications HTTP/1.1" 304 1994 "-" "Mozilla/5.0 (Linux; Android 13; Pixel 7) AppleWebKit/537.36 Mobile Safari/537.36"
172.12.6.2 - - [19/Apr/2026:14:33:00 +0000] "GET /api/v1/notifications HTTP/1.1" 200 2786 "-" "Mozilla/5.0 (iPhone; CPU iPhone OS 16_0) AppleWebKit/605.1.15 Mobile/15E148"
186.228.129.165 - - [19/Apr/2026:14:47:40 +0000] "POST /api/v1/orders HTTP/1.1" 201 2645 "-" "ReactNativeApp/1.2.3"
173.82.203.97 - - [19/Apr/2026:15:06:50 +0000] "GET /api/v1/login HTTP/1.1" 200 627 "-" "Mozilla/5.0 (iPad; CPU OS 16_0 like Mac OS X) AppleWebKit/605.1.15 Mobile/15E148"
36.152.180.183 - - [19/Apr/2026:14:20:55 +0000] "GET /api/v1/logout HTTP/1.1" 200 4468 "-" "okhttp/4.11.0"
124.200.230.246 - - [19/Apr/2026:15:07:48 +0000] "GET /api/v1/user/profile HTTP/1.1" 200 328 "-" "Dart/3.0 (dart:io) - Flutter App"
173.82.203.97 - - [19/Apr/2026:15:07:30 +0000] "POST /api/v1/payment HTTP/1.1" 429 843 "-" "Dart/3.0 (dart:io) - Flutter App"
124.200.230.246 - - [19/Apr/2026:15:06:53 +0000] "GET /api/v1/orders HTTP/1.1" 429 381 "-" "Mozilla/5.0 (Linux; Android 13; Pixel 7) AppleWebKit/537.36 Mobile Safari/537.36"
142.255.14.150 - - [19/Apr/2026:14:35:25 +0000] "GET /api/v1/user/profile HTTP/1.1" 204 3468 "-" "Dart/3.0 (dart:io) - Flutter App"
82.243.171.59 - - [19/Apr/2026:14:30:15 +0000] "GET /api/v1/search HTTP/1.1" 200 2897 "-" "Dart/3.0 (dart:io) - Flutter App"
68.168.53.105 - - [19/Apr/2026:15:37:23 +0000] "GET /api/v1/user/38 HTTP/1.1" 200 374 "-" "Mozilla/5.0 (Linux; Android 13; Pixel 7) AppleWebKit/537.36 Mobile Safari/537.36"
172.12.6.2 - - [19/Apr/2026:14:45:15 +0000] "GET /api/v1/orders HTTP/1.1" 304 3077 "-" "okhttp/4.11.0"
192.20.167.153 - - [19/Apr/2026:14:47:10 +0000] "POST /api/v1/orders HTTP/1.1" 200 450 "-" "Mozilla/5.0 (iPad; CPU OS 16_0 like Mac OS X) AppleWebKit/605.1.15 Mobile/15E148"
85.16.113.220 - - [19/Apr/2026:14:38:15 +0000] "GET /api/v1/refresh-token HTTP/1.1" 201 4691 "-" "Mozilla/5.0 (iPhone; CPU iPhone OS 16_0) AppleWebKit/605.1.15 Mobile/15E148"
124.200.230.246 - - [19/Apr/2026:15:07:51 +0000] "GET /api/v1/user/settings HTTP/1.1" 429 405 "-" "Dart/3.0 (dart:io) - Flutter App"
173.82.203.97 - - [19/Apr/2026:15:07:21 +0000] "POST /api/v1/orders HTTP/1.1" 429 720 "-" "ReactNativeApp/1.2.3"
74.233.88.137 - - [19/Apr/2026:14:43:00 +0000] "GET /api/v1/user/settings HTTP/1.1" 204 4487 "-" "ReactNativeApp/1.2.3"
28.83.139.31 - - [19/Apr/2026:15:37:00 +0000] "GET /api/v1/user/15 HTTP/1.1" 404 147 "-" "CFNetwork/1400.0.4 Darwin/22.0.0"
124.200.230.246 - - [19/Apr/2026:15:07:04 +0000] "POST /api/v1/payment HTTP/1.1" 429 313 "-" "okhttp/4.11.0"
28.83.139.31 - - [19/Apr/2026:15:37:29 +0000] "GET /api/v1/user/44 HTTP/1.1" 404 87 "-" "ReactNativeApp/1.2.3"
142.244.169.201 - - [19/Apr/2026:14:27:45 +0000] "POST /api/v1/payment HTTP/1.1" 200 3406 "-" "Mozilla/5.0 (iPhone; CPU iPhone OS 16_0) AppleWebKit/605.1.15 Mobile/15E148"
112.77.18.152 - - [19/Apr/2026:14:37:35 +0000] "POST /api/v1/notifications HTTP/1.1" 304 1854 "-" "ReactNativeApp/1.2.3"
178.138.220.235 - - [19/Apr/2026:14:41:25 +0000] "GET /api/v1/logout HTTP/1.1" 201 1513 "-" "Mozilla/5.0 (iPhone; CPU iPhone OS 16_0) AppleWebKit/605.1.15 Mobile/15E148"
174.42.71.156 - - [19/Apr/2026:14:23:25 +0000] "GET /api/v1/orders HTTP/1.1" 304 4731 "-" "Mozilla/5.0 (iPad; CPU OS 16_0 like Mac OS X) AppleWebKit/605.1.15 Mobile/15E148"
173.82.203.97 - - [19/Apr/2026:15:07:30 +0000] "GET /api/v1/password-reset HTTP/1.1" 429 501 "-" "ReactNativeApp/1.2.3"
28.83.139.31 - - [19/Apr/2026:15:37:15 +0000] "GET /api/v1/user/30 HTTP/1.1" 200 219 "-" "Mozilla/5.0 (Linux; Android 13; Pixel 7) AppleWebKit/537.36 Mobile Safari/537.36"
36.152.180.183 - - [19/Apr/2026:14:45:45 +0000] "GET /api/v1/refresh-token HTTP/1.1" 304 963 "-" "ReactNativeApp/1.2.3"
91.222.43.202 - - [19/Apr/2026:14:37:21 +0000] "POST /api/v1/login HTTP/1.1" 401 62 "-" "ReactNativeApp/1.2.3"
68.168.53.105 - - [19/Apr/2026:15:37:36 +0000] "GET /api/v1/user/51 HTTP/1.1" 200 105 "-" "Dart/3.0 (dart:io) - Flutter App"
204.239.142.124 - - [19/Apr/2026:14:26:55 +0000] "POST /api/v1/search HTTP/1.1" 304 779 "-" "Dart/3.0 (dart:io) - Flutter App"
91.222.43.202 - - [19/Apr/2026:14:37:25 +0000] "POST /api/v1/login HTTP/1.1" 401 95 "-" "CFNetwork/1400.0.4 Darwin/22.0.0"
124.200.230.246 - - [19/Apr/2026:15:07:10 +0000] "POST /api/v1/orders HTTP/1.1" 200 910 "-" "CFNetwork/1400.0.4 Darwin/22.0.0"
193.240.250.238 - - [19/Apr/2026:14:17:30 +0000] "GET /api/v1/payment HTTP/1.1" 204 3035 "-" "Mozilla/5.0 (iPhone; CPU iPhone OS 16_0) AppleWebKit/605.1.15 Mobile/15E148"
74.233.88.137 - - [19/Apr/2026:14:15:20 +0000] "GET /api/v1/payment HTTP/1.1" 201 3996 "-" "Dart/3.0 (dart:io) - Flutter App"
74.88.117.79 - - [19/Apr/2026:14:47:55 +0000] "GET /api/v1/register HTTP/1.1" 200 4902 "-" "Dart/3.0 (dart:io) - Flutter App"
91.222.43.202 - - [19/Apr/2026:14:36:57 +0000] "POST /api/v1/login HTTP/1.1" 401 166 "-" "ReactNativeApp/1.2.3"
91.222.43.202 - - [19/Apr/2026:14:37:17 +0000] "POST /api/v1/login HTTP/1.1" 401 132 "-" "CFNetwork/1400.0.4 Darwin/22.0.0"
124.200.230.246 - - [19/Apr/2026:15:07:09 +0000] "GET /api/v1/login HTTP/1.1" 429 962 "-" "Mozilla/5.0 (iPhone; CPU iPhone OS 16_0) AppleWebKit/605.1.15 Mobile/15E148"
173.82.203.97 - - [19/Apr/2026:15:06:45 +0000] "POST /api/v1/password-reset HTTP/1.1" 429 168 "-" "Mozilla/5.0 (iPhone; CPU iPhone OS 16_0) AppleWebKit/605.1.15 Mobile/15E148"
173.82.203.97 - - [19/Apr/2026:15:07:00 +0000] "POST /api/v1/user/settings HTTP/1.1" 429 211 "-" "Dart/3.0 (dart:io) - Flutter App"
159.76.73.158 - - [19/Apr/2026:14:21:25 +0000] "POST /api/v1/products HTTP/1.1" 200 1384 "-" "Mozilla/5.0 (Linux; Android 13; Pixel 7) AppleWebKit/537.36 Mobile Safari/537.36"
173.82.203.97 - - [19/Apr/2026:15:07:25 +0000] "POST /api/v1/register HTTP/1.1" 200 320 "-" "Dart/3.0 (dart:io) - Flutter App"
124.200.230.246 - - [19/Apr/2026:15:07:11 +0000] "GET /api/v1/refresh-token HTTP/1.1" 200 678 "-" "Mozilla/5.0 (iPad; CPU OS 16_0 like Mac OS X) AppleWebKit/605.1.15 Mobile/15E148"
80.191.105.108 - - [19/Apr/2026:14:37:55 +0000] "POST /api/v1/login HTTP/1.1" 401 161 "-" "Dart/3.0 (dart:io) - Flutter App"
36.152.180.183 - - [19/Apr/2026:14:21:05 +0000] "GET /api/v1/search HTTP/1.1" 304 1914 "-" "Mozilla/5.0 (iPad; CPU OS 16_0 like Mac OS X) AppleWebKit/605.1.15 Mobile/15E148"
186.228.129.165 - - [19/Apr/2026:14:48:20 +0000] "GET /api/v1/register HTTP/1.1" 204 313 "-" "Mozilla/5.0 (iPad; CPU OS 16_0 like Mac OS X) AppleWebKit/605.1.15 Mobile/15E148"
112.77.18.152 - - [19/Apr/2026:14:22:05 +0000] "POST /api/v1/logout HTTP/1.1" 204 260 "-" "Mozilla/5.0 (Linux; Android 13; Pixel 7) AppleWebKit/537.36 Mobile Safari/537.36"
124.200.230.246 - - [19/Apr/2026:15:06:49 +0000] "POST /api/v1/products HTTP/1.1" 200 620 "-" "okhttp/4.11.0"
173.82.203.97 - - [19/Apr/2026:15:07:16 +0000] "GET /api/v1/user/settings HTTP/1.1" 200 816 "-" "CFNetwork/1400.0.4 Darwin/22.0.0"
174.42.71.156 - - [19/Apr/2026:14:30:05 +0000] "GET /api/v1/logout HTTP/1.1" 200 2257 "-" "Mozilla/5.0 (iPhone; CPU iPhone OS 16_0) AppleWebKit/605.1.15 Mobile/15E148"
124.200.230.246 - - [19/Apr/2026:15:07:05 +0000] "POST /api/v1/refresh-token HTTP/1.1" 200 969 "-" "CFNetwork/1400.0.4 Darwin/22.0.0"
173.82.203.97 - - [19/Apr/2026:15:07:28 +0000] "GET /api/v1/payment HTTP/1.1" 200 204 "-" "Mozilla/5.0 (Linux; Android 13; Pixel 7) AppleWebKit/537.36 Mobile Safari/537.36"
28.83.139.31 - - [19/Apr/2026:15:37:45 +0000] "GET /api/v1/user/60 HTTP/1.1" 200 229 "-" "Mozilla/5.0 (Linux; Android 13; Pixel 7) AppleWebKit/537.36 Mobile Safari/537.36"
184.99.113.94 - - [19/Apr/2026:14:31:20 +0000] "GET /api/v1/notifications HTTP/1.1" 201 4162 "-" "Mozilla/5.0 (iPad; CPU OS 16_0 like Mac OS X) AppleWebKit/605.1.15 Mobile/15E148"
82.243.171.59 - - [19/Apr/2026:14:15:10 +0000] "GET /api/v1/payment HTTP/1.1" 200 2577 "-" "Dart/3.0 (dart:io) - Flutter App"
16.245.30.222 - - [19/Apr/2026:14:23:50 +0000] "GET /api/v1/login HTTP/1.1" 204 358 "-" "Dart/3.0 (dart:io) - Flutter App"
68.168.53.105 - - [19/Apr/2026:15:36:57 +0000] "GET /api/v1/user/12 HTTP/1.1" 404 348 "-" "Dart/3.0 (dart:io) - Flutter App"
17.225.188.150 - - [19/Apr/2026:14:36:53 +0000] "POST /api/v1/login HTTP/1.1" 401 103 "-" "Mozilla/5.0 (iPhone; CPU iPhone OS 16_0) AppleWebKit/605.1.15 Mobile/15E148"
172.12.6.2 - - [19/Apr/2026:14:09:00 +0000] "GET /api/v1/notifications HTTP/1.1" 304 1982 "-" "CFNetwork/1400.0.4 Darwin/22.0.0"
68.168.53.105 - - [19/Apr/2026:15:36:47 +0000] "GET /api/v1/user/2 HTTP/1.1" 200 67 "-" "okhttp/4.11.0"
130.59.115.241 - - [19/Apr/2026:14:33:25 +0000] "GET /api/v1/search HTTP/1.1" 204 4086 "-" "Dart/3.0 (dart:io) - Flutter App"
173.82.203.97 - - [19/Apr/2026:15:07:18 +0000] "GET /api/v1/password-reset HTTP/1.1" 200 155 "-" "Mozilla/5.0 (iPad; CPU OS 16_0 like Mac OS X) AppleWebKit/605.1.15 Mobile/15E148"
91.144.29.215 - - [19/Apr/2026:14:16:40 +0000] "GET /api/v1/notifications HTTP/1.1" 201 4714 "-" "Mozilla/5.0 (iPad; CPU OS 16_0 like Mac OS X) AppleWebKit/605.1.15 Mobile/15E148"
174.42.71.156 - - [19/Apr/2026:14:40:20 +0000] "GET /api/v1/notifications HTTP/1.1" 200 832 "-" "CFNetwork/1400.0.4 Darwin/22.0.0"
178.138.220.235 - - [19/Apr/2026:14:47:00 +0000] "GET /api/v1/register HTTP/1.1" 200 4154 "-" "ReactNativeApp/1.2.3"
80.191.105.108 - - [19/Apr/2026:14:37:39 +0000] "POST /api/v1/login HTTP/1.1" 401 65 "-" "Dart/3.0 (dart:io) - Flutter App"
124.200.230.246 - - [19/Apr/2026:15:07:44 +0000] "GET /api/v1/search HTTP/1.1" 200 161 "-" "ReactNativeApp/1.2.3"
124.200.230.246 - - [19/Apr/2026:15:06:46 +0000] "POST /api/v1/payment HTTP/1.1" 429 940 "-" "CFNetwork/1400.0.4 Darwin/22.0.0"
68.168.53.105 - - [19/Apr/2026:15:37:10 +0000] "GET /api/v1/user/25 HTTP/1.1" 404 148 "-" "ReactNativeApp/1.2.3"
124.200.230.246 - - [19/Apr/2026:15:07:42 +0000] "POST /api/v1/user/profile HTTP/1.1" 200 196 "-" "Dart/3.0 (dart:io) - Flutter App"
17.225.188.150 - - [19/Apr/2026:14:36:57 +0000] "POST /api/v1/login HTTP/1.1" 401 151 "-" "Mozilla/5.0 (Linux; Android 13; Pixel 7) AppleWebKit/537.36 Mobile Safari/537.36"
143.231.12.235 - - [19/Apr/2026:14:41:10 +0000] "GET /api/v1/payment HTTP/1.1" 204 4198 "-" "Dart/3.0 (dart:io) - Flutter App"
52.43.193.6 - - [19/Apr/2026:14:36:15 +0000] "GET /api/v1/orders HTTP/1.1" 204 481 "-" "Dart/3.0 (dart:io) - Flutter App"
124.200.230.246 - - [19/Apr/2026:15:07:19 +0000] "GET /api/v1/products HTTP/1.1" 200 215 "-" "okhttp/4.11.0"
28.83.139.31 - - [19/Apr/2026:15:37:53 +0000] "GET /api/v1/user/68 HTTP/1.1" 404 263 "-" "ReactNativeApp/1.2.3"
173.82.203.97 - - [19/Apr/2026:15:07:24 +0000] "POST /api/v1/products HTTP/1.1" 429 609 "-" "Dart/3.0 (dart:io) - Flutter App"
173.82.203.97 - - [19/Apr/2026:15:07:31 +0000] "POST /api/v1/refresh-token HTTP/1.1" 200 513 "-" "okhttp/4.11.0"
124.200.230.246 - - [19/Apr/2026:15:07:38 +0000] "GET /api/v1/refresh-token HTTP/1.1" 429 766 "-" "ReactNativeApp/1.2.3"
124.200.230.246 - - [19/Apr/2026:15:07:23 +0000] "POST /api/v1/register HTTP/1.1" 200 649 "-" "Mozilla/5.0 (iPad; CPU OS 16_0 like Mac OS X) AppleWebKit/605.1.15 Mobile/15E148"
20.13.183.57 - - [19/Apr/2026:14:40:50 +0000] "GET /api/v1/orders HTTP/1.1" 200 4000 "-" "ReactNativeApp/1.2.3"
134.135.119.74 - - [19/Apr/2026:14:19:15 +0000] "GET /api/v1/refresh-token HTTP/1.1" 200 2222 "-" "Mozilla/5.0 (iPhone; CPU iPhone OS 16_0) AppleWebKit/605.1.15 Mobile/15E148"
112.77.18.152 - - [19/Apr/2026:14:29:55 +0000] "POST /api/v1/refresh-token HTTP/1.1" 200 316 "-" "ReactNativeApp/1.2.3"
193.240.250.238 - - [19/Apr/2026:14:38:35 +0000] "GET /api/v1/logout HTTP/1.1" 204 2536 "-" "CFNetwork/1400.0.4 Darwin/22.0.0"
173.82.203.97 - - [19/Apr/2026:15:06:48 +0000] "GET /api/v1/logout HTTP/1.1" 429 247 "-" "Mozilla/5.0 (iPad; CPU OS 16_0 like Mac OS X) AppleWebKit/605.1.15 Mobile/15E148"
93.141.13.218 - - [19/Apr/2026:14:24:55 +0000] "POST /api/v1/products HTTP/1.1" 204 384 "-" "ReactNativeApp/1.2.3"
16.245.30.222 - - [19/Apr/2026:14:34:15 +0000] "GET /api/v1/register HTTP/1.1" 304 3789 "-" "CFNetwork/1400.0.4 Darwin/22.0.0"
24.22.223.230 - - [19/Apr/2026:14:40:55 +0000] "GET /api/v1/logout HTTP/1.1" 200 4260 "-" "CFNetwork/1400.0.4 Darwin/22.0.0"
124.200.230.246 - - [19/Apr/2026:15:07:51 +0000] "POST /api/v1/logout HTTP/1.1" 200 437 "-" "CFNetwork/1400.0.4 Darwin/22.0.0"
159.76.73.158 - - [19/Apr/2026:14:23:45 +0000] "GET /api/v1/logout HTTP/1.1" 200 4370 "-" "okhttp/4.11.0"
28.83.139.31 - - [19/Apr/2026:15:36:57 +0000] "GET /api/v1/user/12 HTTP/1.1" 200 352 "-" "Dart/3.0 (dart:io) - Flutter App"
204.239.142.124 - - [19/Apr/2026:14:40:05 +0000] "POST /api/v1/notifications HTTP/1.1" 201 2588 "-" "CFNetwork/1400.0.4 Darwin/22.0.0"
93.141.13.218 - - [19/Apr/2026:14:12:00 +0000] "GET /api/v1/logout HTTP/1.1" 304 1578 "-" "Mozilla/5.0 (iPhone; CPU iPhone OS 16_0) AppleWebKit/605.1.15 Mobile/15E148"
42.149.157.56 - - [19/Apr/2026:14:35:05 +0000] "GET /api/v1/search HTTP/1.1" 304 2247 "-" "ReactNativeApp/1.2.3"
124.200.230.246 - - [19/Apr/2026:15:07:55 +0000] "GET /api/v1/payment HTTP/1.1" 429 225 "-" "ReactNativeApp/1.2.3"
24.22.223.230 - - [19/Apr/2026:14:22:50 +0000] "GET /api/v1/login HTTP/1.1" 201 2152 "-" "Mozilla/5.0 (iPhone; CPU iPhone OS 16_0) AppleWebKit/605.1.15 Mobile/15E148"
4.104.247.41 - - [19/Apr/2026:14:21:00 +0000] "POST /api/v1/orders HTTP/1.1" 200 1280 "-" "CFNetwork/1400.0.4 Darwin/22.0.0"
124.200.230.246 - - [19/Apr/2026:15:06:54 +0000] "GET /api/v1/password-reset HTTP/1.1" 200 533 "-" "Dart/3.0 (dart:io) - Flutter App"
124.200.230.246 - - [19/Apr/2026:15:06:47 +0000] "POST /api/v1/user/settings HTTP/1.1" 200 754 "-" "okhttp/4.11.0"
173.82.203.97 - - [19/Apr/2026:15:07:12 +0000] "POST /api/v1/refresh-token HTTP/1.1" 200 848 "-" "Mozilla/5.0 (Linux; Android 13; Pixel 7) AppleWebKit/537.36 Mobile Safari/537.36"
173.82.203.97 - - [19/Apr/2026:15:07:04 +0000] "GET /api/v1/user/settings HTTP/1.1" 200 246 "-" "Dart/3.0 (dart:io) - Flutter App"
85.16.113.220 - - [19/Apr/2026:14:33:40 +0000] "GET /api/v1/notifications HTTP/1.1" 200 559 "-" "ReactNativeApp/1.2.3"
124.200.230.246 - - [19/Apr/2026:15:07:32 +0000] "POST /api/v1/user/settings HTTP/1.1" 429 928 "-" "ReactNativeApp/1.2.3"
28.83.139.31 - - [19/Apr/2026:15:37:57 +0000] "GET /api/v1/user/72 HTTP/1.1" 404 445 "-" "Mozilla/5.0 (iPhone; CPU iPhone OS 16_0) AppleWebKit/605.1.15 Mobile/15E148"
95.181.24.164 - - [19/Apr/2026:14:39:50 +0000] "GET /api/v1/orders HTTP/1.1" 304 4195 "-" "ReactNativeApp/1.2.3"
28.83.139.31 - - [19/Apr/2026:15:37:06 +0000] "GET /api/v1/user/21 HTTP/1.1" 200 442 "-" "Dart/3.0 (dart:io) - Flutter App"
173.82.203.97 - - [19/Apr/2026:15:06:55 +0000] "GET /api/v1/register HTTP/1.1" 429 235 "-" "Mozilla/5.0 (iPhone; CPU iPhone OS 16_0) AppleWebKit/605.1.15 Mobile/15E148"
60.204.245.135 - - [19/Apr/2026:14:39:40 +0000] "GET /api/v1/refresh-token HTTP/1.1" 201 792 "-" "ReactNativeApp/1.2.3"
4.104.247.41 - - [19/Apr/2026:14:34:40 +0000] "GET /api/v1/password-reset HTTP/1.1" 200 4222 "-" "Mozilla/5.0 (Linux; Android 13; Pixel 7) AppleWebKit/537.36 Mobile Safari/537.36"
124.200.230.246 - - [19/Apr/2026:15:07:07 +0000] "POST /api/v1/payment HTTP/1.1" 429 158 "-" "CFNetwork/1400.0.4 Darwin/22.0.0"
91.222.43.202 - - [19/Apr/2026:14:37:43 +0000] "POST /api/v1/login HTTP/1.1" 401 141 "-" "Mozilla/5.0 (iPad; CPU OS 16_0 like Mac OS X) AppleWebKit/605.1.15 Mobile/15E148"
68.168.53.105 - - [19/Apr/2026:15:37:01 +0000] "GET /api/v1/user/16 HTTP/1.1" 200 203 "-" "okhttp/4.11.0"
172.53.170.123 - - [19/Apr/2026:14:13:00 +0000] "POST /api/v1/register HTTP/1.1" 204 3713 "-" "Dart/3.0 (dart:io) - Flutter App"
52.43.193.6 - - [19/Apr/2026:14:31:15 +0000] "GET /api/v1/search HTTP/1.1" 204 3694 "-" "Mozilla/5.0 (iPhone; CPU iPhone OS 16_0) AppleWebKit/605.1.15 Mobile/15E148"
124.200.230.246 - - [19/Apr/2026:15:07:56 +0000] "GET /api/v1/logout HTTP/1.1" 429 277 "-" "Mozilla/5.0 (iPad; CPU OS 16_0 like Mac OS X) AppleWebKit/605.1.15 Mobile/15E148"
28.83.139.31 - - [19/Apr/2026:15:38:00 +0000] "GET /api/v1/user/75 HTTP/1.1" 200 369 "-" "Mozilla/5.0 (iPad; CPU OS 16_0 like Mac OS X) AppleWebKit/605.1.15 Mobile/15E148"
95.181.24.164 - - [19/Apr/2026:14:22:25 +0000] "POST /api/v1/register HTTP/1.1" 201 2928 "-" "Dart/3.0 (dart:io) - Flutter App"
