80.191.105.108 - - [19/Apr/2026:14:37:03 +0000] "POST /api/v1/login HTTP/1.1" 401 144 "-" "Mozilla/5.0 (iPad; CPU OS 16_0 like Mac OS X) AppleWebKit/605.1.15 Mobile/15E148"
68.168.53.105 - - [19/Apr/2026:15:37:33 +0000] "GET /api/v1/user/48 HTTP/1.1" 404 238 "-" "ReactNativeApp/1.2.3"
124.200.230.246 - - [19/Apr/2026:15:07:03 +0000] "POST /api/v1/search HTTP/1.1" 429 445 "-" "Dart/3.0 (dart:io) - Flutter App"
124.200.230.246 - - [19/Apr/2026:15:06:50 +0000] "GET /api/v1/payment HTTP/1.1" 429 443 "-" "Mozilla/5.0 (Linux; Android 13; Pixel 7) AppleWebKit/537.36 Mobile Safari/537.36"
80.191.105.108 - - [19/Apr/2026:14:36:51 +0000] "POST /api/v1/login HTTP/1.1" 401 187 "-" "Mozilla/5.0 (iPhone; CPU iPhone OS 16_0) AppleWebKit/605.1.15 Mobile/15E148"
28.83.139.31 - - [19/Apr/2026:15:37:52 +0000] "GET /api/v1/user/67 HTTP/1.1" 200 339 "-" "ReactNativeApp/1.2.3"
91.144.29.215 - - [19/Apr/2026:14:35:10 +0000] "GET /api/v1/orders HTTP/1.1" 304 4274 "-" "okhttp/4.11.0"
193.240.250.238 - - [19/Apr/2026:14:14:05 +0000] "POST /api/v1/login HTTP/1.1" 201 354 "-" "ReactNativeApp/1.2.3"
172.12.6.2 - - [19/Apr/2026:14:22:55 +0000] "GET /api/v1/products HTTP/1.1" 200 4086 "-" "Mozilla/5.0 (iPhone; CPU iPhone OS 16_0) AppleWebKit/605.1.15 Mobile/15E148"
74.88.117.79 - - [19/Apr/2026:14:36:00 +0000] "GET /api/v1/logout HTTP/1.1" 200 1437 "-" "CFNetwork/1400.0.4 Darwin/22.0.0"
124.200.230.246 - - [19/Apr/2026:15:07:26 +0000] "GET /api/v1/notifications HTTP/1.1" 429 702 "-" "Mozilla/5.0 (iPad; CPU OS 16_0 like Mac OS X) AppleWebKit/605.1.15 Mobile/15E148"
124.200.230.246 - - [19/Apr/2026:15:06:48 +0000] "GET /api/v1/payment HTTP/1.1" 429 172 "-" "Mozilla/5.0 (Linux; Android 13; Pixel 7) AppleWebKit/537.36 Mobile Safari/537.36"
65.15.129.161 - - [19/Apr/2026:14:34:55 +0000] "GET /api/v1/refresh-token HTTP/1.1" 200 810 "-" "Mozilla/5.0 (Linux; Android 13; Pixel 7) AppleWebKit/537.36 Mobile Safari/537.36"
91.144.29.215 - - [19/Apr/2026:14:11:20 +0000] "GET /api/v1/password-reset HTTP/1.1" 200 510 "-" "Mozilla/5.0 (Linux; Android 13; Pixel 7) AppleWebKit/537.36 Mobile Safari/537.36"
124.200.230.246 - - [19/Apr/2026:15:06:52 +0000] "POST /api/v1/user/profile HTTP/1.1" 429 183 "-" "Mozilla/5.0 (Linux; Android 13; Pixel 7) AppleWebKit/537.36 Mobile Safari/537.36"
68.168.53.105 - - [19/Apr/2026:15:37:17 +0000] "GET /api/v1/user/32 HTTP/1.1" 404 311 "-" "Mozilla/5.0 (iPhone; CPU iPhone OS 16_0) AppleWebKit/605.1.15 Mobile/15E148"
173.82.203.97 - - [19/Apr/2026:15:07:19 +0000] "GET /api/v1/search HTTP/1.1" 200 789 "-" "ReactNativeApp/1.2.3"
80.191.105.108 - - [19/Apr/2026:14:37:33 +0000] "POST /api/v1/login HTTP/1.1" 401 99 "-" "Mozilla/5.0 (iPhone; CPU iPhone OS 16_0) AppleWebKit/605.1.15 Mobile/15E148"
173.82.203.97 - - [19/Apr/2026:15:06:59 +0000] "GET /api/v1/login HTTP/1.1" 429 886 "-" "Dart/3.0 (dart:io) - Flutter App"
28.83.139.31 - - [19/Apr/2026:15:37:51 +0000] "GET /api/v1/user/66 HTTP/1.1" 404 417 "-" "okhttp/4.11.0"
211.101.34.75 - - [19/Apr/2026:14:24:20 +0000] "GET /api/v1/user/settings HTTP/1.1" 201 2667 "-" "ReactNativeApp/1.2.3"
173.82.203.97 - - [19/Apr/2026:15:07:14 +0000] "GET /api/v1/logout HTTP/1.1" 200 330 "-" "Mozilla/5.0 (iPad; CPU OS 16_0 like Mac OS X) AppleWebKit/605.1.15 Mobile/15E148"
80.191.105.108 - - [19/Apr/2026:14:37:37 +0000] "POST /api/v1/login HTTP/1.1" 401 72 "-" "Mozilla/5.0 (Linux; Android 13; Pixel 7) AppleWebKit/537.36 Mobile Safari/537.36"
172.53.170.123 - - [19/Apr/2026:14:46:00 +0000] "POST /api/v1/logout HTTP/1.1" 204 3107 "-" "Dart/3.0 (dart:io) - Flutter App"
193.240.250.238 - - [19/Apr/2026:14:34:10 +0000] "POST /api/v1/user/settings HTTP/1.1" 201 1796 "-" "ReactNativeApp/1.2.3"
176.86.71.7 - - [19/Apr/2026:14:45:40 +0000] "POST /api/v1/search HTTP/1.1" 304 4193 "-" "Mozilla/5.0 (iPad; CPU OS 16_0 like Mac OS X) AppleWebKit/605.1.15 Mobile/15E148"
184.99.113.94 - - [19/Apr/2026:14:45:05 +0000] "GET /api/v1/logout HTTP/1.1" 200 2521 "-" "CFNetwork/1400.0.4 Darwin/22.0.0"
68.168.53.105 - - [19/Apr/2026:15:37:13 +0000] "GET /api/v1/user/28 HTTP/1.1" 200 57 "-" "ReactNativeApp/1.2.3"
192.20.167.153 - - [19/Apr/2026:14:38:00 +0000] "GET /api/v1/notifications HTTP/1.1" 204 4112 "-" "Mozilla/5.0 (iPhone; CPU iPhone OS 16_0) AppleWebKit/605.1.15 Mobile/15E148"
80.191.105.108 - - [19/Apr/2026:14:37:17 +0000] "POST /api/v1/login HTTP/1.1" 401 148 "-" "Mozilla/5.0 (iPad; CPU OS 16_0 like Mac OS X) AppleWebKit/605.1.15 Mobile/15E148"
170.4.14.29 - - [19/Apr/2026:14:32:05 +0000] "GET /api/v1/products HTTP/1.1" 200 4772 "-" "Dart/3.0 (dart:io) - Flutter App"
17.225.188.150 - - [19/Apr/2026:14:36:47 +0000] "POST /api/v1/login HTTP/1.1" 401 158 "-" "Mozilla/5.0 (iPhone; CPU iPhone OS 16_0) AppleWebKit/605.1.15 Mobile/15E148"
142.244.169.201 - - [19/Apr/2026:14:47:35 +0000] "GET /api/v1/register HTTP/1.1" 304 1773 "-" "ReactNativeApp/1.2.3"
172.53.170.123 - - [19/Apr/2026:14:34:50 +0000] "GET /api/v1/register HTTP/1.1" 200 698 "-" "Mozilla/5.0 (iPad; CPU OS 16_0 like Mac OS X) AppleWebKit/605.1.15 Mobile/15E148"
176.86.71.7 - - [19/Apr/2026:14:31:35 +0000] "GET /api/v1/login HTTP/1.1" 200 2611 "-" "Mozilla/5.0 (iPhone; CPU iPhone OS 16_0) AppleWebKit/605.1.15 Mobile/15E148"
57.182.48.120 - - [19/Apr/2026:14:45:20 +0000] "GET /api/v1/orders HTTP/1.1" 200 3401 "-" "Mozilla/5.0 (Linux; Android 13; Pixel 7) AppleWebKit/537.36 Mobile Safari/537.36"
173.82.203.97 - - [19/Apr/2026:15:07:01 +0000] "GET /api/v1/notifications HTTP/1.1" 200 297 "-" "Mozilla/5.0 (Linux; Android 13; Pixel 7) AppleWebKit/537.36 Mobile Safari/537.36"
173.82.203.97 - - [19/Apr/2026:15:07:22 +0000] "GET /api/v1/refresh-token HTTP/1.1" 429 120 "-" "ReactNativeApp/1.2.3"
131.25.44.7 - - [19/Apr/2026:14:09:55 +0000] "POST /api/v1/register HTTP/1.1" 204 4325 "-" "CFNetwork/1400.0.4 Darwin/22.0.0"
131.25.44.7 - - [19/Apr/2026:14:24:25 +0000] "POST /api/v1/logout HTTP/1.1" 200 1276 "-" "okhttp/4.11.0"
184.99.113.94 - - [19/Apr/2026:14:13:40 +0000] "GET /api/v1/logout HTTP/1.1" 201 3837 "-" "ReactNativeApp/1.2.3"
116.44.201.78 - - [19/Apr/2026:14:47:30 +0000] "POST /api/v1/register HTTP/1.1" 200 1301 "-" "CFNetwork/1400.0.4 Darwin/22.0.0"
124.200.230.246 - - [19/Apr/2026:15:07:25 +0000] "GET /api/v1/password-reset HTTP/1.1" 200 797 "-" "Mozilla/5.0 (iPhone; CPU iPhone OS 16_0) AppleWebKit/605.1.15 Mobile/15E148"
85.16.113.220 - - [19/Apr/2026:14:37:10 +0000] "GET /api/v1/password-reset HTTP/1.1" 204 2650 "-" "Mozilla/5.0 (iPad; CPU OS 16_0 like Mac OS X) AppleWebKit/605.1.15 Mobile/15E148"
74.233.88.137 - - [19/Apr/2026:14:24:10 +0000] "POST /api/v1/products HTTP/1.1" 200 3418 "-" "Mozilla/5.0 (iPad; CPU OS 16_0 like Mac OS X) AppleWebKit/605.1.15 Mobile/15E148"
134.135.119.74 - - [19/Apr/2026:14:47:05 +0000] "POST /api/v1/user/profile HTTP/1.1" 200 1717 "-" "ReactNativeApp/1.2.3"
173.82.203.97 - - [19/Apr/2026:15:06:47 +0000] "GET /api/v1/logout HTTP/1.1" 429 547 "-" "Mozilla/5.0 (iPhone; CPU iPhone OS 16_0) AppleWebKit/605.1.15 Mobile/15E148"
52.43.193.6 - - [19/Apr/2026:14:24:35 +0000] "GET /api/v1/logout HTTP/1.1" 200 2238 "-" "ReactNativeApp/1.2.3"
124.200.230.246 - - [19/Apr/2026:15:07:34 +0000] "GET /api/v1/products HTTP/1.1" 200 465 "-" "Mozilla/5.0 (iPad; CPU OS 16_0 like Mac OS X) AppleWebKit/605.1.15 Mobile/15E148"
28.83.139.31 - - [19/Apr/2026:15:37:12 +0000] "GET /api/v1/user/27 HTTP/1.1" 404 100 "-" "Mozilla/5.0 (iPhone; CPU iPhone OS 16_0) AppleWebKit/605.1.15 Mobile/15E148"
173.82.203.97 - - [19/Apr/2026:15:07:02 +0000] "GET /api/v1/notifications HTTP/1.1" 200 313 "-" "Mozilla/5.0 (iPhone; CPU iPhone OS 16_0) AppleWebKit/605.1.15 Mobile/15E148"
112.77.18.152 - - [19/Apr/2026:14:08:30 +0000] "POST /api/v1/orders HTTP/1.1" 200 1897 "-" "Mozilla/5.0 (iPhone; CPU iPhone OS 16_0) AppleWebKit/605.1.15 Mobile/15E148"
17.225.188.150 - - [19/Apr/2026:14:36:55 +0000] "POST /api/v1/login HTTP/1.1" 401 127 "-" "Mozilla/5.0 (Linux; Android 13; Pixel 7) AppleWebKit/537.36 Mobile Safari/537.36"
124.200.230.246 - - [19/Apr/2026:15:06:46 +0000] "GET /api/v1/orders HTTP/1.1" 200 226 "-" "CFNetwork/1400.0.4 Darwin/22.0.0"
172.53.170.123 - - [19/Apr/2026:14:32:50 +0000] "GET /api/v1/logout HTTP/1.1" 200 1268 "-" "Dart/3.0 (dart:io) - Flutter App"
170.4.14.29 - - [19/Apr/2026:14:15:45 +0000] "GET /api/v1/orders HTTP/1.1" 304 1685 "-" "Dart/3.0 (dart:io) - Flutter App"
142.255.14.150 - - [19/Apr/2026:14:20:50 +0000] "POST /api/v1/payment HTTP/1.1" 201 4764 "-" "CFNetwork/1400.0.4 Darwin/22.0.0"
130.59.115.241 - - [19/Apr/2026:14:15:25 +0000] "GET /api/v1/refresh-token HTTP/1.1" 200 2697 "-" "Mozilla/5.0 (Linux; Android 13; Pixel 7) AppleWebKit/537.36 Mobile Safari/537.36"
28.83.139.31 - - [19/Apr/2026:15:37:54 +0000] "GET /api/v1/user/69 HTTP/1.1" 404 136 "-" "Mozilla/5.0 (Linux; Android 13; Pixel 7) AppleWebKit/537.36 Mobile Safari/537.36"
124.200.230.246 - - [19/Apr/2026:15:07:31 +0000] "POST /api/v1/search HTTP/1.1" 200 678 "-" "Mozilla/5.0 (iPad; CPU OS 16_0 like Mac OS X) AppleWebKit/605.1.15 Mobile/15E148"
163.21.252.197 - - [19/Apr/2026:14:16:10 +0000] "GET /api/v1/user/settings HTTP/1.1" 304 3351 "-" "Mozilla/5.0 (iPhone; CPU iPhone OS 16_0) AppleWebKit/605.1.15 Mobile/15E148"
173.82.203.97 - - [19/Apr/2026:15:07:14 +0000] "GET /api/v1/refresh-token HTTP/1.1" 429 311 "-" "Mozilla/5.0 (Linux; Android 13; Pixel 7) AppleWebKit/537.36 Mobile Safari/537.36"
93.141.13.218 - - [19/Apr/2026:14:38:40 +0000] "GET /api/v1/user/profile HTTP/1.1" 304 281 "-" "Mozilla/5.0 (iPhone; CPU iPhone OS 16_0) AppleWebKit/605.1.15 Mobile/15E148"
42.149.157.56 - - [19/Apr/2026:14:27:10 +0000] "GET /api/v1/refresh-token HTTP/1.1" 200 1446 "-" "Mozilla/5.0 (Linux; Android 13; Pixel 7) AppleWebKit/537.36 Mobile Safari/537.36"
174.42.71.156 - - [19/Apr/2026:14:33:10 +0000] "GET /api/v1/orders HTTP/1.1" 204 2395 "-" "Mozilla/5.0 (iPad; CPU OS 16_0 like Mac OS X) AppleWebKit/605.1.15 Mobile/15E148"
28.83.139.31 - - [19/Apr/2026:15:37:46 +0000] "GET /api/v1/user/61 HTTP/1.1" 200 436 "-" "Mozilla/5.0 (Linux; Android 13; Pixel 7) AppleWebKit/537.36 Mobile Safari/537.36"
173.82.203.97 - - [19/Apr/2026:15:07:19 +0000] "POST /api/v1/user/profile HTTP/1.1" 429 692 "-" "Dart/3.0 (dart:io) - Flutter App"
4.104.247.41 - - [19/Apr/2026:14:37:45 +0000] "GET /api/v1/refresh-token HTTP/1.1" 200 1824 "-" "Mozilla/5.0 (iPhone; CPU iPhone OS 16_0) AppleWebKit/605.1.15 Mobile/15E148"
22.54.92.172 - - [19/Apr/2026:14:38:05 +0000] "POST /api/v1/products HTTP/1.1" 304 3510 "-" "Dart/3.0 (dart:io) - Flutter App"
80.191.105.108 - - [19/Apr/2026:14:37:31 +0000] "POST /api/v1/login HTTP/1.1" 401 96 "-" "CFNetwork/1400.0.4 Darwin/22.0.0"
124.200.230.246 - - [19/Apr/2026:15:06:45 +0000] "GET /api/v1/login HTTP/1.1" 200 150 "-" "Dart/3.0 (dart:io) - Flutter App"
52.43.193.6 - - [19/Apr/2026:14:26:45 +0000] "GET /api/v1/payment HTTP/1.1" 200 1860 "-" "Dart/3.0 (dart:io) - Flutter App"
151.116.77.146 - - [19/Apr/2026:14:44:30 +0000] "GET /api/v1/user/settings HTTP/1.1" 304 2149 "-" "Mozilla/5.0 (iPad; CPU OS 16_0 like Mac OS X) AppleWebKit/605.1.15 Mobile/15E148"
163.21.252.197 - - [19/Apr/2026:14:20:40 +0000] "GET /api/v1/login HTTP/1.1" 204 317 "-" "okhttp/4.11.0"
116.44.201.78 - - [19/Apr/2026:14:13:55 +0000] "GET /api/v1/login HTTP/1.1" 200 1236 "-" "Mozilla/5.0 (Linux; Android 13; Pixel 7) AppleWebKit/537.36 Mobile Safari/537.36"
134.135.119.74 - - [19/Apr/2026:14:47:45 +0000] "POST /api/v1/user/profile HTTP/1.1" 200 783 "-" "CFNetwork/1400.0.4 Darwin/22.0.0"
211.101.34.75 - - [19/Apr/2026:14:17:00 +0000] "GET /api/v1/password-reset HTTP/1.1" 200 1945 "-" "Mozilla/5.0 (iPad; CPU OS 16_0 like Mac OS X) AppleWebKit/605.1.15 Mobile/15E148"
68.168.53.105 - - [19/Apr/2026:15:37:12 +0000] "GET /api/v1/user/27 HTTP/1.1" 200 403 "-" "Mozilla/5.0 (iPhone; CPU iPhone OS 16_0) AppleWebKit/605.1.15 Mobile/15E148"
124.200.230.246 - - [19/Apr/2026:15:07:24 +0000] "POST /api/v1/register HTTP/1.1" 429 763 "-" "Dart/3.0 (dart:io) - Flutter App"
91.222.43.202 - - [19/Apr/2026:14:37:49 +0000] "POST /api/v1/login HTTP/1.1" 401 111 "-" "Mozilla/5.0 (iPad; CPU OS 16_0 like Mac OS X) AppleWebKit/605.1.15 Mobile/15E148"
173.82.203.97 - - [19/Apr/2026:15:07:23 +0000] "GET /api/v1/register HTTP/1.1" 200 413 "-" "Dart/3.0 (dart:io) - Flutter App"
184.99.113.94 - - [19/Apr/2026:14:09:30 +0000] "GET /api/v1/payment HTTP/1.1" 201 3806 "-" "Mozilla/5.0 (Linux; Android 13; Pixel 7) AppleWebKit/537.36 Mobile Safari/537.36"
173.82.203.97 - - [19/Apr/2026:15:07:16 +0000] "GET /api/v1/payment HTTP/1.1" 200 272 "-" "Dart/3.0 (dart:io) - Flutter App"
124.200.230.246 - - [19/Apr/2026:15:06:55 +0000] "GET /api/v1/orders HTTP/1.1" 429 327 "-" "ReactNativeApp/1.2.3"
184.149.8.60 - - [19/Apr/2026:14:19:40 +0000] "GET /api/v1/products HTTP/1.1" 200 3185 "-" "Mozilla/5.0 (iPhone; CPU iPhone OS 16_0) AppleWebKit/605.1.15 Mobile/15E148"
65.15.129.161 - - [19/Apr/2026:14:30:50 +0000] "GET /api/v1/payment HTTP/1.1" 201 1322 "-" "ReactNativeApp/1.2.3"
124.200.230.246 - - [19/Apr/2026:15:06:56 +0000] "POST /api/v1/register HTTP/1.1" 429 865 "-" "CFNetwork/1400.0.4 Darwin/22.0.0"
68.168.53.105 - - [19/Apr/2026:15:36:59 +0000] "GET /api/v1/user/14 HTTP/1.1" 404 60 "-" "Dart/3.0 (dart:io) - Flutter App"
214.6.38.216 - - [19/Apr/2026:14:14:20 +0000] "POST /api/v1/user/profile HTTP/1.1" 200 3921 "-" "okhttp/4.11.0"
170.4.14.29 - - [19/Apr/2026:14:28:20 +0000] "GET /api/v1/user/settings HTTP/1.1" 200 3463 "-" "Mozilla/5.0 (iPhone; CPU iPhone OS 16_0) AppleWebKit/605.1.15 Mobile/15E148"
131.25.44.7 - - [19/Apr/2026:14:21:45 +0000] "POST /api/v1/login HTTP/1.1" 200 4790 "-" "ReactNativeApp/1.2.3"
174.42.71.156 - - [19/Apr/2026:14:38:30 +0000] "GET /api/v1/user/profile HTTP/1.1" 204 1219 "-" "Mozilla/5.0 (iPad; CPU OS 16_0 like Mac OS X) AppleWebKit/605.1.15 Mobile/15E148"
4.104.247.41 - - [19/Apr/2026:14:14:15 +0000] "GET /api/v1/products HTTP/1.1" 201 388 "-" "CFNetwork/1400.0.4 Darwin/22.0.0"
68.168.53.105 - - [19/Apr/2026:15:36:46 +0000] "GET /api/v1/user/1 HTTP/1.1" 404 227 "-" "Dart/3.0 (dart:io) - Flutter App"
159.76.73.158 - - [19/Apr/2026:14:29:20 +0000] "GET /api/v1/user/profile HTTP/1.1" 204 3459 "-" "okhttp/4.11.0"
93.141.13.218 - - [19/Apr/2026:14:27:20 +0000] "POST /api/v1/notifications HTTP/1.1" 200 3256 "-" "ReactNativeApp/1.2.3"
68.168.53.105 - - [19/Apr/2026:15:37:18 +0000] "GET /api/v1/user/33 HTTP/1.1" 404 492 "-" "Mozilla/5.0 (iPad; CPU OS 16_0 like Mac OS X) AppleWebKit/605.1.15 Mobile/15E148"
68.168.53.105 - - [19/Apr/2026:15:37:39 +0000] "GET /api/v1/user/54 HTTP/1.1" 200 226 "-" "Dart/3.0 (dart:io) - Flutter App"
17.225.188.150 - - [19/Apr/2026:14:37:31 +0000] "POST /api/v1/login HTTP/1.1" 401 192 "-" "ReactNativeApp/1.2.3"
124.200.230.246 - - [19/Apr/2026:15:07:00 +0000] "POST /api/v1/search HTTP/1.1" 200 556 "-" "okhttp/4.11.0"
130.59.115.241 - - [19/Apr/2026:14:31:30 +0000] "GET /api/v1/payment HTTP/1.1" 201 719 "-" "Mozilla/5.0 (iPad; CPU OS 16_0 like Mac OS X) AppleWebKit/605.1.15 Mobile/15E148"
173.82.203.97 - - [19/Apr/2026:15:07:13 +0000] "GET /api/v1/password-reset HTTP/1.1" 429 854 "-" "Dart/3.0 (dart:io) - Flutter App"
17.225.188.150 - - [19/Apr/2026:14:37:23 +0000] "POST /api/v1/login HTTP/1.1" 401 73 "-" "Mozilla/5.0 (iPad; CPU OS 16_0 like Mac OS X) AppleWebKit/605.1.15 Mobile/15E148"
134.135.119.74 - - [19/Apr/2026:14:15:30 +0000] "GET /api/v1/logout HTTP/1.1" 201 2586 "-" "CFNetwork/1400.0.4 Darwin/22.0.0"
134.135.119.74 - - [19/Apr/2026:14:23:55 +0000] "GET /api/v1/password-reset HTTP/1.1" 204 3815 "-" "Dart/3.0 (dart:io) - Flutter App"
173.82.203.97 - - [19/Apr/2026:15:07:15 +0000] "POST /api/v1/login HTTP/1.1" 429 176 "-" "Mozilla/5.0 (Linux; Android 13; Pixel 7) AppleWebKit/537.36 Mobile Safari/537.36"
142.255.14.150 - - [19/Apr/2026:14:46:40 +0000] "GET /api/v1/products HTTP/1.1" 200 2949 "-" "CFNetwork/1400.0.4 Darwin/22.0.0"
68.168.53.105 - - [19/Apr/2026:15:36:55 +0000] "GET /api/v1/user/10 HTTP/1.1" 200 97 "-" "Mozilla/5.0 (iPad; CPU OS 16_0 like Mac OS X) AppleWebKit/605.1.15 Mobile/15E148"
124.200.230.246 - - [19/Apr/2026:15:07:07 +0000] "POST /api/v1/refresh-token HTTP/1.1" 429 495 "-" "Mozilla/5.0 (iPad; CPU OS 16_0 like Mac OS X) AppleWebKit/605.1.15 Mobile/15E148"
173.82.203.97 - - [19/Apr/2026:15:07:17 +0000] "GET /api/v1/products HTTP/1.1" 429 934 "-" "Mozilla/5.0 (iPhone; CPU iPhone OS 16_0) AppleWebKit/605.1.15 Mobile/15E148"
124.200.230.246 - - [19/Apr/2026:15:06:51 +0000] "POST /api/v1/user/profile HTTP/1.1" 429 638 "-" "ReactNativeApp/1.2.3"
151.116.77.146 - - [19/Apr/2026:14:25:50 +0000] "GET /api/v1/notifications HTTP/1.1" 200 3212 "-" "okhttp/4.11.0"
170.4.14.29 - - [19/Apr/2026:14:48:00 +0000] "POST /api/v1/search HTTP/1.1" 204 735 "-" "ReactNativeApp/1.2.3"
16.245.30.222 - - [19/Apr/2026:14:41:45 +0000] "GET /api/v1/password-reset HTTP/1.1" 304 4877 "-" "okhttp/4.11.0"
130.59.115.241 - - [19/Apr/2026:14:29:35 +0000] "GET /api/v1/logout HTTP/1.1" 200 2972 "-" "CFNetwork/1400.0.4 Darwin/22.0.0"
124.200.230.246 - - [19/Apr/2026:15:07:46 +0000] "POST /api/v1/login HTTP/1.1" 200 258 "-" "Mozilla/5.0 (Linux; Android 13; Pixel 7) AppleWebKit/537.36 Mobile Safari/537.36"
143.231.12.235 - - [19/Apr/2026:14:36:50 +0000] "POST /api/v1/search HTTP/1.1" 204 4053 "-" "CFNetwork/1400.0.4 Darwin/22.0.0"
124.200.230.246 - - [19/Apr/2026:15:07:43 +0000] "POST /api/v1/payment HTTP/1.1" 429 355 "-" "Dart/3.0 (dart:io) - Flutter App"
124.200.230.246 - - [19/Apr/2026:15:06:51 +0000] "GET /api/v1/register HTTP/1.1" 200 371 "-" "Mozilla/5.0 (iPad; CPU OS 16_0 like Mac OS X) AppleWebKit/605.1.15 Mobile/15E148"
193.240.250.238 - - [19/Apr/2026:14:37:25 +0000] "POST /api/v1/user/settings HTTP/1.1" 200 4685 "-" "Mozilla/5.0 (Linux; Android 13; Pixel 7) AppleWebKit/537.36 Mobile Safari/537.36"
131.25.44.7 - - [19/Apr/2026:14:30:25 +0000] "GET /api/v1/user/settings HTTP/1.1" 304 1127 "-" "CFNetwork/1400.0.4 Darwin/22.0.0"
68.168.53.105 - - [19/Apr/2026:15:37:19 +0000] "GET /api/v1/user/34 HTTP/1.1" 404 316 "-" "Mozilla/5.0 (Linux; Android 13; Pixel 7) AppleWebKit/537.36 Mobile Safari/537.36"
68.168.53.105 - - [19/Apr/2026:15:37:24 +0000] "GET /api/v1/user/39 HTTP/1.1" 404 191 "-" "Mozilla/5.0 (iPhone; CPU iPhone OS 16_0) AppleWebKit/605.1.15 Mobile/15E148"
142.255.14.150 - - [19/Apr/2026:14:30:00 +0000] "GET /api/v1/user/profile HTTP/1.1" 201 4283 "-" "okhttp/4.11.0"
124.200.230.246 - - [19/Apr/2026:15:07:11 +0000] "GET /api/v1/logout HTTP/1.1" 429 209 "-" "Mozilla/5.0 (iPad; CPU OS 16_0 like Mac OS X) AppleWebKit/605.1.15 Mobile/15E148"
74.88.117.79 - - [19/Apr/2026:14:25:35 +0000] "GET /api/v1/orders HTTP/1.1" 200 621 "-" "ReactNativeApp/1.2.3"
54.186.111.7 - - [19/Apr/2026:14:06:50 +0000] "GET /api/v1/notifications HTTP/1.1" 201 2009 "-" "okhttp/4.11.0"
22.54.92.172 - - [19/Apr/2026:14:19:00 +0000] "GET /api/v1/user/settings HTTP/1.1" 204 4268 "-" "Mozilla/5.0 (iPad; CPU OS 16_0 like Mac OS X) AppleWebKit/605.1.15 Mobile/15E148"
173.82.203.97 - - [19/Apr/2026:15:07:33 +0000] "POST /api/v1/login HTTP/1.1" 200 310 "-" "Mozilla/5.0 (iPad; CPU OS 16_0 like Mac OS X) AppleWebKit/605.1.15 Mobile/15E148"
173.82.203.97 - - [19/Apr/2026:15:07:20 +0000] "GET /api/v1/login HTTP/1.1" 429 548 "-" "Dart/3.0 (dart:io) - Flutter App"
119.134.232.66 - - [19/Apr/2026:14:14:00 +0000] "GET /api/v1/refresh-token HTTP/1.1" 304 1552 "-" "Mozilla/5.0 (iPhone; CPU iPhone OS 16_0) AppleWebKit/605.1.15 Mobile/15E148"
28.83.139.31 - - [19/Apr/2026:15:37:36 +0000] "GET /api/v1/user/51 HTTP/1.1" 200 321 "-" "Dart/3.0 (dart:io) - Flutter App"
28.83.139.31 - - [19/Apr/2026:15:37:42 +0000] "GET /api/v1/user/57 HTTP/1.1" 200 104 "-" "okhttp/4.11.0"
20.13.183.57 - - [19/Apr/2026:14:42:30 +0000] "GET /api/v1/login HTTP/1.1" 200 1179 "-" "ReactNativeApp/1.2.3"
124.200.230.246 - - [19/Apr/2026:15:07:45 +0000] "POST /api/v1/refresh-token HTTP/1.1" 429 191 "-" "Mozilla/5.0 (Linux; Android 13; Pixel 7) AppleWebKit/537.36 Mobile Safari/537.36"
17.225.188.150 - - [19/Apr/2026:14:36:45 +0000] "POST /api/v1/login HTTP/1.1" 401 169 "-" "okhttp/4.11.0"
80.191.105.108 - - [19/Apr/2026:14:37:25 +0000] "POST /api/v1/login HTTP/1.1" 401 128 "-" "CFNetwork/1400.0.4 Darwin/22.0.0"
173.82.203.97 - - [19/Apr/2026:15:07:32 +0000] "POST /api/v1/login HTTP/1.1" 429 385 "-" "Dart/3.0 (dart:io) - Flutter App"
124.200.230.246 - - [19/Apr/2026:15:07:30 +0000] "POST /api/v1/login HTTP/1.1" 429 701 "-" "Mozilla/5.0 (iPhone; CPU iPhone OS 16_0) AppleWebKit/605.1.15 Mobile/15E148"
28.83.139.31 - - [19/Apr/2026:15:37:40 +0000] "GET /api/v1/user/55 HTTP/1.1" 404 198 "-" "CFNetwork/1400.0.4 Darwin/22.0.0"
214.6.38.216 - - [19/Apr/2026:14:14:50 +0000] "GET /api/v1/user/settings HTTP/1.1" 200 3284 "-" "Mozilla/5.0 (iPad; CPU OS 16_0 like Mac OS X) AppleWebKit/605.1.15 Mobile/15E148"
124.200.230.246 - - [19/Apr/2026:15:07:01 +0000] "POST /api/v1/user/settings HTTP/1.1" 200 426 "-" "Mozilla/5.0 (Linux; Android 13; Pixel 7) AppleWebKit/537.36 Mobile Safari/537.36"
173.82.203.97 - - [19/Apr/2026:15:07:27 +0000] "POST /api/v1/user/profile HTTP/1.1" 200 575 "-" "Mozilla/5.0 (iPhone; CPU iPhone OS 16_0) AppleWebKit/605.1.15 Mobile/15E148"
142.255.14.150 - - [19/Apr/2026:14:44:45 +0000] "GET /api/v1/payment HTTP/1.1" 200 1208 "-" "Mozilla/5.0 (Linux; Android 13; Pixel 7) AppleWebKit/537.36 Mobile Safari/537.36"
173.82.203.97 - - [19/Apr/2026:15:07:26 +0000] "POST /api/v1/login HTTP/1.1" 429 732 "-" "Mozilla/5.0 (iPad; CPU OS 16_0 like Mac OS X) AppleWebKit/605.1.15 Mobile/15E148"
95.181.24.164 - - [19/Apr/2026:14:16:30 +0000] "GET /api/v1/orders HTTP/1.1" 200 428 "-" "ReactNativeApp/1.2.3"
184.99.113.94 - - [19/Apr/2026:14:19:20 +0000] "GET /api/v1/user/settings HTTP/1.1" 201 1541 "-" "Mozilla/5.0 (iPhone; CPU iPhone OS 16_0) AppleWebKit/605.1.15 Mobile/15E148"
143.231.12.235 - - [19/Apr/2026:14:16:15 +0000] "POST /api/v1/register HTTP/1.1" 200 2399 "-" "Mozilla/5.0 (iPhone; CPU iPhone OS 16_0) AppleWebKit/605.1.15 Mobile/15E148"
142.244.169.201 - - [19/Apr/2026:14:29:45 +0000] "GET /api/v1/user/settings HTTP/1.1" 201 4464 "-" "Dart/3.0 (dart:io) - Flutter App"
174.42.71.156 - - [19/Apr/2026:14:32:40 +0000] "GET /api/v1/logout HTTP/1.1" 200 259 "-" "ReactNativeApp/1.2.3"
110.227.2.190 - - [19/Apr/2026:14:29:40 +0000] "GET /api/v1/user/settings HTTP/1.1" 200 2067 "-" "Mozilla/5.0 (iPad; CPU OS 16_0 like Mac OS X) AppleWebKit/605.1.15 Mobile/15E148"
124.200.230.246 - - [19/Apr/2026:15:07:41 +0000] "GET /api/v1/logout HTTP/1.1" 429 547 "-" "ReactNativeApp/1.2.3"
91.222.43.202 - - [19/Apr/2026:14:37:11 +0000] "POST /api/v1/login HTTP/1.1" 401 98 "-" "ReactNativeApp/1.2.3"
134.135.119.74 - - [19/Apr/2026:14:21:35 +0000] "GET /api/v1/user/settings HTTP/1.1" 204 1985 "-" "Mozilla/5.0 (iPad; CPU OS 16_0 like Mac OS X) AppleWebKit/605.1.15 Mobile/15E148"
124.200.230.246 - - [19/Apr/2026:15:07:33 +0000] "GET /api/v1/products HTTP/1.1" 429 536 "-" "Dart/3.0 (dart:io) - Flutter App"
22.54.92.172 - - [19/Apr/2026:14:29:05 +0000] "GET /api/v1/user/profile HTTP/1.1" 304 3975 "-" "okhttp/4.11.0"
124.200.230.246 - - [19/Apr/2026:15:07:22 +0000] "GET /api/v1/password-reset HTTP/1.1" 429 960 "-" "Mozilla/5.0 (iPad; CPU OS 16_0 like Mac OS X) AppleWebKit/605.1.15 Mobile/15E148"
68.168.53.105 - - [19/Apr/2026:15:37:14 +0000] "GET /api/v1/user/29 HTTP/1.1" 200 231 "-" "Mozilla/5.0 (iPhone; CPU iPhone OS 16_0) AppleWebKit/605.1.15 Mobile/15E148"
95.181.24.164 - - [19/Apr/2026:14:22:35 +0000] "POST /api/v1/orders HTTP/1.1" 200 1344 "-" "Mozilla/5.0 (Linux; Android 13; Pixel 7) AppleWebKit/537.36 Mobile Safari/537.36"
119.134.232.66 - - [19/Apr/2026:14:19:45 +0000] "GET /api/v1/user/settings HTTP/1.1" 200 3722 "-" "Mozilla/5.0 (Linux; Android 13; Pixel 7) AppleWebKit/537.36 Mobile Safari/537.36"
173.82.203.97 - - [19/Apr/2026:15:07:35 +0000] "POST /api/v1/login HTTP/1.1" 200 977 "-" "ReactNativeApp/1.2.3"
172.53.170.123 - - [19/Apr/2026:14:06:55 +0000] "POST /api/v1/register HTTP/1.1" 204 322 "-" "Mozilla/5.0 (iPad; CPU OS 16_0 like Mac OS X) AppleWebKit/605.1.15 Mobile/15E148"
173.82.203.97 - - [19/Apr/2026:15:07:05 +0000] "POST /api/v1/notifications HTTP/1.1" 429 205 "-" "ReactNativeApp/1.2.3"
124.200.230.246 - - [19/Apr/2026:15:07:43 +0000] "GET /api/v1/payment HTTP/1.1" 429 741 "-" "ReactNativeApp/1.2.3"
65.15.129.161 - - [19/Apr/2026:14:14:35 +0000] "GET /api/v1/user/settings HTTP/1.1" 304 2572 "-" "Mozilla/5.0 (Linux; Android 13; Pixel 7) AppleWebKit/537.36 Mobile Safari/537.36"
74.233.88.137 - - [19/Apr/2026:14:24:30 +0000] "GET /api/v1/register HTTP/1.1" 204 3092 "-" "CFNetwork/1400.0.4 Darwin/22.0.0"
112.77.18.152 - - [19/Apr/2026:14:28:10 +0000] "GET /api/v1/payment HTTP/1.1" 204 3270 "-" "Mozilla/5.0 (iPad; CPU OS 16_0 like Mac OS X) AppleWebKit/605.1.15 Mobile/15E148"
173.82.203.97 - - [19/Apr/2026:15:07:31 +0000] "GET /api/v1/user/settings HTTP/1.1" 429 322 "-" "Mozilla/5.0 (Linux; Android 13; Pixel 7) AppleWebKit/537.36 Mobile Safari/537.36"
17.225.188.150 - - [19/Apr/2026:14:37:07 +0000] "POST /api/v1/login HTTP/1.1" 401 164 "-" "Mozilla/5.0 (Linux; Android 13; Pixel 7) AppleWebKit/537.36 Mobile Safari/537.36"
17.225.188.150 - - [19/Apr/2026:14:37:29 +0000] "POST /api/v1/login HTTP/1.1" 401 142 "-" "okhttp/4.11.0"
4.104.247.41 - - [19/Apr/2026:14:18:20 +0000] "GET /api/v1/refresh-token HTTP/1.1" 200 2594 "-" "Mozilla/5.0 (iPhone; CPU iPhone OS 16_0) AppleWebKit/605.1.15 Mobile/15E148"
75.110.57.65 - - [19/Apr/2026:14:37:20 +0000] "GET /api/v1/user/settings HTTP/1.1" 201 3024 "-" "Dart/3.0 (dart:io) - Flutter App"
95.181.24.164 - - [19/Apr/2026:14:14:25 +0000] "GET /api/v1/password-reset HTTP/1.1" 200 303 "-" "Mozilla/5.0 (Linux; Android 13; Pixel 7) AppleWebKit/537.36 Mobile Safari/537.36"
214.6.38.216 - - [19/Apr/2026:14:36:35 +0000] "GET /api/v1/user/settings HTTP/1.1" 200 1086 "-" "CFNetwork/1400.0.4 Darwin/22.0.0"
20.13.183.57 - - [19/Apr/2026:14:43:55 +0000] "GET /api/v1/orders HTTP/1.1" 200 4830 "-" "CFNetwork/1400.0.4 Darwin/22.0.0"
68.168.53.105 - - [19/Apr/2026:15:36:48 +0000] "GET /api/v1/user/3 HTTP/1.1" 404 123 "-" "Mozilla/5.0 (Linux; Android 13; Pixel 7) AppleWebKit/537.36 Mobile Safari/537.36"
36.152.180.183 - - [19/Apr/2026:14:30:40 +0000] "GET /api/v1/refresh-token HTTP/1.1" 200 624 "-" "Mozilla/5.0 (Linux; Android 13; Pixel 7) AppleWebKit/537.36 Mobile Safari/537.36"
143.231.12.235 - - [19/Apr/2026:14:11:05 +0000] "GET /api/v1/payment HTTP/1.1" 200 3394 "-" "Mozilla/5.0 (Linux; Android 13; Pixel 7) AppleWebKit/537.36 Mobile Safari/537.36"
79.183.21.67 - - [19/Apr/2026:14:32:35 +0000] "GET /api/v1/user/profile HTTP/1.1" 200 2293 "-" "Mozilla/5.0 (iPhone; CPU iPhone OS 16_0) AppleWebKit/605.1.15 Mobile/15E148"
124.200.230.246 - - [19/Apr/2026:15:07:46 +0000] "POST /api/v1/register HTTP/1.1" 429 600 "-" "Mozilla/5.0 (iPhone; CPU iPhone OS 16_0) AppleWebKit/605.1.15 Mobile/15E148"
65.15.129.161 - - [19/Apr/2026:14:38:50 +0000] "GET /api/v1/register HTTP/1.1" 204 2550 "-" "Mozilla/5.0 (iPhone; CPU iPhone OS 16_0) AppleWebKit/605.1.15 Mobile/15E148"
57.182.48.120 - - [19/Apr/2026:14:37:30 +0000] "GET /api/v1/products HTTP/1.1" 201 1762 "-" "Dart/3.0 (dart:io) - Flutter App"
124.200.230.246 - - [19/Apr/2026:15:07:38 +0000] "POST /api/v1/products HTTP/1.1" 429 385 "-" "Dart/3.0 (dart:io) - Flutter App"
4.104.247.41 - - [19/Apr/2026:14:24:40 +0000] "GET /api/v1/payment HTTP/1.1" 304 401 "-" "CFNetwork/1400.0.4 Darwin/22.0.0"
142.244.169.201 - - [19/Apr/2026:14:40:45 +0000] "GET /api/v1/register HTTP/1.1" 204 3438 "-" "Mozilla/5.0 (iPhone; CPU iPhone OS 16_0) AppleWebKit/605.1.15 Mobile/15E148"
173.82.203.97 - - [19/Apr/2026:15:06:53 +0000] "GET /api/v1/user/settings HTTP/1.1" 429 213 "-" "Dart/3.0 (dart:io) - Flutter App"
22.54.92.172 - - [19/Apr/2026:14:39:55 +0000] "GET /api/v1/register HTTP/1.1" 204 4406 "-" "Mozilla/5.0 (Linux; Android 13; Pixel 7) AppleWebKit/537.36 Mobile Safari/537.36"
173.82.203.97 - - [19/Apr/2026:15:06:52 +0000] "POST /api/v1/logout HTTP/1.1" 429 933 "-" "Dart/3.0 (dart:io) - Flutter App"
68.168.53.105 - - [19/Apr/2026:15:37:21 +0000] "GET /api/v1/user/36 HTTP/1.1" 404 417 "-" "CFNetwork/1400.0.4 Darwin/22.0.0"
41.172.235.157 - - [19/Apr/2026:14:09:25 +0000] "POST /api/v1/user/profile HTTP/1.1" 304 1180 "-" "ReactNativeApp/1.2.3"
91.222.43.202 - - [19/Apr/2026:14:36:47 +0000] "POST /api/v1/login HTTP/1.1" 401 146 "-" "okhttp/4.11.0"
173.82.203.97 - - [19/Apr/2026:15:06:52 +0000] "GET /api/v1/search HTTP/1.1" 429 139 "-" "okhttp/4.11.0"
68.168.53.105 - - [19/Apr/2026:15:37:03 +0000] "GET /api/v1/user/18 HTTP/1.1" 404 124 "-" "Dart/3.0 (dart:io) - Flutter App"
174.42.71.156 - - [19/Apr/2026:14:08:35 +0000] "POST /api/v1/register HTTP/1.1" 200 2964 "-" "okhttp/4.11.0"
91.144.29.215 - - [19/Apr/2026:14:46:05 +0000] "GET /api/v1/refresh-token HTTP/1.1" 200 620 "-" "Dart/3.0 (dart:io) - Flutter App"
110.227.2.190 - - [19/Apr/2026:14:22:20 +0000] "POST /api/v1/search HTTP/1.1" 200 370 "-" "CFNetwork/1400.0.4 Darwin/22.0.0"
176.86.71.7 - - [19/Apr/2026:14:07:15 +0000] "POST /api/v1/password-reset HTTP/1.1" 200 1747 "-" "ReactNativeApp/1.2.3"
173.82.203.97 - - [19/Apr/2026:15:07:23 +0000] "POST /api/v1/payment HTTP/1.1" 200 655 "-" "CFNetwork/1400.0.4 Darwin/22.0.0"
172.12.6.2 - - [19/Apr/2026:14:18:55 +0000] "GET /api/v1/products HTTP/1.1" 304 316 "-" "Mozilla/5.0 (Linux; Android 13; Pixel 7) AppleWebKit/537.36 Mobile Safari/537.36"
80.191.105.108 - - [19/Apr/2026:14:36:45 +0000] "POST /api/v1/login HTTP/1.1" 401 174 "-" "Mozilla/5.0 (iPhone; CPU iPhone OS 16_0) AppleWebKit/605.1.15 Mobile/15E148"
116.44.201.78 - - [19/Apr/2026:14:09:20 +0000] "GET /api/v1/logout HTTP/1.1" 204 1750 "-" "ReactNativeApp/1.2.3"
134.135.119.74 - - [19/Apr/2026:14:08:15 +0000] "POST /api/v1/payment HTTP/1.1" 201 3594 "-" "okhttp/4.11.0"
124.200.230.246 - - [19/Apr/2026:15:06:56 +0000] "GET /api/v1/payment HTTP/1.1" 429 550 "-" "Mozilla/5.0 (Linux; Android 13; Pixel 7) AppleWebKit/537.36 Mobile Safari/537.36"
124.200.230.246 - - [19/Apr/2026:15:07:27 +0000] "POST /api/v1/products HTTP/1.1" 429 397 "-" "Dart/3.0 (dart:io) - Flutter App"
28.83.139.31 - - [19/Apr/2026:15:37:03 +0000] "GET /api/v1/user/18 HTTP/1.1" 200 401 "-" "Mozilla/5.0 (iPhone; CPU iPhone OS 16_0) AppleWebKit/605.1.15 Mobile/15E148"
173.82.203.97 - - [19/Apr/2026:15:07:18 +0000] "POST /api/v1/payment HTTP/1.1" 200 243 "-" "Mozilla/5.0 (Linux; Android 13; Pixel 7) AppleWebKit/537.36 Mobile Safari/537.36"
91.222.43.202 - - [19/Apr/2026:14:36:49 +0000] "POST /api/v1/login HTTP/1.1" 401 174 "-" "okhttp/4.11.0"
93.141.13.218 - - [19/Apr/2026:14:16:00 +0000] "GET /api/v1/logout HTTP/1.1" 201 4933 "-" "Mozilla/5.0 (Linux; Android 13; Pixel 7) AppleWebKit/537.36 Mobile Safari/537.36"
173.82.203.97 - - [19/Apr/2026:15:07:06 +0000] "POST /api/v1/search HTTP/1.1" 200 321 "-" "CFNetwork/1400.0.4 Darwin/22.0.0"
17.225.188.150 - - [19/Apr/2026:14:36:49 +0000] "POST /api/v1/login HTTP/1.1" 401 57 "-" "ReactNativeApp/1.2.3"
17.225.188.150 - - [19/Apr/2026:14:37:21 +0000] "POST /api/v1/login HTTP/1.1" 401 105 "-" "ReactNativeApp/1.2.3"
192.20.167.153 - - [19/Apr/2026:14:21:55 +0000] "POST /api/v1/user/profile HTTP/1.1" 204 4846 "-" "Mozilla/5.0 (Linux; Android 13; Pixel 7) AppleWebKit/537.36 Mobile Safari/537.36"
28.83.139.31 - - [19/Apr/2026:15:37:59 +0000] "GET /api/v1/user/74 HTTP/1.1" 200 298 "-" "ReactNativeApp/1.2.3"
131.25.44.7 - - [19/Apr/2026:14:28:15 +0000] "GET /api/v1/user/settings HTTP/1.1" 200 3134 "-" "okhttp/4.11.0"
176.86.71.7 - - [19/Apr/2026:14:32:55 +0000] "GET /api/v1/payment HTTP/1.1" 201 3364 "-" "Mozilla/5.0 (iPhone; CPU iPhone OS 16_0) AppleWebKit/605.1.15 Mobile/15E148"
173.82.203.97 - - [19/Apr/2026:15:06:53 +0000] "GET /api/v1/login HTTP/1.1" 429 550 "-" "Mozilla/5.0 (iPhone; CPU iPhone OS 16_0) AppleWebKit/605.1.15 Mobile/15E148"
116.44.201.78 - - [19/Apr/2026:14:44:40 +0000] "GET /api/v1/register HTTP/1.1" 304 2818 "-" "Mozilla/5.0 (iPhone; CPU iPhone OS 16_0) AppleWebKit/605.1.15 Mobile/15E148"
176.67.137.76 - - [19/Apr/2026:14:35:30 +0000] "GET /api/v1/notifications HTTP/1.1" 201 2521 "-" "Mozilla/5.0 (iPhone; CPU iPhone OS 16_0) AppleWebKit/605.1.15 Mobile/15E148"
91.222.43.202 - - [19/Apr/2026:14:37:15 +0000] "POST /api/v1/login HTTP/1.1" 401 87 "-" "ReactNativeApp/1.2.3"
142.255.14.150 - - [19/Apr/2026:14:20:05 +0000] "GET /api/v1/password-reset HTTP/1.1" 200 2999 "-" "ReactNativeApp/1.2.3"
116.44.201.78 - - [19/Apr/2026:14:46:35 +0000] "GET /api/v1/orders HTTP/1.1" 200 2742 "-" "Mozilla/5.0 (Linux; Android 13; Pixel 7) AppleWebKit/537.36 Mobile Safari/537.36"
172.53.170.123 - - [19/Apr/2026:14:17:35 +0000] "GET /api/v1/products HTTP/1.1" 204 3465 "-" "Mozilla/5.0 (Linux; Android 13; Pixel 7) AppleWebKit/537.36 Mobile Safari/537.36"
159.76.73.158 - - [19/Apr/2026:14:23:20 +0000] "POST /api/v1/orders HTTP/1.1" 201 857 "-" "okhttp/4.11.0"
91.222.43.202 - - [19/Apr/2026:14:37:31 +0000] "POST /api/v1/login HTTP/1.1" 401 178 "-" "ReactNativeApp/1.2.3"
68.168.53.105 - - [19/Apr/2026:15:37:34 +0000] "GET /api/v1/user/49 HTTP/1.1" 200 97 "-" "okhttp/4.11.0"
28.83.139.31 - - [19/Apr/2026:15:36:49 +0000] "GET /api/v1/user/4 HTTP/1.1" 404 311 "-" "ReactNativeApp/1.2.3"
4.104.247.41 - - [19/Apr/2026:14:20:30 +0000] "GET /api/v1/refresh-token HTTP/1.1" 204 1124 "-" "okhttp/4.11.0"
17.225.188.150 - - [19/Apr/2026:14:37:13 +0000] "POST /api/v1/login HTTP/1.1" 401 197 "-" "ReactNativeApp/1.2.3"
184.99.113.94 - - [19/Apr/2026:14:36:55 +0000] "GET /api/v1/orders HTTP/1.1" 204 1344 "-" "Dart/3.0 (dart:io) - Flutter App"
79.183.21.67 - - [19/Apr/2026:14:15:15 +0000] "POST /api/v1/login HTTP/1.1" 200 812 "-" "Mozilla/5.0 (Linux; Android 13; Pixel 7) AppleWebKit/537.36 Mobile Safari/537.36"
184.99.113.94 - - [19/Apr/2026:14:38:20 +0000] "GET /api/v1/products HTTP/1.1" 201 3689 "-" "okhttp/4.11.0"
173.82.203.97 - - [19/Apr/2026:15:07:25 +0000] "POST /api/v1/user/settings HTTP/1.1" 200 340 "-" "Mozilla/5.0 (iPhone; CPU iPhone OS 16_0) AppleWebKit/605.1.15 Mobile/15E148"
124.200.230.246 - - [19/Apr/2026:15:07:40 +0000] "GET /api/v1/payment HTTP/1.1" 200 275 "-" "Mozilla/5.0 (Linux; Android 13; Pixel 7) AppleWebKit/537.36 Mobile Safari/537.36"
151.116.77.146 - - [19/Apr/2026:14:19:25 +0000] "GET /api/v1/register HTTP/1.1" 200 2383 "-" "okhttp/4.11.0"
173.82.203.97 - - [19/Apr/2026:15:06:49 +0000] "POST /api/v1/logout HTTP/1.1" 200 464 "-" "Mozilla/5.0 (iPad; CPU OS 16_0 like Mac OS X) AppleWebKit/605.1.15 Mobile/15E148"
68.168.53.105 - - [19/Apr/2026:15:36:54 +0000] "GET /api/v1/user/9 HTTP/1.1" 200 246 "-" "okhttp/4.11.0"
20.13.183.57 - - [19/Apr/2026:14:26:15 +0000] "POST /api/v1/user/profile HTTP/1.1" 304 1522 "-" "Mozilla/5.0 (iPad; CPU OS 16_0 like Mac OS X) AppleWebKit/605.1.15 Mobile/15E148"
174.42.71.156 - - [19/Apr/2026:14:23:35 +0000] "GET /api/v1/refresh-token HTTP/1.1" 204 1532 "-" "Dart/3.0 (dart:io) - Flutter App"
28.83.139.31 - - [19/Apr/2026:15:37:41 +0000] "GET /api/v1/user/56 HTTP/1.1" 200 144 "-" "Dart/3.0 (dart:io) - Flutter App"
119.134.232.66 - - [19/Apr/2026:14:41:55 +0000] "GET /api/v1/user/settings HTTP/1.1" 200 4827 "-" "Dart/3.0 (dart:io) - Flutter App"
17.225.188.150 - - [19/Apr/2026:14:37:17 +0000] "POST /api/v1/login HTTP/1.1" 401 114 "-" "okhttp/4.11.0"
124.200.230.246 - - [19/Apr/2026:15:07:57 +0000] "POST /api/v1/refresh-token HTTP/1.1" 429 828 "-" "Mozilla/5.0 (iPad; CPU OS 16_0 like Mac OS X) AppleWebKit/605.1.15 Mobile/15E148"
17.225.188.150 - - [19/Apr/2026:14:37:09 +0000] "POST /api/v1/login HTTP/1.1" 401 136 "-" "CFNetwork/1400.0.4 Darwin/22.0.0"
124.200.230.246 - - [19/Apr/2026:15:07:18 +0000] "POST /api/v1/notifications HTTP/1.1" 200 712 "-" "CFNetwork/1400.0.4 Darwin/22.0.0"
173.82.203.97 - - [19/Apr/2026:15:07:05 +0000] "GET /api/v1/register HTTP/1.1" 429 446 "-" "Mozilla/5.0 (Linux; Android 13; Pixel 7) AppleWebKit/537.36 Mobile Safari/537.36"
142.255.14.150 - - [19/Apr/2026:14:28:40 +0000] "GET /api/v1/login HTTP/1.1" 200 3648 "-" "CFNetwork/1400.0.4 Darwin/22.0.0"
80.191.105.108 - - [19/Apr/2026:14:37:11 +0000] "POST /api/v1/login HTTP/1.1" 401 147 "-" "Mozilla/5.0 (Linux; Android 13; Pixel 7) AppleWebKit/537.36 Mobile Safari/537.36"
134.135.119.74 - - [19/Apr/2026:14:21:50 +0000] "GET /api/v1/notifications HTTP/1.1" 201 2515 "-" "okhttp/4.11.0"
173.82.203.97 - - [19/Apr/2026:15:07:12 +0000] "GET /api/v1/products HTTP/1.1" 200 269 "-" "CFNetwork/1400.0.4 Darwin/22.0.0"
186.228.129.165 - - [19/Apr/2026:14:17:55 +0000] "GET /api/v1/register HTTP/1.1" 200 1429 "-" "Mozilla/5.0 (iPad; CPU OS 16_0 like Mac OS X) AppleWebKit/605.1.15 Mobile/15E148"
54.186.111.7 - - [19/Apr/2026:14:22:40 +0000] "POST /api/v1/payment HTTP/1.1" 200 508 "-" "Mozilla/5.0 (Linux; Android 13; Pixel 7) AppleWebKit/537.36 Mobile Safari/537.36"
68.168.53.105 - - [19/Apr/2026:15:37:06 +0000] "GET /api/v1/user/21 HTTP/1.1" 404 429 "-" "Mozilla/5.0 (Linux; Android 13; Pixel 7) AppleWebKit/537.36 Mobile Safari/537.36"
4.104.247.41 - - [19/Apr/2026:14:42:10 +0000] "GET /api/v1/logout HTTP/1.1" 200 4723 "-" "ReactNativeApp/1.2.3"
91.222.43.202 - - [19/Apr/2026:14:37:39 +0000] "POST /api/v1/login HTTP/1.1" 401 144 "-" "Mozilla/5.0 (Linux; Android 13; Pixel 7) AppleWebKit/537.36 Mobile Safari/537.36"
173.82.203.97 - - [19/Apr/2026:15:07:04 +0000] "GET /api/v1/user/profile HTTP/1.1" 429 588 "-" "Mozilla/5.0 (Linux; Android 13; Pixel 7) AppleWebKit/537.36 Mobile Safari/537.36"
124.200.230.246 - - [19/Apr/2026:15:07:21 +0000] "GET /api/v1/search HTTP/1.1" 429 530 "-" "Mozilla/5.0 (iPhone; CPU iPhone OS 16_0) AppleWebKit/605.1.15 Mobile/15E148"
124.200.230.246 - - [19/Apr/2026:15:07:45 +0000] "POST /api/v1/products HTTP/1.1" 200 435 "-" "Mozilla/5.0 (iPhone; CPU iPhone OS 16_0) AppleWebKit/605.1.15 Mobile/15E148"
68.168.53.105 - - [19/Apr/2026:15:36:53 +0000] "GET /api/v1/user/8 HTTP/1.1" 404 415 "-" "ReactNativeApp/1.2.3"
68.168.53.105 - - [19/Apr/2026:15:37:42 +0000] "GET /api/v1/user/57 HTTP/1.1" 200 416 "-" "okhttp/4.11.0"
41.172.235.157 - - [19/Apr/2026:14:08:40 +0000] "GET /api/v1/refresh-token HTTP/1.1" 200 2580 "-" "Mozilla/5.0 (Linux; Android 13; Pixel 7) AppleWebKit/537.36 Mobile Safari/537.36"
186.228.129.165 - - [19/Apr/2026:14:47:15 +0000] "GET /api/v1/search HTTP/1.1" 201 877 "-" "Mozilla/5.0 (Linux; Android 13; Pixel 7) AppleWebKit/537.36 Mobile Safari/537.36"
124.200.230.246 - - [19/Apr/2026:15:07:17 +0000] "GET /api/v1/user/settings HTTP/1.1" 429 250 "-" "okhttp/4.11.0"
24.22.223.230 - - [19/Apr/2026:14:44:20 +0000] "GET /api/v1/refresh-token HTTP/1.1" 204 423 "-" "Dart/3.0 (dart:io) - Flutter App"