91.222.43.202 - - [19/Apr/2026:14:37:33 +0000] "POST /api/v1/login HTTP/1.1" 401 91 "-" "Dart/3.0 (dart:io) - Flutter App"
124.200.230.246 - - [19/Apr/2026:15:07:02 +0000] "GET /api/v1/products HTTP/1.1" 429 522 "-" "okhttp/4.11.0"
192.20.167.153 - - [19/Apr/2026:14:27:00 +0000] "GET /api/v1/notifications HTTP/1.1" 200 3322 "-" "Mozilla/5.0 (iPhone; CPU iPhone OS 16_0) AppleWebKit/605.1.15 Mobile/15E148"
173.82.203.97 - - [19/Apr/2026:15:07:03 +0000] "GET /api/v1/notifications HTTP/1.1" 200 611 "-" "ReactNativeApp/1.2.3"
124.200.230.246 - - [19/Apr/2026:15:07:36 +0000] "GET /api/v1/products HTTP/1.1" 429 859 "-" "Dart/3.0 (dart:io) - Flutter App"
54.186.111.7 - - [19/Apr/2026:14:27:05 +0000] "GET /api/v1/orders HTTP/1.1" 204 3524 "-" "ReactNativeApp/1.2.3"
85.16.113.220 - - [19/Apr/2026:14:13:35 +0000] "POST /api/v1/payment HTTP/1.1" 200 2479 "-" "Dart/3.0 (dart:io) - Flutter App"
204.239.142.124 - - [19/Apr/2026:14:32:15 +0000] "GET /api/v1/payment HTTP/1.1" 201 2620 "-" "Mozilla/5.0 (Linux; Android 13; Pixel 7) AppleWebKit/537.36 Mobile Safari/537.36"
174.42.71.156 - - [19/Apr/2026:14:36:40 +0000] "POST /api/v1/login HTTP/1.1" 204 4891 "-" "CFNetwork/1400.0.4 Darwin/22.0.0"
75.110.57.65 - - [19/Apr/2026:14:44:35 +0000] "GET /api/v1/orders HTTP/1.1" 204 4983 "-" "Mozilla/5.0 (Linux; Android 13; Pixel 7) AppleWebKit/537.36 Mobile Safari/537.36"
28.83.139.31 - - [19/Apr/2026:15:37:38 +0000] "GET /api/v1/user/53 HTTP/1.1" 404 349 "-" "okhttp/4.11.0"
54.186.111.7 - - [19/Apr/2026:14:18:35 +0000] "GET /api/v1/payment HTTP/1.1" 200 2384 "-" "Mozilla/5.0 (Linux; Android 13; Pixel 7) AppleWebKit/537.36 Mobile Safari/537.36"
134.135.119.74 - - [19/Apr/2026:14:10:25 +0000] "GET /api/v1/user/profile HTTP/1.1" 304 2442 "-" "Mozilla/5.0 (Linux; Android 13; Pixel 7) AppleWebKit/537.36 Mobile Safari/537.36"
17.225.188.150 - - [19/Apr/2026:14:37:19 +0000] "POST /api/v1/login HTTP/1.1" 401 86 "-" "CFNetwork/1400.0.4 Darwin/22.0.0"
28.83.139.31 - - [19/Apr/2026:15:37:35 +0000] "GET /api/v1/user/50 HTTP/1.1" 404 172 "-" "Dart/3.0 (dart:io) - Flutter App"
124.200.230.246 - - [19/Apr/2026:15:07:25 +0000] "POST /api/v1/payment HTTP/1.1" 429 538 "-" "Mozilla/5.0 (Linux; Android 13; Pixel 7) AppleWebKit/537.36 Mobile Safari/537.36"
131.25.44.7 - - [19/Apr/2026:14:37:50 +0000] "GET /api/v1/user/profile HTTP/1.1" 200 1663 "-" "ReactNativeApp/1.2.3"
173.82.203.97 - - [19/Apr/2026:15:07:32 +0000] "GET /api/v1/orders HTTP/1.1" 429 878 "-" "Dart/3.0 (dart:io) - Flutter App"
174.42.71.156 - - [19/Apr/2026:14:16:20 +0000] "GET /api/v1/refresh-token HTTP/1.1" 304 2449 "-" "Dart/3.0 (dart:io) - Flutter App"
68.168.53.105 - - [19/Apr/2026:15:37:15 +0000] "GET /api/v1/user/30 HTTP/1.1" 404 196 "-" "okhttp/4.11.0"
91.222.43.202 - - [19/Apr/2026:14:36:51 +0000] "POST /api/v1/login HTTP/1.1" 401 181 "-" "Mozilla/5.0 (iPhone; CPU iPhone OS 16_0) AppleWebKit/605.1.15 Mobile/15E148"
74.233.88.137 - - [19/Apr/2026:14:18:10 +0000] "GET /api/v1/user/profile HTTP/1.1" 200 3764 "-" "okhttp/4.11.0"
95.181.24.164 - - [19/Apr/2026:14:38:55 +0000] "GET /api/v1/search HTTP/1.1" 304 2210 "-" "Dart/3.0 (dart:io) - Flutter App"
93.141.13.218 - - [19/Apr/2026:14:47:20 +0000] "POST /api/v1/search HTTP/1.1" 200 1816 "-" "Dart/3.0 (dart:io) - Flutter App"
178.138.220.235 - - [19/Apr/2026:14:44:00 +0000] "GET /api/v1/user/settings HTTP/1.1" 200 3252 "-" "CFNetwork/1400.0.4 Darwin/22.0.0"
130.59.115.241 - - [19/Apr/2026:14:39:30 +0000] "GET /api/v1/register HTTP/1.1" 200 2770 "-" "Mozilla/5.0 (iPhone; CPU iPhone OS 16_0) AppleWebKit/605.1.15 Mobile/15E148"
116.44.201.78 - - [19/Apr/2026:14:45:50 +0000] "POST /api/v1/register HTTP/1.1" 200 385 "-" "Dart/3.0 (dart:io) - Flutter App"
124.200.230.246 - - [19/Apr/2026:15:07:28 +0000] "POST /api/v1/register HTTP/1.1" 429 592 "-" "okhttp/4.11.0"
112.77.18.152 - - [19/Apr/2026:14:18:05 +0000] "GET /api/v1/refresh-token HTTP/1.1" 204 4693 "-" "okhttp/4.11.0"
172.12.6.2 - - [19/Apr/2026:14:25:30 +0000] "POST /api/v1/payment HTTP/1.1" 200 2805 "-" "ReactNativeApp/1.2.3"
36.152.180.183 - - [19/Apr/2026:14:35:45 +0000] "GET /api/v1/login HTTP/1.1" 200 807 "-" "Dart/3.0 (dart:io) - Flutter App"
124.200.230.246 - - [19/Apr/2026:15:07:49 +0000] "GET /api/v1/orders HTTP/1.1" 200 808 "-" "okhttp/4.11.0"
124.200.230.246 - - [19/Apr/2026:15:06:59 +0000] "POST /api/v1/search HTTP/1.1" 429 296 "-" "okhttp/4.11.0"
184.99.113.94 - - [19/Apr/2026:14:09:15 +0000] "GET /api/v1/payment HTTP/1.1" 304 3160 "-" "Mozilla/5.0 (iPhone; CPU iPhone OS 16_0) AppleWebKit/605.1.15 Mobile/15E148"
68.168.53.105 - - [19/Apr/2026:15:37:31 +0000] "GET /api/v1/user/46 HTTP/1.1" 200 351 "-" "CFNetwork/1400.0.4 Darwin/22.0.0"
68.168.53.105 - - [19/Apr/2026:15:37:02 +0000] "GET /api/v1/user/17 HTTP/1.1" 404 444 "-" "CFNetwork/1400.0.4 Darwin/22.0.0"
80.191.105.108 - - [19/Apr/2026:14:36:57 +0000] "POST /api/v1/login HTTP/1.1" 401 90 "-" "Mozilla/5.0 (iPad; CPU OS 16_0 like Mac OS X) AppleWebKit/605.1.15 Mobile/15E148"
124.200.230.246 - - [19/Apr/2026:15:07:29 +0000] "POST /api/v1/refresh-token HTTP/1.1" 429 756 "-" "Mozilla/5.0 (iPad; CPU OS 16_0 like Mac OS X) AppleWebKit/605.1.15 Mobile/15E148"
124.200.230.246 - - [19/Apr/2026:15:07:08 +0000] "GET /api/v1/register HTTP/1.1" 200 178 "-" "Dart/3.0 (dart:io) - Flutter App"
124.200.230.246 - - [19/Apr/2026:15:07:15 +0000] "GET /api/v1/user/profile HTTP/1.1" 429 264 "-" "Mozilla/5.0 (iPhone; CPU iPhone OS 16_0) AppleWebKit/605.1.15 Mobile/15E148"
173.82.203.97 - - [19/Apr/2026:15:07:27 +0000] "POST /api/v1/payment HTTP/1.1" 200 759 "-" "Mozilla/5.0 (iPad; CPU OS 16_0 like Mac OS X) AppleWebKit/605.1.15 Mobile/15E148"
116.44.201.78 - - [19/Apr/2026:14:22:00 +0000] "GET /api/v1/user/profile HTTP/1.1" 200 2897 "-" "ReactNativeApp/1.2.3"
20.13.183.57 - - [19/Apr/2026:14:44:50 +0000] "POST /api/v1/refresh-token HTTP/1.1" 200 3490 "-" "Dart/3.0 (dart:io) - Flutter App"
4.104.247.41 - - [19/Apr/2026:14:35:20 +0000] "GET /api/v1/password-reset HTTP/1.1" 204 2933 "-" "okhttp/4.11.0"
91.144.29.215 - - [19/Apr/2026:14:32:10 +0000] "POST /api/v1/orders HTTP/1.1" 304 4100 "-" "CFNetwork/1400.0.4 Darwin/22.0.0"
134.135.119.74 - - [19/Apr/2026:14:08:05 +0000] "POST /api/v1/products HTTP/1.1" 304 4244 "-" "Mozilla/5.0 (iPad; CPU OS 16_0 like Mac OS X) AppleWebKit/605.1.15 Mobile/15E148"
4.104.247.41 - - [19/Apr/2026:14:09:50 +0000] "GET /api/v1/search HTTP/1.1" 200 4246 "-" "Mozilla/5.0 (Linux; Android 13; Pixel 7) AppleWebKit/537.36 Mobile Safari/537.36"
124.200.230.246 - - [19/Apr/2026:15:06:53 +0000] "GET /api/v1/payment HTTP/1.1" 429 810 "-" "Mozilla/5.0 (iPad; CPU OS 16_0 like Mac OS X) AppleWebKit/605.1.15 Mobile/15E148"
65.15.129.161 - - [19/Apr/2026:14:42:25 +0000] "POST /api/v1/user/settings HTTP/1.1" 204 2662 "-" "okhttp/4.11.0"
173.82.203.97 - - [19/Apr/2026:15:07:22 +0000] "GET /api/v1/products HTTP/1.1" 429 477 "-" "Mozilla/5.0 (iPad; CPU OS 16_0 like Mac OS X) AppleWebKit/605.1.15 Mobile/15E148"
28.83.139.31 - - [19/Apr/2026:15:37:17 +0000] "GET /api/v1/user/32 HTTP/1.1" 404 286 "-" "Dart/3.0 (dart:io) - Flutter App"
28.83.139.31 - - [19/Apr/2026:15:37:50 +0000] "GET /api/v1/user/65 HTTP/1.1" 200 164 "-" "Dart/3.0 (dart:io) - Flutter App"
124.200.230.246 - - [19/Apr/2026:15:07:44 +0000] "POST /api/v1/products HTTP/1.1" 429 484 "-" "Dart/3.0 (dart:io) - Flutter App"
68.168.53.105 - - [19/Apr/2026:15:37:16 +0000] "GET /api/v1/user/31 HTTP/1.1" 200 455 "-" "Dart/3.0 (dart:io) - Flutter App"
52.43.193.6 - - [19/Apr/2026:14:41:30 +0000] "GET /api/v1/notifications HTTP/1.1" 304 4681 "-" "Mozilla/5.0 (Linux; Android 13; Pixel 7) AppleWebKit/537.36 Mobile Safari/537.36"
52.43.193.6 - - [19/Apr/2026:14:15:35 +0000] "GET /api/v1/search HTTP/1.1" 200 3685 "-" "ReactNativeApp/1.2.3"
173.82.203.97 - - [19/Apr/2026:15:07:00 +0000] "POST /api/v1/user/profile HTTP/1.1" 200 729 "-" "Mozilla/5.0 (iPhone; CPU iPhone OS 16_0) AppleWebKit/605.1.15 Mobile/15E148"
110.227.2.190 - - [19/Apr/2026:14:12:35 +0000] "POST /api/v1/logout HTTP/1.1" 201 4131 "-" "ReactNativeApp/1.2.3"
159.76.73.158 - - [19/Apr/2026:14:37:15 +0000] "GET /api/v1/payment HTTP/1.1" 204 1506 "-" "okhttp/4.11.0"
80.191.105.108 - - [19/Apr/2026:14:37:57 +0000] "POST /api/v1/login HTTP/1.1" 401 106 "-" "Mozilla/5.0 (iPad; CPU OS 16_0 like Mac OS X) AppleWebKit/605.1.15 Mobile/15E148"
193.240.250.238 - - [19/Apr/2026:14:08:55 +0000] "GET /api/v1/payment HTTP/1.1" 304 3153 "-" "okhttp/4.11.0"
65.15.129.161 - - [19/Apr/2026:14:14:10 +0000] "GET /api/v1/search HTTP/1.1" 304 2555 "-" "Dart/3.0 (dart:io) - Flutter App"
192.20.167.153 - - [19/Apr/2026:14:07:35 +0000] "GET /api/v1/search HTTP/1.1" 204 1809 "-" "Mozilla/5.0 (iPhone; CPU iPhone OS 16_0) AppleWebKit/605.1.15 Mobile/15E148"
131.25.44.7 - - [19/Apr/2026:14:24:00 +0000] "GET /api/v1/payment HTTP/1.1" 201 3258 "-" "okhttp/4.11.0"
91.222.43.202 - - [19/Apr/2026:14:37:03 +0000] "POST /api/v1/login HTTP/1.1" 401 113 "-" "okhttp/4.11.0"
173.82.203.97 - - [19/Apr/2026:15:07:07 +0000] "GET /api/v1/user/profile HTTP/1.1" 429 858 "-" "Mozilla/5.0 (iPad; CPU OS 16_0 like Mac OS X) AppleWebKit/605.1.15 Mobile/15E148"
173.82.203.97 - - [19/Apr/2026:15:07:10 +0000] "GET /api/v1/logout HTTP/1.1" 429 286 "-" "CFNetwork/1400.0.4 Darwin/22.0.0"
184.99.113.94 - - [19/Apr/2026:14:17:40 +0000] "GET /api/v1/login HTTP/1.1" 200 4364 "-" "okhttp/4.11.0"
134.135.119.74 - - [19/Apr/2026:14:46:20 +0000] "POST /api/v1/payment HTTP/1.1" 200 3518 "-" "Mozilla/5.0 (Linux; Android 13; Pixel 7) AppleWebKit/537.36 Mobile Safari/537.36"
173.82.203.97 - - [19/Apr/2026:15:06:45 +0000] "GET /api/v1/notifications HTTP/1.1" 200 450 "-" "Mozilla/5.0 (Linux; Android 13; Pixel 7) AppleWebKit/537.36 Mobile Safari/537.36"
28.83.139.31 - - [19/Apr/2026:15:36:52 +0000] "GET /api/v1/user/7 HTTP/1.1" 404 152 "-" "okhttp/4.11.0"
124.200.230.246 - - [19/Apr/2026:15:07:40 +0000] "POST /api/v1/notifications HTTP/1.1" 429 512 "-" "CFNetwork/1400.0.4 Darwin/22.0.0"
173.82.203.97 - - [19/Apr/2026:15:07:24 +0000] "POST /api/v1/user/settings HTTP/1.1" 200 659 "-" "Mozilla/5.0 (Linux; Android 13; Pixel 7) AppleWebKit/537.36 Mobile Safari/537.36"
174.42.71.156 - - [19/Apr/2026:14:27:35 +0000] "GET /api/v1/logout HTTP/1.1" 201 1050 "-" "ReactNativeApp/1.2.3"
124.200.230.246 - - [19/Apr/2026:15:06:57 +0000] "POST /api/v1/login HTTP/1.1" 429 334 "-" "Mozilla/5.0 (iPhone; CPU iPhone OS 16_0) AppleWebKit/605.1.15 Mobile/15E148"
173.82.203.97 - - [19/Apr/2026:15:07:17 +0000] "POST /api/v1/register HTTP/1.1" 200 880 "-" "okhttp/4.11.0"
91.222.43.202 - - [19/Apr/2026:14:37:45 +0000] "POST /api/v1/login HTTP/1.1" 401 61 "-" "Mozilla/5.0 (iPad; CPU OS 16_0 like Mac OS X) AppleWebKit/605.1.15 Mobile/15E148"
124.200.230.246 - - [19/Apr/2026:15:07:06 +0000] "POST /api/v1/logout HTTP/1.1" 429 606 "-" "ReactNativeApp/1.2.3"
176.86.71.7 - - [19/Apr/2026:14:11:45 +0000] "POST /api/v1/user/profile HTTP/1.1" 201 4554 "-" "Mozilla/5.0 (iPhone; CPU iPhone OS 16_0) AppleWebKit/605.1.15 Mobile/15E148"
28.83.139.31 - - [19/Apr/2026:15:37:05 +0000] "GET /api/v1/user/20 HTTP/1.1" 404 64 "-" "CFNetwork/1400.0.4 Darwin/22.0.0"
80.191.105.108 - - [19/Apr/2026:14:37:21 +0000] "POST /api/v1/login HTTP/1.1" 401 195 "-" "okhttp/4.11.0"
173.82.203.97 - - [19/Apr/2026:15:06:57 +0000] "POST /api/v1/user/settings HTTP/1.1" 200 397 "-" "Mozilla/5.0 (Linux; Android 13; Pixel 7) AppleWebKit/537.36 Mobile Safari/537.36"
124.200.230.246 - - [19/Apr/2026:15:07:24 +0000] "GET /api/v1/logout HTTP/1.1" 200 106 "-" "ReactNativeApp/1.2.3"
130.59.115.241 - - [19/Apr/2026:14:15:40 +0000] "GET /api/v1/products HTTP/1.1" 201 1795 "-" "ReactNativeApp/1.2.3"
28.83.139.31 - - [19/Apr/2026:15:37:32 +0000] "GET /api/v1/user/47 HTTP/1.1" 200 159 "-" "okhttp/4.11.0"
95.181.24.164 - - [19/Apr/2026:14:11:15 +0000] "GET /api/v1/password-reset HTTP/1.1" 201 2572 "-" "Mozilla/5.0 (iPad; CPU OS 16_0 like Mac OS X) AppleWebKit/605.1.15 Mobile/15E148"
176.86.71.7 - - [19/Apr/2026:14:37:40 +0000] "POST /api/v1/user/settings HTTP/1.1" 304 2120 "-" "Dart/3.0 (dart:io) - Flutter App"
28.83.139.31 - - [19/Apr/2026:15:37:08 +0000] "GET /api/v1/user/23 HTTP/1.1" 404 269 "-" "Mozilla/5.0 (Linux; Android 13; Pixel 7) AppleWebKit/537.36 Mobile Safari/537.36"
16.245.30.222 - - [19/Apr/2026:14:07:20 +0000] "GET /api/v1/register HTTP/1.1" 200 394 "-" "ReactNativeApp/1.2.3"
124.200.230.246 - - [19/Apr/2026:15:07:02 +0000] "GET /api/v1/refresh-token HTTP/1.1" 200 876 "-" "okhttp/4.11.0"
68.168.53.105 - - [19/Apr/2026:15:36:58 +0000] "GET /api/v1/user/13 HTTP/1.1" 404 214 "-" "ReactNativeApp/1.2.3"
116.44.201.78 - - [19/Apr/2026:14:26:10 +0000] "POST /api/v1/logout HTTP/1.1" 304 4220 "-" "Mozilla/5.0 (Linux; Android 13; Pixel 7) AppleWebKit/537.36 Mobile Safari/537.36"
173.82.203.97 - - [19/Apr/2026:15:07:02 +0000] "POST /api/v1/user/profile HTTP/1.1" 429 820 "-" "Mozilla/5.0 (Linux; Android 13; Pixel 7) AppleWebKit/537.36 Mobile Safari/537.36"
80.191.105.108 - - [19/Apr/2026:14:37:09 +0000] "POST /api/v1/login HTTP/1.1" 401 182 "-" "Mozilla/5.0 (iPad; CPU OS 16_0 like Mac OS X) AppleWebKit/605.1.15 Mobile/15E148"
173.82.203.97 - - [19/Apr/2026:15:06:49 +0000] "GET /api/v1/refresh-token HTTP/1.1" 429 172 "-" "Mozilla/5.0 (iPad; CPU OS 16_0 like Mac OS X) AppleWebKit/605.1.15 Mobile/15E148"
54.186.111.7 - - [19/Apr/2026:14:19:30 +0000] "GET /api/v1/logout HTTP/1.1" 200 4712 "-" "ReactNativeApp/1.2.3"
116.44.201.78 - - [19/Apr/2026:14:20:00 +0000] "GET /api/v1/user/profile HTTP/1.1" 200 1179 "-" "Mozilla/5.0 (iPad; CPU OS 16_0 like Mac OS X) AppleWebKit/605.1.15 Mobile/15E148"
41.172.235.157 - - [19/Apr/2026:14:45:10 +0000] "GET /api/v1/login HTTP/1.1" 200 4573 "-" "Mozilla/5.0 (iPhone; CPU iPhone OS 16_0) AppleWebKit/605.1.15 Mobile/15E148"
134.135.119.74 - - [19/Apr/2026:14:07:05 +0000] "GET /api/v1/products HTTP/1.1" 204 958 "-" "CFNetwork/1400.0.4 Darwin/22.0.0"
176.67.137.76 - - [19/Apr/2026:14:28:55 +0000] "GET /api/v1/login HTTP/1.1" 204 4080 "-" "Mozilla/5.0 (iPad; CPU OS 16_0 like Mac OS X) AppleWebKit/605.1.15 Mobile/15E148"
186.228.129.165 - - [19/Apr/2026:14:07:45 +0000] "GET /api/v1/products HTTP/1.1" 204 1706 "-" "CFNetwork/1400.0.4 Darwin/22.0.0"
91.144.29.215 - - [19/Apr/2026:14:27:30 +0000] "POST /api/v1/search HTTP/1.1" 200 3837 "-" "Mozilla/5.0 (Linux; Android 13; Pixel 7) AppleWebKit/537.36 Mobile Safari/537.36"
124.200.230.246 - - [19/Apr/2026:15:06:57 +0000] "GET /api/v1/refresh-token HTTP/1.1" 200 588 "-" "CFNetwork/1400.0.4 Darwin/22.0.0"
28.83.139.31 - - [19/Apr/2026:15:37:55 +0000] "GET /api/v1/user/70 HTTP/1.1" 200 288 "-" "okhttp/4.11.0"
124.200.230.246 - - [19/Apr/2026:15:07:08 +0000] "GET /api/v1/search HTTP/1.1" 200 525 "-" "Mozilla/5.0 (iPad; CPU OS 16_0 like Mac OS X) AppleWebKit/605.1.15 Mobile/15E148"
91.222.43.202 - - [19/Apr/2026:14:37:35 +0000] "POST /api/v1/login HTTP/1.1" 401 107 "-" "Mozilla/5.0 (Linux; Android 13; Pixel 7) AppleWebKit/537.36 Mobile Safari/537.36"
124.200.230.246 - - [19/Apr/2026:15:07:36 +0000] "POST /api/v1/search HTTP/1.1" 429 544 "-" "CFNetwork/1400.0.4 Darwin/22.0.0"
68.168.53.105 - - [19/Apr/2026:15:37:28 +0000] "GET /api/v1/user/43 HTTP/1.1" 404 288 "-" "okhttp/4.11.0"
95.181.24.164 - - [19/Apr/2026:14:08:00 +0000] "POST /api/v1/products HTTP/1.1" 201 4426 "-" "Mozilla/5.0 (iPhone; CPU iPhone OS 16_0) AppleWebKit/605.1.15 Mobile/15E148"
193.240.250.238 - - [19/Apr/2026:14:10:55 +0000] "POST /api/v1/logout HTTP/1.1" 204 2890 "-" "ReactNativeApp/1.2.3"
74.88.117.79 - - [19/Apr/2026:14:07:25 +0000] "GET /api/v1/register HTTP/1.1" 200 239 "-" "Mozilla/5.0 (iPad; CPU OS 16_0 like Mac OS X) AppleWebKit/605.1.15 Mobile/15E148"
36.152.180.183 - - [19/Apr/2026:14:12:45 +0000] "POST /api/v1/search HTTP/1.1" 201 4507 "-" "ReactNativeApp/1.2.3"
93.141.13.218 - - [19/Apr/2026:14:16:05 +0000] "GET /api/v1/payment HTTP/1.1" 200 1961 "-" "okhttp/4.11.0"
28.83.139.31 - - [19/Apr/2026:15:37:02 +0000] "GET /api/v1/user/17 HTTP/1.1" 200 423 "-" "ReactNativeApp/1.2.3"
173.82.203.97 - - [19/Apr/2026:15:06:55 +0000] "POST /api/v1/logout HTTP/1.1" 200 594 "-" "CFNetwork/1400.0.4 Darwin/22.0.0"
163.21.252.197 - - [19/Apr/2026:14:45:30 +0000] "GET /api/v1/register HTTP/1.1" 204 3017 "-" "ReactNativeApp/1.2.3"
91.222.43.202 - - [19/Apr/2026:14:36:55 +0000] "POST /api/v1/login HTTP/1.1" 401 143 "-" "ReactNativeApp/1.2.3"
65.15.129.161 - - [19/Apr/2026:14:33:15 +0000] "GET /api/v1/refresh-token HTTP/1.1" 201 1726 "-" "Mozilla/5.0 (Linux; Android 13; Pixel 7) AppleWebKit/537.36 Mobile Safari/537.36"
68.168.53.105 - - [19/Apr/2026:15:36:52 +0000] "GET /api/v1/user/7 HTTP/1.1" 404 447 "-" "Dart/3.0 (dart:io) - Flutter App"
173.82.203.97 - - [19/Apr/2026:15:07:01 +0000] "POST /api/v1/user/settings HTTP/1.1" 200 137 "-" "Mozilla/5.0 (iPhone; CPU iPhone OS 16_0) AppleWebKit/605.1.15 Mobile/15E148"
28.83.139.31 - - [19/Apr/2026:15:36:56 +0000] "GET /api/v1/user/11 HTTP/1.1" 404 144 "-" "ReactNativeApp/1.2.3"
163.21.252.197 - - [19/Apr/2026:14:44:10 +0000] "GET /api/v1/notifications HTTP/1.1" 200 2337 "-" "Dart/3.0 (dart:io) - Flutter App"
131.25.44.7 - - [19/Apr/2026:14:13:25 +0000] "POST /api/v1/notifications HTTP/1.1" 200 4688 "-" "Mozilla/5.0 (iPad; CPU OS 16_0 like Mac OS X) AppleWebKit/605.1.15 Mobile/15E148"
124.200.230.246 - - [19/Apr/2026:15:07:53 +0000] "POST /api/v1/user/profile HTTP/1.1" 429 631 "-" "okhttp/4.11.0"
143.231.12.235 - - [19/Apr/2026:14:40:00 +0000] "POST /api/v1/payment HTTP/1.1" 200 866 "-" "CFNetwork/1400.0.4 Darwin/22.0.0"
143.231.12.235 - - [19/Apr/2026:14:34:30 +0000] "GET /api/v1/password-reset HTTP/1.1" 201 644 "-" "okhttp/4.11.0"
112.77.18.152 - - [19/Apr/2026:14:25:15 +0000] "GET /api/v1/products HTTP/1.1" 304 3971 "-" "CFNetwork/1400.0.4 Darwin/22.0.0"
143.231.12.235 - - [19/Apr/2026:14:18:15 +0000] "POST /api/v1/orders HTTP/1.1" 204 1502 "-" "CFNetwork/1400.0.4 Darwin/22.0.0"
159.76.73.158 - - [19/Apr/2026:14:26:40 +0000] "GET /api/v1/search HTTP/1.1" 200 454 "-" "ReactNativeApp/1.2.3"
41.172.235.157 - - [19/Apr/2026:14:33:30 +0000] "GET /api/v1/payment HTTP/1.1" 201 3429 "-" "CFNetwork/1400.0.4 Darwin/22.0.0"
142.244.169.201 - - [19/Apr/2026:14:43:50 +0000] "GET /api/v1/search HTTP/1.1" 200 2408 "-" "ReactNativeApp/1.2.3"
57.182.48.120 - - [19/Apr/2026:14:38:25 +0000] "POST /api/v1/password-reset HTTP/1.1" 204 2010 "-" "Mozilla/5.0 (Linux; Android 13; Pixel 7) AppleWebKit/537.36 Mobile Safari/537.36"
124.200.230.246 - - [19/Apr/2026:15:07:35 +0000] "GET /api/v1/products HTTP/1.1" 200 187 "-" "ReactNativeApp/1.2.3"
110.227.2.190 - - [19/Apr/2026:14:20:10 +0000] "GET /api/v1/search HTTP/1.1" 304 504 "-" "Mozilla/5.0 (iPhone; CPU iPhone OS 16_0) AppleWebKit/605.1.15 Mobile/15E148"
85.16.113.220 - - [19/Apr/2026:14:42:45 +0000] "GET /api/v1/register HTTP/1.1" 200 925 "-" "Mozilla/5.0 (iPhone; CPU iPhone OS 16_0) AppleWebKit/605.1.15 Mobile/15E148"
173.82.203.97 - - [19/Apr/2026:15:07:26 +0000] "GET /api/v1/products HTTP/1.1" 429 562 "-" "Mozilla/5.0 (iPad; CPU OS 16_0 like Mac OS X) AppleWebKit/605.1.15 Mobile/15E148"
173.82.203.97 - - [19/Apr/2026:15:07:29 +0000] "GET /api/v1/orders HTTP/1.1" 429 356 "-" "okhttp/4.11.0"
74.233.88.137 - - [19/Apr/2026:14:13:50 +0000] "GET /api/v1/payment HTTP/1.1" 201 2891 "-" "Dart/3.0 (dart:io) - Flutter App"
80.191.105.108 - - [19/Apr/2026:14:36:59 +0000] "POST /api/v1/login HTTP/1.1" 401 172 "-" "okhttp/4.11.0"
17.225.188.150 - - [19/Apr/2026:14:36:51 +0000] "POST /api/v1/login HTTP/1.1" 401 152 "-" "okhttp/4.11.0"
16.245.30.222 - - [19/Apr/2026:14:26:50 +0000] "GET /api/v1/search HTTP/1.1" 200 580 "-" "Mozilla/5.0 (iPad; CPU OS 16_0 like Mac OS X) AppleWebKit/605.1.15 Mobile/15E148"
173.82.203.97 - - [19/Apr/2026:15:06:50 +0000] "GET /api/v1/register HTTP/1.1" 200 216 "-" "CFNetwork/1400.0.4 Darwin/22.0.0"
124.200.230.246 - - [19/Apr/2026:15:07:54 +0000] "GET /api/v1/user/settings HTTP/1.1" 429 850 "-" "okhttp/4.11.0"
74.233.88.137 - - [19/Apr/2026:14:27:55 +0000] "GET /api/v1/login HTTP/1.1" 304 2278 "-" "okhttp/4.11.0"
79.183.21.67 - - [19/Apr/2026:14:11:10 +0000] "GET /api/v1/password-reset HTTP/1.1" 200 3082 "-" "ReactNativeApp/1.2.3"
173.82.203.97 - - [19/Apr/2026:15:07:07 +0000] "POST /api/v1/refresh-token HTTP/1.1" 200 105 "-" "CFNetwork/1400.0.4 Darwin/22.0.0"
91.222.43.202 - - [19/Apr/2026:14:37:23 +0000] "POST /api/v1/login HTTP/1.1" 401 75 "-" "Mozilla/5.0 (Linux; Android 13; Pixel 7) AppleWebKit/537.36 Mobile Safari/537.36"
204.239.142.124 - - [19/Apr/2026:14:31:50 +0000] "GET /api/v1/orders HTTP/1.1" 201 3728 "-" "ReactNativeApp/1.2.3"
142.244.169.201 - - [19/Apr/2026:14:12:05 +0000] "GET /api/v1/products HTTP/1.1" 200 592 "-" "Mozilla/5.0 (iPhone; CPU iPhone OS 16_0) AppleWebKit/605.1.15 Mobile/15E148"
17.225.188.150 - - [19/Apr/2026:14:37:15 +0000] "POST /api/v1/login HTTP/1.1" 401 103 "-" "CFNetwork/1400.0.4 Darwin/22.0.0"
176.67.137.76 - - [19/Apr/2026:14:42:35 +0000] "GET /api/v1/user/profile HTTP/1.1" 200 3104 "-" "Mozilla/5.0 (Linux; Android 13; Pixel 7) AppleWebKit/537.36 Mobile Safari/537.36"
124.200.230.246 - - [19/Apr/2026:15:07:52 +0000] "POST /api/v1/logout HTTP/1.1" 200 406 "-" "Mozilla/5.0 (iPhone; CPU iPhone OS 16_0) AppleWebKit/605.1.15 Mobile/15E148"
124.200.230.246 - - [19/Apr/2026:15:07:13 +0000] "GET /api/v1/register HTTP/1.1" 429 950 "-" "ReactNativeApp/1.2.3"
28.83.139.31 - - [19/Apr/2026:15:37:58 +0000] "GET /api/v1/user/73 HTTP/1.1" 404 290 "-" "Mozilla/5.0 (iPhone; CPU iPhone OS 16_0) AppleWebKit/605.1.15 Mobile/15E148"
28.83.139.31 - - [19/Apr/2026:15:37:25 +0000] "GET /api/v1/user/40 HTTP/1.1" 404 287 "-" "Mozilla/5.0 (iPad; CPU OS 16_0 like Mac OS X) AppleWebKit/605.1.15 Mobile/15E148"
163.21.252.197 - - [19/Apr/2026:14:22:15 +0000] "GET /api/v1/user/profile HTTP/1.1" 304 2377 "-" "Mozilla/5.0 (iPhone; CPU iPhone OS 16_0) AppleWebKit/605.1.15 Mobile/15E148"
173.82.203.97 - - [19/Apr/2026:15:07:11 +0000] "GET /api/v1/notifications HTTP/1.1" 200 684 "-" "ReactNativeApp/1.2.3"
173.82.203.97 - - [19/Apr/2026:15:07:29 +0000] "POST /api/v1/login HTTP/1.1" 429 971 "-" "Dart/3.0 (dart:io) - Flutter App"
173.82.203.97 - - [19/Apr/2026:15:06:56 +0000] "POST /api/v1/password-reset HTTP/1.1" 429 212 "-" "Dart/3.0 (dart:io) - Flutter App"
124.200.230.246 - - [19/Apr/2026:15:07:23 +0000] "POST /api/v1/user/profile HTTP/1.1" 200 723 "-" "Mozilla/5.0 (iPad; CPU OS 16_0 like Mac OS X) AppleWebKit/605.1.15 Mobile/15E148"
85.16.113.220 - - [19/Apr/2026:14:33:50 +0000] "GET /api/v1/products HTTP/1.1" 204 1655 "-" "ReactNativeApp/1.2.3"
91.222.43.202 - - [19/Apr/2026:14:37:29 +0000] "POST /api/v1/login HTTP/1.1" 401 109 "-" "Mozilla/5.0 (iPad; CPU OS 16_0 like Mac OS X) AppleWebKit/605.1.15 Mobile/15E148"
214.6.38.216 - - [19/Apr/2026:14:47:25 +0000] "GET /api/v1/orders HTTP/1.1" 200 4826 "-" "Dart/3.0 (dart:io) - Flutter App"
193.240.250.238 - - [19/Apr/2026:14:39:05 +0000] "GET /api/v1/user/profile HTTP/1.1" 201 3109 "-" "okhttp/4.11.0"
142.255.14.150 - - [19/Apr/2026:14:43:30 +0000] "GET /api/v1/user/profile HTTP/1.1" 200 2394 "-" "okhttp/4.11.0"
176.67.137.76 - - [19/Apr/2026:14:21:20 +0000] "POST /api/v1/login HTTP/1.1" 201 519 "-" "okhttp/4.11.0"
68.168.53.105 - - [19/Apr/2026:15:37:00 +0000] "GET /api/v1/user/15 HTTP/1.1" 200 422 "-" "okhttp/4.11.0"
74.233.88.137 - - [19/Apr/2026:14:43:35 +0000] "GET /api/v1/orders HTTP/1.1" 304 3669 "-" "ReactNativeApp/1.2.3"
124.200.230.246 - - [19/Apr/2026:15:07:13 +0000] "POST /api/v1/refresh-token HTTP/1.1" 200 733 "-" "Mozilla/5.0 (Linux; Android 13; Pixel 7) AppleWebKit/537.36 Mobile Safari/537.36"
124.200.230.246 - - [19/Apr/2026:15:07:17 +0000] "POST /api/v1/search HTTP/1.1" 429 600 "-" "Mozilla/5.0 (iPad; CPU OS 16_0 like Mac OS X) AppleWebKit/605.1.15 Mobile/15E148"
74.88.117.79 - - [19/Apr/2026:14:35:40 +0000] "POST /api/v1/orders HTTP/1.1" 200 1074 "-" "Mozilla/5.0 (iPad; CPU OS 16_0 like Mac OS X) AppleWebKit/605.1.15 Mobile/15E148"
204.239.142.124 - - [19/Apr/2026:14:42:55 +0000] "GET /api/v1/orders HTTP/1.1" 200 1729 "-" "okhttp/4.11.0"
124.200.230.246 - - [19/Apr/2026:15:07:28 +0000] "POST /api/v1/password-reset HTTP/1.1" 429 295 "-" "Dart/3.0 (dart:io) - Flutter App"
173.82.203.97 - - [19/Apr/2026:15:06:46 +0000] "POST /api/v1/refresh-token HTTP/1.1" 200 581 "-" "CFNetwork/1400.0.4 Darwin/22.0.0"
28.83.139.31 - - [19/Apr/2026:15:37:56 +0000] "GET /api/v1/user/71 HTTP/1.1" 404 359 "-" "CFNetwork/1400.0.4 Darwin/22.0.0"
173.82.203.97 - - [19/Apr/2026:15:07:11 +0000] "POST /api/v1/register HTTP/1.1" 200 130 "-" "ReactNativeApp/1.2.3"
204.239.142.124 - - [19/Apr/2026:14:17:25 +0000] "GET /api/v1/logout HTTP/1.1" 204 2691 "-" "okhttp/4.11.0"
192.20.167.153 - - [19/Apr/2026:14:44:25 +0000] "GET /api/v1/products HTTP/1.1" 200 980 "-" "Mozilla/5.0 (iPad; CPU OS 16_0 like Mac OS X) AppleWebKit/605.1.15 Mobile/15E148"
110.227.2.190 - - [19/Apr/2026:14:13:10 +0000] "GET /api/v1/logout HTTP/1.1" 201 2001 "-" "ReactNativeApp/1.2.3"
68.168.53.105 - - [19/Apr/2026:15:37:05 +0000] "GET /api/v1/user/20 HTTP/1.1" 200 77 "-" "Dart/3.0 (dart:io) - Flutter App"
68.168.53.105 - - [19/Apr/2026:15:37:30 +0000] "GET /api/v1/user/45 HTTP/1.1" 404 366 "-" "okhttp/4.11.0"
28.83.139.31 - - [19/Apr/2026:15:37:20 +0000] "GET /api/v1/user/35 HTTP/1.1" 404 403 "-" "okhttp/4.11.0"
173.82.203.97 - - [19/Apr/2026:15:07:03 +0000] "GET /api/v1/user/settings HTTP/1.1" 429 156 "-" "Mozilla/5.0 (iPhone; CPU iPhone OS 16_0) AppleWebKit/605.1.15 Mobile/15E148"
173.82.203.97 - - [19/Apr/2026:15:07:34 +0000] "GET /api/v1/user/profile HTTP/1.1" 429 830 "-" "Mozilla/5.0 (Linux; Android 13; Pixel 7) AppleWebKit/537.36 Mobile Safari/537.36"
54.186.111.7 - - [19/Apr/2026:14:23:10 +0000] "GET /api/v1/notifications HTTP/1.1" 304 1479 "-" "Dart/3.0 (dart:io) - Flutter App"
184.149.8.60 - - [19/Apr/2026:14:17:45 +0000] "POST /api/v1/user/profile HTTP/1.1" 201 2782 "-" "Mozilla/5.0 (iPad; CPU OS 16_0 like Mac OS X) AppleWebKit/605.1.15 Mobile/15E148"
173.82.203.97 - - [19/Apr/2026:15:07:09 +0000] "GET /api/v1/login HTTP/1.1" 429 182 "-" "Mozilla/5.0 (iPad; CPU OS 16_0 like Mac OS X) AppleWebKit/605.1.15 Mobile/15E148"
79.183.21.67 - - [19/Apr/2026:14:46:30 +0000] "GET /api/v1/refresh-token HTTP/1.1" 200 4238 "-" "Mozilla/5.0 (Linux; Android 13; Pixel 7) AppleWebKit/537.36 Mobile Safari/537.36"
80.191.105.108 - - [19/Apr/2026:14:37:53 +0000] "POST /api/v1/login HTTP/1.1" 401 111 "-" "Dart/3.0 (dart:io) - Flutter App"
119.134.232.66 - - [19/Apr/2026:14:40:15 +0000] "GET /api/v1/user/settings HTTP/1.1" 201 1598 "-" "CFNetwork/1400.0.4 Darwin/22.0.0"
174.42.71.156 - - [19/Apr/2026:14:07:00 +0000] "GET /api/v1/orders HTTP/1.1" 200 1866 "-" "okhttp/4.11.0"
60.204.245.135 - - [19/Apr/2026:14:24:05 +0000] "POST /api/v1/user/profile HTTP/1.1" 304 2450 "-" "Mozilla/5.0 (iPhone; CPU iPhone OS 16_0) AppleWebKit/605.1.15 Mobile/15E148"
184.149.8.60 - - [19/Apr/2026:14:08:50 +0000] "GET /api/v1/notifications HTTP/1.1" 200 3218 "-" "ReactNativeApp/1.2.3"
28.83.139.31 - - [19/Apr/2026:15:36:55 +0000] "GET /api/v1/user/10 HTTP/1.1" 200 316 "-" "Dart/3.0 (dart:io) - Flutter App"
95.181.24.164 - - [19/Apr/2026:14:25:00 +0000] "POST /api/v1/user/settings HTTP/1.1" 204 3957 "-" "Mozilla/5.0 (Linux; Android 13; Pixel 7) AppleWebKit/537.36 Mobile Safari/537.36"
36.152.180.183 - - [19/Apr/2026:14:41:15 +0000] "GET /api/v1/refresh-token HTTP/1.1" 200 1247 "-" "CFNetwork/1400.0.4 Darwin/22.0.0"
91.222.43.202 - - [19/Apr/2026:14:37:01 +0000] "POST /api/v1/login HTTP/1.1" 401 184 "-" "CFNetwork/1400.0.4 Darwin/22.0.0"
68.168.53.105 - - [19/Apr/2026:15:37:38 +0000] "GET /api/v1/user/53 HTTP/1.1" 404 137 "-" "Mozilla/5.0 (iPhone; CPU iPhone OS 16_0) AppleWebKit/605.1.15 Mobile/15E148"
22.54.92.172 - - [19/Apr/2026:14:11:30 +0000] "GET /api/v1/logout HTTP/1.1" 200 4487 "-" "ReactNativeApp/1.2.3"
143.231.12.235 - - [19/Apr/2026:14:14:40 +0000] "GET /api/v1/search HTTP/1.1" 200 244 "-" "Mozilla/5.0 (iPhone; CPU iPhone OS 16_0) AppleWebKit/605.1.15 Mobile/15E148"
124.200.230.246 - - [19/Apr/2026:15:06:50 +0000] "GET /api/v1/products HTTP/1.1" 429 606 "-" "Mozilla/5.0 (iPhone; CPU iPhone OS 16_0) AppleWebKit/605.1.15 Mobile/15E148"
54.186.111.7 - - [19/Apr/2026:14:46:25 +0000] "GET /api/v1/orders HTTP/1.1" 304 2859 "-" "Mozilla/5.0 (iPad; CPU OS 16_0 like Mac OS X) AppleWebKit/605.1.15 Mobile/15E148"
42.149.157.56 - - [19/Apr/2026:14:39:20 +0000] "GET /api/v1/user/settings HTTP/1.1" 200 2087 "-" "Mozilla/5.0 (iPad; CPU OS 16_0 like Mac OS X) AppleWebKit/605.1.15 Mobile/15E148"
211.101.34.75 - - [19/Apr/2026:14:41:35 +0000] "GET /api/v1/notifications HTTP/1.1" 200 3138 "-" "okhttp/4.11.0"
91.222.43.202 - - [19/Apr/2026:14:37:47 +0000] "POST /api/v1/login HTTP/1.1" 401 190 "-" "Mozilla/5.0 (Linux; Android 13; Pixel 7) AppleWebKit/537.36 Mobile Safari/537.36"
95.181.24.164 - - [19/Apr/2026:14:19:35 +0000] "GET /api/v1/search HTTP/1.1" 200 1880 "-" "Dart/3.0 (dart:io) - Flutter App"
124.200.230.246 - - [19/Apr/2026:15:07:33 +0000] "GET /api/v1/user/profile HTTP/1.1" 200 679 "-" "CFNetwork/1400.0.4 Darwin/22.0.0"
20.13.183.57 - - [19/Apr/2026:14:11:55 +0000] "GET /api/v1/password-reset HTTP/1.1" 200 1117 "-" "ReactNativeApp/1.2.3"
68.168.53.105 - - [19/Apr/2026:15:37:41 +0000] "GET /api/v1/user/56 HTTP/1.1" 200 194 "-" "Mozilla/5.0 (iPhone; CPU iPhone OS 16_0) AppleWebKit/605.1.15 Mobile/15E148"
16.245.30.222 - - [19/Apr/2026:14:13:30 +0000] "POST /api/v1/register HTTP/1.1" 200 3087 "-" "okhttp/4.11.0"
41.172.235.157 - - [19/Apr/2026:14:23:00 +0000] "GET /api/v1/notifications HTTP/1.1" 200 1894 "-" "ReactNativeApp/1.2.3"
75.110.57.65 - - [19/Apr/2026:14:26:35 +0000] "GET /api/v1/orders HTTP/1.1" 200 3897 "-" "Mozilla/5.0 (Linux; Android 13; Pixel 7) AppleWebKit/537.36 Mobile Safari/537.36"
95.181.24.164 - - [19/Apr/2026:14:15:55 +0000] "POST /api/v1/login HTTP/1.1" 200 3042 "-" "CFNetwork/1400.0.4 Darwin/22.0.0"
124.200.230.246 - - [19/Apr/2026:15:07:06 +0000] "GET /api/v1/products HTTP/1.1" 200 467 "-" "Mozilla/5.0 (iPhone; CPU iPhone OS 16_0) AppleWebKit/605.1.15 Mobile/15E148"
68.168.53.105 - - [19/Apr/2026:15:37:08 +0000] "GET /api/v1/user/23 HTTP/1.1" 200 213 "-" "Mozilla/5.0 (iPad; CPU OS 16_0 like Mac OS X) AppleWebKit/605.1.15 Mobile/15E148"
79.183.21.67 - - [19/Apr/2026:14:24:50 +0000] "GET /api/v1/user/settings HTTP/1.1" 200 1610 "-" "CFNetwork/1400.0.4 Darwin/22.0.0"
130.59.115.241 - - [19/Apr/2026:14:36:10 +0000] "GET /api/v1/payment HTTP/1.1" 304 2402 "-" "Mozilla/5.0 (iPad; CPU OS 16_0 like Mac OS X) AppleWebKit/605.1.15 Mobile/15E148"
91.222.43.202 - - [19/Apr/2026:14:37:27 +0000] "POST /api/v1/login HTTP/1.1" 401 62 "-" "Dart/3.0 (dart:io) - Flutter App"
173.82.203.97 - - [19/Apr/2026:15:06:59 +0000] "GET /api/v1/password-reset HTTP/1.1" 200 275 "-" "Mozilla/5.0 (Linux; Android 13; Pixel 7) AppleWebKit/537.36 Mobile Safari/537.36"
36.152.180.183 - - [19/Apr/2026:14:43:45 +0000] "GET /api/v1/user/settings HTTP/1.1" 201 4702 "-" "ReactNativeApp/1.2.3"
172.12.6.2 - - [19/Apr/2026:14:33:05 +0000] "GET /api/v1/search HTTP/1.1" 200 4481 "-" "okhttp/4.11.0"
151.116.77.146 - - [19/Apr/2026:14:19:10 +0000] "POST /api/v1/orders HTTP/1.1" 200 213 "-" "Dart/3.0 (dart:io) - Flutter App"
68.168.53.105 - - [19/Apr/2026:15:36:51 +0000] "GET /api/v1/user/6 HTTP/1.1" 200 498 "-" "Mozilla/5.0 (iPad; CPU OS 16_0 like Mac OS X) AppleWebKit/605.1.15 Mobile/15E148"
65.15.129.161 - - [19/Apr/2026:14:34:35 +0000] "GET /api/v1/orders HTTP/1.1" 304 246 "-" "Mozilla/5.0 (Linux; Android 13; Pixel 7) AppleWebKit/537.36 Mobile Safari/537.36"
214.6.38.216 - - [19/Apr/2026:14:13:05 +0000] "GET /api/v1/orders HTTP/1.1" 201 1793 "-" "okhttp/4.11.0"
124.200.230.246 - - [19/Apr/2026:15:07:03 +0000] "GET /api/v1/user/profile HTTP/1.1" 200 554 "-" "CFNetwork/1400.0.4 Darwin/22.0.0"
186.228.129.165 - - [19/Apr/2026:14:45:25 +0000] "POST /api/v1/password-reset HTTP/1.1" 201 1396 "-" "okhttp/4.11.0"
75.110.57.65 - - [19/Apr/2026:14:25:10 +0000] "POST /api/v1/notifications HTTP/1.1" 200 4169 "-" "Mozilla/5.0 (iPad; CPU OS 16_0 like Mac OS X) AppleWebKit/605.1.15 Mobile/15E148"
80.191.105.108 - - [19/Apr/2026:14:37:27 +0000] "POST /api/v1/login HTTP/1.1" 401 178 "-" "Mozilla/5.0 (iPhone; CPU iPhone OS 16_0) AppleWebKit/605.1.15 Mobile/15E148"
95.181.24.164 - - [19/Apr/2026:14:07:50 +0000] "GET /api/v1/password-reset HTTP/1.1" 200 3748 "-" "ReactNativeApp/1.2.3"
176.67.137.76 - - [19/Apr/2026:14:28:25 +0000] "GET /api/v1/password-reset HTTP/1.1" 201 2710 "-" "Mozilla/5.0 (iPhone; CPU iPhone OS 16_0) AppleWebKit/605.1.15 Mobile/15E148"
204.239.142.124 - - [19/Apr/2026:14:44:15 +0000] "GET /api/v1/notifications HTTP/1.1" 200 952 "-" "Dart/3.0 (dart:io) - Flutter App"
68.168.53.105 - - [19/Apr/2026:15:37:37 +0000] "GET /api/v1/user/52 HTTP/1.1" 200 436 "-" "ReactNativeApp/1.2.3"
131.25.44.7 - - [19/Apr/2026:14:21:30 +0000] "GET /api/v1/user/profile HTTP/1.1" 204 1029 "-" "Dart/3.0 (dart:io) - Flutter App"
52.43.193.6 - - [19/Apr/2026:14:30:35 +0000] "GET /api/v1/user/settings HTTP/1.1" 200 1777 "-" "Mozilla/5.0 (iPad; CPU OS 16_0 like Mac OS X) AppleWebKit/605.1.15 Mobile/15E148"
60.204.245.135 - - [19/Apr/2026:14:20:20 +0000] "GET /api/v1/logout HTTP/1.1" 200 475 "-" "Mozilla/5.0 (Linux; Android 13; Pixel 7) AppleWebKit/537.36 Mobile Safari/537.36"
124.200.230.246 - - [19/Apr/2026:15:07:49 +0000] "GET /api/v1/user/profile HTTP/1.1" 200 972 "-" "ReactNativeApp/1.2.3"
28.83.139.31 - - [19/Apr/2026:15:36:48 +0000] "GET /api/v1/user/3 HTTP/1.1" 200 356 "-" "Dart/3.0 (dart:io) - Flutter App"
28.83.139.31 - - [19/Apr/2026:15:36:46 +0000] "GET /api/v1/user/1 HTTP/1.1" 404 323 "-" "ReactNativeApp/1.2.3"
80.191.105.108 - - [19/Apr/2026:14:36:55 +0000] "POST /api/v1/login HTTP/1.1" 401 53 "-" "Mozilla/5.0 (iPhone; CPU iPhone OS 16_0) AppleWebKit/605.1.15 Mobile/15E148"
41.172.235.157 - - [19/Apr/2026:14:42:40 +0000] "GET /api/v1/password-reset HTTP/1.1" 200 3917 "-" "Mozilla/5.0 (iPad; CPU OS 16_0 like Mac OS X) AppleWebKit/605.1.15 Mobile/15E148"
124.200.230.246 - - [19/Apr/2026:15:07:12 +0000] "GET /api/v1/login HTTP/1.1" 200 243 "-" "Mozilla/5.0 (iPad; CPU OS 16_0 like Mac OS X) AppleWebKit/605.1.15 Mobile/15E148"
124.200.230.246 - - [19/Apr/2026:15:06:48 +0000] "GET /api/v1/products HTTP/1.1" 200 103 "-" "CFNetwork/1400.0.4 Darwin/22.0.0"
193.240.250.238 - - [19/Apr/2026:14:17:05 +0000] "GET /api/v1/login HTTP/1.1" 204 3413 "-" "Mozilla/5.0 (iPhone; CPU iPhone OS 16_0) AppleWebKit/605.1.15 Mobile/15E148"
151.116.77.146 - - [19/Apr/2026:14:30:45 +0000] "GET /api/v1/products HTTP/1.1" 201 989 "-" "okhttp/4.11.0"
74.233.88.137 - - [19/Apr/2026:14:10:05 +0000] "POST /api/v1/refresh-token HTTP/1.1" 200 1339 "-" "CFNetwork/1400.0.4 Darwin/22.0.0"
28.83.139.31 - - [19/Apr/2026:15:37:04 +0000] "GET /api/v1/user/19 HTTP/1.1" 200 126 "-" "Mozilla/5.0 (Linux; Android 13; Pixel 7) AppleWebKit/537.36 Mobile Safari/537.36"
80.191.105.108 - - [19/Apr/2026:14:36:53 +0000] "POST /api/v1/login HTTP/1.1" 401 148 "-" "Mozilla/5.0 (iPhone; CPU iPhone OS 16_0) AppleWebKit/605.1.15 Mobile/15E148"
28.83.139.31 - - [19/Apr/2026:15:37:34 +0000] "GET /api/v1/user/49 HTTP/1.1" 200 186 "-" "CFNetwork/1400.0.4 Darwin/22.0.0"
173.82.203.97 - - [19/Apr/2026:15:06:47 +0000] "GET /api/v1/register HTTP/1.1" 200 322 "-" "CFNetwork/1400.0.4 Darwin/22.0.0"
124.200.230.246 - - [19/Apr/2026:15:06:49 +0000] "POST /api/v1/refresh-token HTTP/1.1" 429 350 "-" "CFNetwork/1400.0.4 Darwin/22.0.0"
68.168.53.105 - - [19/Apr/2026:15:37:04 +0000] "GET /api/v1/user/19 HTTP/1.1" 404 141 "-" "ReactNativeApp/1.2.3"
173.82.203.97 - - [19/Apr/2026:15:07:34 +0000] "GET /api/v1/payment HTTP/1.1" 429 319 "-" "Mozilla/5.0 (iPhone; CPU iPhone OS 16_0) AppleWebKit/605.1.15 Mobile/15E148"
95.181.24.164 - - [19/Apr/2026:14:43:05 +0000] "GET /api/v1/refresh-token HTTP/1.1" 200 3997 "-" "Mozilla/5.0 (iPhone; CPU iPhone OS 16_0) AppleWebKit/605.1.15 Mobile/15E148"
4.104.247.41 - - [19/Apr/2026:14:35:15 +0000] "GET /api/v1/register HTTP/1.1" 200 3959 "-" "Mozilla/5.0 (iPhone; CPU iPhone OS 16_0) AppleWebKit/605.1.15 Mobile/15E148"
178.138.220.235 - - [19/Apr/2026:14:14:30 +0000] "POST /api/v1/products HTTP/1.1" 200 4697 "-" "Mozilla/5.0 (Linux; Android 13; Pixel 7) AppleWebKit/537.36 Mobile Safari/537.36"
28.83.139.31 - - [19/Apr/2026:15:36:50 +0000] "GET /api/v1/user/5 HTTP/1.1" 404 56 "-" "Dart/3.0 (dart:io) - Flutter App"
28.83.139.31 - - [19/Apr/2026:15:37:33 +0000] "GET /api/v1/user/48 HTTP/1.1" 200 159 "-" "Dart/3.0 (dart:io) - Flutter App"
173.82.203.97 - - [19/Apr/2026:15:07:28 +0000] "POST /api/v1/password-reset HTTP/1.1" 429 411 "-" "Dart/3.0 (dart:io) - Flutter App"
28.83.139.31 - - [19/Apr/2026:15:37:14 +0000] "GET /api/v1/user/29 HTTP/1.1" 404 409 "-" "okhttp/4.11.0"
124.200.230.246 - - [19/Apr/2026:15:07:34 +0000] "POST /api/v1/products HTTP/1.1" 429 770 "-" "okhttp/4.11.0"
151.116.77.146 - - [19/Apr/2026:14:46:10 +0000] "POST /api/v1/refresh-token HTTP/1.1" 200 672 "-" "ReactNativeApp/1.2.3"
52.43.193.6 - - [19/Apr/2026:14:32:00 +0000] "GET /api/v1/refresh-token HTTP/1.1" 201 1561 "-" "Mozilla/5.0 (iPad; CPU OS 16_0 like Mac OS X) AppleWebKit/605.1.15 Mobile/15E148"
130.59.115.241 - - [19/Apr/2026:14:17:15 +0000] "GET /api/v1/password-reset HTTP/1.1" 304 3929 "-" "okhttp/4.11.0"
124.200.230.246 - - [19/Apr/2026:15:07:14 +0000] "GET /api/v1/password-reset HTTP/1.1" 429 735 "-" "Mozilla/5.0 (iPhone; CPU iPhone OS 16_0) AppleWebKit/605.1.15 Mobile/15E148"
172.53.170.123 - - [19/Apr/2026:14:26:30 +0000] "GET /api/v1/register HTTP/1.1" 200 1670 "-" "Mozilla/5.0 (Linux; Android 13; Pixel 7) AppleWebKit/537.36 Mobile Safari/537.36"
36.152.180.183 - - [19/Apr/2026:14:31:00 +0000] "GET /api/v1/search HTTP/1.1" 201 312 "-" "Mozilla/5.0 (iPhone; CPU iPhone OS 16_0) AppleWebKit/605.1.15 Mobile/15E148"
159.76.73.158 - - [19/Apr/2026:14:29:00 +0000] "GET /api/v1/refresh-token HTTP/1.1" 200 2504 "-" "Dart/3.0 (dart:io) - Flutter App"
16.245.30.222 - - [19/Apr/2026:14:12:50 +0000] "GET /api/v1/user/settings HTTP/1.1" 304 1280 "-" "Mozilla/5.0 (Linux; Android 13; Pixel 7) AppleWebKit/537.36 Mobile Safari/537.36"
124.200.230.246 - - [19/Apr/2026:15:07:01 +0000] "GET /api/v1/register HTTP/1.1" 200 591 "-" "Mozilla/5.0 (iPad; CPU OS 16_0 like Mac OS X) AppleWebKit/605.1.15 Mobile/15E148"
124.200.230.246 - - [19/Apr/2026:15:07:56 +0000] "GET /api/v1/payment HTTP/1.1" 429 634 "-" "Dart/3.0 (dart:io) - Flutter App"
54.186.111.7 - - [19/Apr/2026:14:23:15 +0000] "POST /api/v1/login HTTP/1.1" 200 4203 "-" "okhttp/4.11.0"
211.101.34.75 - - [19/Apr/2026:14:13:15 +0000] "GET /api/v1/refresh-token HTTP/1.1" 200 1807 "-" "Mozilla/5.0 (iPad; CPU OS 16_0 like Mac OS X) AppleWebKit/605.1.15 Mobile/15E148"
68.168.53.105 - - [19/Apr/2026:15:37:07 +0000] "GET /api/v1/user/22 HTTP/1.1" 404 337 "-" "Mozilla/5.0 (iPad; CPU OS 16_0 like Mac OS X) AppleWebKit/605.1.15 Mobile/15E148"
17.225.188.150 - - [19/Apr/2026:14:36:59 +0000] "POST /api/v1/login HTTP/1.1" 401 128 "-" "Mozilla/5.0 (Linux; Android 13; Pixel 7) AppleWebKit/537.36 Mobile Safari/537.36"
143.231.12.235 - - [19/Apr/2026:14:15:50 +0000] "GET /api/v1/payment HTTP/1.1" 201 598 "-" "Dart/3.0 (dart:io) - Flutter App"
91.222.43.202 - - [19/Apr/2026:14:37:07 +0000] "POST /api/v1/login HTTP/1.1" 401 81 "-" "Mozilla/5.0 (iPhone; CPU iPhone OS 16_0) AppleWebKit/605.1.15 Mobile/15E148"
124.200.230.246 - - [19/Apr/2026:15:07:53 +0000] "GET /api/v1/orders HTTP/1.1" 200 788 "-" "CFNetwork/1400.0.4 Darwin/22.0.0"
91.222.43.202 - - [19/Apr/2026:14:36:45 +0000] "POST /api/v1/login HTTP/1.1" 401 103 "-" "Mozilla/5.0 (iPhone; CPU iPhone OS 16_0) AppleWebKit/605.1.15 Mobile/15E148"
65.15.129.161 - - [19/Apr/2026:14:08:45 +0000] "GET /api/v1/products HTTP/1.1" 304 2885 "-" "Mozilla/5.0 (iPhone; CPU iPhone OS 16_0) AppleWebKit/605.1.15 Mobile/15E148"
173.82.203.97 - - [19/Apr/2026:15:07:06 +0000] "GET /api/v1/search HTTP/1.1" 200 360 "-" "Mozilla/5.0 (Linux; Android 13; Pixel 7) AppleWebKit/537.36 Mobile Safari/537.36"
124.200.230.246 - - [19/Apr/2026:15:07:52 +0000] "GET /api/v1/payment HTTP/1.1" 429 712 "-" "okhttp/4.11.0"
28.83.139.31 - - [19/Apr/2026:15:37:47 +0000] "GET /api/v1/user/62 HTTP/1.1" 404 373 "-" "CFNetwork/1400.0.4 Darwin/22.0.0"
28.83.139.31 - - [19/Apr/2026:15:37:13 +0000] "GET /api/v1/user/28 HTTP/1.1" 200 454 "-" "Dart/3.0 (dart:io) - Flutter App"
68.168.53.105 - - [19/Apr/2026:15:37:35 +0000] "GET /api/v1/user/50 HTTP/1.1" 404 56 "-" "Mozilla/5.0 (iPad; CPU OS 16_0 like Mac OS X) AppleWebKit/605.1.15 Mobile/15E148"
68.168.53.105 - - [19/Apr/2026:15:36:56 +0000] "GET /api/v1/user/11 HTTP/1.1" 404 331 "-" "ReactNativeApp/1.2.3"
80.191.105.108 - - [19/Apr/2026:14:37:49 +0000] "POST /api/v1/login HTTP/1.1" 401 188 "-" "CFNetwork/1400.0.4 Darwin/22.0.0"
68.168.53.105 - - [19/Apr/2026:15:37:25 +0000] "GET /api/v1/user/40 HTTP/1.1" 404 466 "-" "CFNetwork/1400.0.4 Darwin/22.0.0"
75.110.57.65 - - [19/Apr/2026:14:37:00 +0000] "GET /api/v1/orders HTTP/1.1" 201 4814 "-" "okhttp/4.11.0"
134.135.119.74 - - [19/Apr/2026:14:39:15 +0000] "GET /api/v1/user/settings HTTP/1.1" 200 3352 "-" "CFNetwork/1400.0.4 Darwin/22.0.0"
174.42.71.156 - - [19/Apr/2026:14:18:40 +0000] "GET /api/v1/payment HTTP/1.1" 200 559 "-" "okhttp/4.11.0"
192.20.167.153 - - [19/Apr/2026:14:11:50 +0000] "POST /api/v1/password-reset HTTP/1.1" 200 1913 "-" "okhttp/4.11.0"
28.83.139.31 - - [19/Apr/2026:15:36:59 +0000] "GET /api/v1/user/14 HTTP/1.1" 200 390 "-" "ReactNativeApp/1.2.3"
16.245.30.222 - - [19/Apr/2026:14:40:30 +0000] "POST /api/v1/password-reset HTTP/1.1" 201 1581 "-" "CFNetwork/1400.0.4 Darwin/22.0.0"
28.83.139.31 - - [19/Apr/2026:15:37:11 +0000] "GET /api/v1/user/26 HTTP/1.1" 404 411 "-" "ReactNativeApp/1.2.3"
42.149.157.56 - - [19/Apr/2026:14:20:15 +0000] "GET /api/v1/user/profile HTTP/1.1" 201 2801 "-" "Mozilla/5.0 (iPhone; CPU iPhone OS 16_0) AppleWebKit/605.1.15 Mobile/15E148"
85.16.113.220 - - [19/Apr/2026:14:41:40 +0000] "GET /api/v1/user/profile HTTP/1.1" 201 824 "-" "Dart/3.0 (dart:io) - Flutter App"
28.83.139.31 - - [19/Apr/2026:15:37:37 +0000] "GET /api/v1/user/52 HTTP/1.1" 404 228 "-" "Mozilla/5.0 (iPad; CPU OS 16_0 like Mac OS X) AppleWebKit/605.1.15 Mobile/15E148"
173.82.203.97 - - [19/Apr/2026:15:06:57 +0000] "POST /api/v1/password-reset HTTP/1.1" 200 990 "-" "ReactNativeApp/1.2.3"
28.83.139.31 - - [19/Apr/2026:15:37:24 +0000] "GET /api/v1/user/39 HTTP/1.1" 200 291 "-" "ReactNativeApp/1.2.3"
112.77.18.152 - - [19/Apr/2026:14:10:10 +0000] "POST /api/v1/logout HTTP/1.1" 200 4150 "-" "Dart/3.0 (dart:io) - Flutter App"
57.182.48.120 - - [19/Apr/2026:14:29:10 +0000] "GET /api/v1/refresh-token HTTP/1.1" 200 4685 "-" "CFNetwork/1400.0.4 Darwin/22.0.0"
110.227.2.190 - - [19/Apr/2026:14:16:45 +0000] "GET /api/v1/register HTTP/1.1" 200 2536 "-" "okhttp/4.11.0"
41.172.235.157 - - [19/Apr/2026:14:46:50 +0000] "GET /api/v1/orders HTTP/1.1" 304 3378 "-" "CFNetwork/1400.0.4 Darwin/22.0.0"
68.168.53.105 - - [19/Apr/2026:15:37:32 +0000] "GET /api/v1/user/47 HTTP/1.1" 200 69 "-" "Mozilla/5.0 (Linux; Android 13; Pixel 7) AppleWebKit/537.36 Mobile Safari/537.36"
163.21.252.197 - - [19/Apr/2026:14:29:15 +0000] "GET /api/v1/login HTTP/1.1" 201 3761 "-" "ReactNativeApp/1.2.3"
170.4.14.29 - - [19/Apr/2026:14:29:30 +0000] "GET /api/v1/products HTTP/1.1" 200 1804 "-" "okhttp/4.11.0"
91.222.43.202 - - [19/Apr/2026:14:37:05 +0000] "POST /api/v1/login HTTP/1.1" 401 155 "-" "Mozilla/5.0 (iPad; CPU OS 16_0 like Mac OS X) AppleWebKit/605.1.15 Mobile/15E148"
184.149.8.60 - - [19/Apr/2026:14:37:05 +0000] "GET /api/v1/logout HTTP/1.1" 200 1142 "-" "Mozilla/5.0 (Linux; Android 13; Pixel 7) AppleWebKit/537.36 Mobile Safari/537.36"
174.42.71.156 - - [19/Apr/2026:14:07:30 +0000] "GET /api/v1/user/settings HTTP/1.1" 200 4277 "-" "Mozilla/5.0 (iPad; CPU OS 16_0 like Mac OS X) AppleWebKit/605.1.15 Mobile/15E148"
124.200.230.246 - - [19/Apr/2026:15:07:39 +0000] "GET /api/v1/user/settings HTTP/1.1" 429 533 "-" "Mozilla/5.0 (Linux; Android 13; Pixel 7) AppleWebKit/537.36 Mobile Safari/537.36"
159.76.73.158 - - [19/Apr/2026:14:10:30 +0000] "GET /api/v1/refresh-token HTTP/1.1" 304 2731 "-" "Mozilla/5.0 (iPhone; CPU iPhone OS 16_0) AppleWebKit/605.1.15 Mobile/15E148"
172.53.170.123 - - [19/Apr/2026:14:46:15 +0000] "GET /api/v1/notifications HTTP/1.1" 200 4596 "-" "okhttp/4.11.0"
68.168.53.105 - - [19/Apr/2026:15:37:22 +0000] "GET /api/v1/user/37 HTTP/1.1" 404 382 "-" "ReactNativeApp/1.2.3"
95.181.24.164 - - [19/Apr/2026:14:10:40 +0000] "POST /api/v1/user/settings HTTP/1.1" 200 3711 "-" "okhttp/4.11.0"
95.181.24.164 - - [19/Apr/2026:14:43:25 +0000] "GET /api/v1/logout HTTP/1.1" 200 3752 "-" "CFNetwork/1400.0.4 Darwin/22.0.0"
211.101.34.75 - - [19/Apr/2026:14:47:50 +0000] "GET /api/v1/notifications HTTP/1.1" 200 1358 "-" "ReactNativeApp/1.2.3"
192.20.167.153 - - [19/Apr/2026:14:18:30 +0000] "GET /api/v1/password-reset HTTP/1.1" 200 2321 "-" "ReactNativeApp/1.2.3"
159.76.73.158 - - [19/Apr/2026:14:39:45 +0000] "GET /api/v1/user/settings HTTP/1.1" 201 1635 "-" "Mozilla/5.0 (iPhone; CPU iPhone OS 16_0) AppleWebKit/605.1.15 Mobile/15E148"
124.200.230.246 - - [19/Apr/2026:15:07:05 +0000] "GET /api/v1/password-reset HTTP/1.1" 429 139 "-" "Dart/3.0 (dart:io) - Flutter App"
173.82.203.97 - - [19/Apr/2026:15:07:15 +0000] "GET /api/v1/login HTTP/1.1" 429 147 "-" "Mozilla/5.0 (iPhone; CPU iPhone OS 16_0) AppleWebKit/605.1.15 Mobile/15E148"
178.138.220.235 - - [19/Apr/2026:14:25:45 +0000] "GET /api/v1/notifications HTTP/1.1" 200 2222 "-" "Mozilla/5.0 (Linux; Android 13; Pixel 7) AppleWebKit/537.36 Mobile Safari/537.36"
211.101.34.75 - - [19/Apr/2026:14:19:05 +0000] "GET /api/v1/search HTTP/1.1" 204 3704 "-" "Dart/3.0 (dart:io) - Flutter App"
28.83.139.31 - - [19/Apr/2026:15:36:53 +0000] "GET /api/v1/user/8 HTTP/1.1" 200 306 "-" "okhttp/4.11.0"
28.83.139.31 - - [19/Apr/2026:15:36:54 +0000] "GET /api/v1/user/9 HTTP/1.1" 200 99 "-" "Mozilla/5.0 (Linux; Android 13; Pixel 7) AppleWebKit/537.36 Mobile Safari/537.36"
143.231.12.235 - - [19/Apr/2026:14:29:50 +0000] "GET /api/v1/orders HTTP/1.1" 204 4629 "-" "CFNetwork/1400.0.4 Darwin/22.0.0"
174.42.71.156 - - [19/Apr/2026:14:24:45 +0000] "GET /api/v1/payment HTTP/1.1" 200 3863 "-" "okhttp/4.11.0"
184.99.113.94 - - [19/Apr/2026:14:11:00 +0000] "GET /api/v1/user/profile HTTP/1.1" 200 2363 "-" "CFNetwork/1400.0.4 Darwin/22.0.0"
79.183.21.67 - - [19/Apr/2026:14:30:30 +0000] "GET /api/v1/logout HTTP/1.1" 200 3616 "-" "Dart/3.0 (dart:io) - Flutter App"
193.240.250.238 - - [19/Apr/2026:14:08:20 +0000] "GET /api/v1/register HTTP/1.1" 204 535 "-" "CFNetwork/1400.0.4 Darwin/22.0.0"
80.191.105.108 - - [19/Apr/2026:14:37:13 +0000] "POST /api/v1/login HTTP/1.1" 401 171 "-" "CFNetwork/1400.0.4 Darwin/22.0.0"
112.77.18.152 - - [19/Apr/2026:14:36:45 +0000] "GET /api/v1/search HTTP/1.1" 200 4540 "-" "Mozilla/5.0 (Linux; Android 13; Pixel 7) AppleWebKit/537.36 Mobile Safari/537.36"
4.104.247.41 - - [19/Apr/2026:14:32:25 +0000] "GET /api/v1/orders HTTP/1.1" 201 4163 "-" "okhttp/4.11.0"
28.83.139.31 - - [19/Apr/2026:15:37:48 +0000] "GET /api/v1/user/63 HTTP/1.1" 200 188 "-" "Mozilla/5.0 (Linux; Android 13; Pixel 7) AppleWebKit/537.36 Mobile Safari/537.36"
142.244.169.201 - - [19/Apr/2026:14:16:55 +0000] "POST /api/v1/notifications HTTP/1.1" 204 707 "-" "okhttp/4.11.0"
28.83.139.31 - - [19/Apr/2026:15:37:21 +0000] "GET /api/v1/user/36 HTTP/1.1" 404 389 "-" "CFNetwork/1400.0.4 Darwin/22.0.0"
184.149.8.60 - - [19/Apr/2026:14:08:25 +0000] "GET /api/v1/refresh-token HTTP/1.1" 200 292 "-" "Dart/3.0 (dart:io) - Flutter App"
173.82.203.97 - - [19/Apr/2026:15:07:08 +0000] "GET /api/v1/login HTTP/1.1" 429 751 "-" "ReactNativeApp/1.2.3"
17.225.188.150 - - [19/Apr/2026:14:37:27 +0000] "POST /api/v1/login HTTP/1.1" 401 194 "-" "Mozilla/5.0 (iPad; CPU OS 16_0 like Mac OS X) AppleWebKit/605.1.15 Mobile/15E148"
124.200.230.246 - - [19/Apr/2026:15:07:27 +0000] "POST /api/v1/user/settings HTTP/1.1" 200 882 "-" "Mozilla/5.0 (Linux; Android 13; Pixel 7) AppleWebKit/537.36 Mobile Safari/537.36"
124.200.230.246 - - [19/Apr/2026:15:07:10 +0000] "GET /api/v1/login HTTP/1.1" 200 823 "-" "okhttp/4.11.0"
28.83.139.31 - - [19/Apr/2026:15:37:18 +0000] "GET /api/v1/user/33 HTTP/1.1" 200 200 "-" "Mozilla/5.0 (Linux; Android 13; Pixel 7) AppleWebKit/537.36 Mobile Safari/537.36"
124.200.230.246 - - [19/Apr/2026:15:07:30 +0000] "GET /api/v1/user/settings HTTP/1.1" 200 920 "-" "Dart/3.0 (dart:io) - Flutter App"
54.186.111.7 - - [19/Apr/2026:14:34:20 +0000] "GET /api/v1/login HTTP/1.1" 200 2486 "-" "ReactNativeApp/1.2.3"
17.225.188.150 - - [19/Apr/2026:14:37:11 +0000] "POST /api/v1/login HTTP/1.1" 401 182 "-" "Mozilla/5.0 (iPad; CPU OS 16_0 like Mac OS X) AppleWebKit/605.1.15 Mobile/15E148"
79.183.21.67 - - [19/Apr/2026:14:34:25 +0000] "GET /api/v1/search HTTP/1.1" 200 4020 "-" "Mozilla/5.0 (iPhone; CPU iPhone OS 16_0) AppleWebKit/605.1.15 Mobile/15E148"
112.77.18.152 - - [19/Apr/2026:14:39:25 +0000] "GET /api/v1/login HTTP/1.1" 304 4329 "-" "okhttp/4.11.0"
52.43.193.6 - - [19/Apr/2026:14:16:50 +0000] "GET /api/v1/orders HTTP/1.1" 200 2177 "-" "Mozilla/5.0 (iPhone; CPU iPhone OS 16_0) AppleWebKit/605.1.15 Mobile/15E148"
91.222.43.202 - - [19/Apr/2026:14:36:59 +0000] "POST /api/v1/login HTTP/1.1" 401 112 "-" "CFNetwork/1400.0.4 Darwin/22.0.0"
68.168.53.105 - - [19/Apr/2026:15:37:26 +0000] "GET /api/v1/user/41 HTTP/1.1" 200 229 "-" "ReactNativeApp/1.2.3"
28.83.139.31 - - [19/Apr/2026:15:37:49 +0000] "GET /api/v1/user/64 HTTP/1.1" 200 391 "-" "Mozilla/5.0 (iPad; CPU OS 16_0 like Mac OS X) AppleWebKit/605.1.15 Mobile/15E148"
91.222.43.202 - - [19/Apr/2026:14:37:09 +0000] "POST /api/v1/login HTTP/1.1" 401 192 "-" "Mozilla/5.0 (iPad; CPU OS 16_0 like Mac OS X) AppleWebKit/605.1.15 Mobile/15E148"
176.86.71.7 - - [19/Apr/2026:14:31:45 +0000] "GET /api/v1/notifications HTTP/1.1" 200 829 "-" "okhttp/4.11.0"
124.200.230.246 - - [19/Apr/2026:15:06:59 +0000] "POST /api/v1/orders HTTP/1.1" 429 982 "-" "Dart/3.0 (dart:io) - Flutter App"
112.77.18.152 - - [19/Apr/2026:14:31:25 +0000] "GET /api/v1/search HTTP/1.1" 200 2618 "-" "Dart/3.0 (dart:io) - Flutter App"
80.191.105.108 - - [19/Apr/2026:14:37:45 +0000] "POST /api/v1/login HTTP/1.1" 401 155 "-" "CFNetwork/1400.0.4 Darwin/22.0.0"
80.191.105.108 - - [19/Apr/2026:14:37:47 +0000] "POST /api/v1/login HTTP/1.1" 401 59 "-" "Mozilla/5.0 (Linux; Android 13; Pixel 7) AppleWebKit/537.36 Mobile Safari/537.36"
