1.127.188.197 - - [19/Apr/2026:15:52:26 +0000] "GET /api/v1/refresh-token HTTP/1.1" 201 3259 "-" "Mozilla/5.0 (iPad; CPU OS 16_0 like Mac OS X) AppleWebKit/605.1.15 Mobile/15E148"
12.92.88.112 - - [19/Apr/2026:15:51:11 +0000] "GET /api/v1/orders HTTP/1.1" 204 2459 "-" "Mozilla/5.0 (iPhone; CPU iPhone OS 16_0) AppleWebKit/605.1.15 Mobile/15E148"
184.72.245.94 - - [19/Apr/2026:16:19:32 +0000] "POST /api/v1/login HTTP/1.1" 401 128 "-" "Mozilla/5.0 (iPhone; CPU iPhone OS 16_0) AppleWebKit/605.1.15 Mobile/15E148"
48.36.145.54 - - [19/Apr/2026:16:49:17 +0000] "POST /api/v1/notifications HTTP/1.1" 200 301 "-" "Mozilla/5.0 (Linux; Android 13; Pixel 7) AppleWebKit/537.36 Mobile Safari/537.36"
191.232.138.188 - - [19/Apr/2026:16:49:19 +0000] "GET /api/v1/login HTTP/1.1" 200 195 "-" "Dart/3.0 (dart:io) - Flutter App"
125.146.81.30 - - [19/Apr/2026:16:05:01 +0000] "GET /api/v1/orders HTTP/1.1" 200 2146 "-" "CFNetwork/1400.0.4 Darwin/22.0.0"
56.14.119.195 - - [19/Apr/2026:16:04:06 +0000] "GET /api/v1/payment HTTP/1.1" 200 1208 "-" "Dart/3.0 (dart:io) - Flutter App"
112.38.156.67 - - [19/Apr/2026:16:21:51 +0000] "GET /api/v1/logout HTTP/1.1" 200 3981 "-" "Mozilla/5.0 (iPad; CPU OS 16_0 like Mac OS X) AppleWebKit/605.1.15 Mobile/15E148"
48.36.145.54 - - [19/Apr/2026:16:49:42 +0000] "GET /api/v1/register HTTP/1.1" 200 785 "-" "Mozilla/5.0 (iPhone; CPU iPhone OS 16_0) AppleWebKit/605.1.15 Mobile/15E148"
73.237.250.208 - - [19/Apr/2026:16:20:56 +0000] "POST /api/v1/orders HTTP/1.1" 200 1963 "-" "Mozilla/5.0 (Linux; Android 13; Pixel 7) AppleWebKit/537.36 Mobile Safari/537.36"
46.162.117.170 - - [19/Apr/2026:16:29:46 +0000] "GET /api/v1/products HTTP/1.1" 204 4287 "-" "Mozilla/5.0 (iPad; CPU OS 16_0 like Mac OS X) AppleWebKit/605.1.15 Mobile/15E148"
101.7.48.153 - - [19/Apr/2026:17:19:55 +0000] "GET /api/v1/user/69 HTTP/1.1" 404 336 "-" "Dart/3.0 (dart:io) - Flutter App"
152.156.112.6 - - [19/Apr/2026:15:57:01 +0000] "GET /api/v1/user/profile HTTP/1.1" 204 3249 "-" "Dart/3.0 (dart:io) - Flutter App"
125.146.81.30 - - [19/Apr/2026:15:52:36 +0000] "POST /api/v1/user/settings HTTP/1.1" 200 2226 "-" "okhttp/4.11.0"
191.232.138.188 - - [19/Apr/2026:16:49:03 +0000] "POST /api/v1/login HTTP/1.1" 200 404 "-" "Mozilla/5.0 (Linux; Android 13; Pixel 7) AppleWebKit/537.36 Mobile Safari/537.36"
48.36.145.54 - - [19/Apr/2026:16:49:20 +0000] "GET /api/v1/logout HTTP/1.1" 429 710 "-" "CFNetwork/1400.0.4 Darwin/22.0.0"
48.36.145.54 - - [19/Apr/2026:16:49:38 +0000] "POST /api/v1/payment HTTP/1.1" 429 752 "-" "Mozilla/5.0 (iPad; CPU OS 16_0 like Mac OS X) AppleWebKit/605.1.15 Mobile/15E148"
135.26.139.249 - - [19/Apr/2026:16:19:36 +0000] "GET /api/v1/refresh-token HTTP/1.1" 204 2526 "-" "Dart/3.0 (dart:io) - Flutter App"
73.237.250.208 - - [19/Apr/2026:16:26:26 +0000] "GET /api/v1/user/settings HTTP/1.1" 200 3064 "-" "okhttp/4.11.0"
76.170.36.93 - - [19/Apr/2026:16:12:11 +0000] "GET /api/v1/products HTTP/1.1" 200 4600 "-" "CFNetwork/1400.0.4 Darwin/22.0.0"
70.165.150.123 - - [19/Apr/2026:17:18:56 +0000] "GET /api/v1/user/10 HTTP/1.1" 404 481 "-" "ReactNativeApp/1.2.3"
102.35.26.45 - - [19/Apr/2026:16:08:36 +0000] "POST /api/v1/user/profile HTTP/1.1" 304 2778 "-" "Dart/3.0 (dart:io) - Flutter App"
12.92.88.112 - - [19/Apr/2026:16:20:11 +0000] "GET /api/v1/password-reset HTTP/1.1" 200 3339 "-" "Dart/3.0 (dart:io) - Flutter App"
191.232.138.188 - - [19/Apr/2026:16:49:20 +0000] "POST /api/v1/user/settings HTTP/1.1" 429 942 "-" "Dart/3.0 (dart:io) - Flutter App"
74.63.220.80 - - [19/Apr/2026:15:48:51 +0000] "GET /api/v1/payment HTTP/1.1" 201 687 "-" "Mozilla/5.0 (Linux; Android 13; Pixel 7) AppleWebKit/537.36 Mobile Safari/537.36"
12.92.88.112 - - [19/Apr/2026:16:10:26 +0000] "GET /api/v1/user/profile HTTP/1.1" 200 1569 "-" "CFNetwork/1400.0.4 Darwin/22.0.0"
48.36.145.54 - - [19/Apr/2026:16:49:56 +0000] "GET /api/v1/notifications HTTP/1.1" 429 527 "-" "Dart/3.0 (dart:io) - Flutter App"
70.165.150.123 - - [19/Apr/2026:17:19:41 +0000] "GET /api/v1/user/55 HTTP/1.1" 404 496 "-" "ReactNativeApp/1.2.3"
53.164.214.94 - - [19/Apr/2026:16:15:31 +0000] "GET /api/v1/payment HTTP/1.1" 204 709 "-" "Mozilla/5.0 (iPhone; CPU iPhone OS 16_0) AppleWebKit/605.1.15 Mobile/15E148"
48.36.145.54 - - [19/Apr/2026:16:49:00 +0000] "GET /api/v1/register HTTP/1.1" 429 121 "-" "Mozilla/5.0 (iPad; CPU OS 16_0 like Mac OS X) AppleWebKit/605.1.15 Mobile/15E148"
40.185.247.179 - - [19/Apr/2026:16:27:26 +0000] "GET /api/v1/payment HTTP/1.1" 200 1457 "-" "Mozilla/5.0 (iPad; CPU OS 16_0 like Mac OS X) AppleWebKit/605.1.15 Mobile/15E148"
102.136.118.134 - - [19/Apr/2026:16:27:21 +0000] "GET /api/v1/login HTTP/1.1" 200 2639 "-" "Mozilla/5.0 (Linux; Android 13; Pixel 7) AppleWebKit/537.36 Mobile Safari/537.36"
48.36.145.54 - - [19/Apr/2026:16:48:50 +0000] "POST /api/v1/refresh-token HTTP/1.1" 429 646 "-" "Mozilla/5.0 (iPad; CPU OS 16_0 like Mac OS X) AppleWebKit/605.1.15 Mobile/15E148"
183.179.133.1 - - [19/Apr/2026:15:59:26 +0000] "GET /api/v1/refresh-token HTTP/1.1" 200 1935 "-" "Dart/3.0 (dart:io) - Flutter App"
191.232.138.188 - - [19/Apr/2026:16:49:28 +0000] "POST /api/v1/payment HTTP/1.1" 200 774 "-" "Mozilla/5.0 (iPad; CPU OS 16_0 like Mac OS X) AppleWebKit/605.1.15 Mobile/15E148"
191.232.138.188 - - [19/Apr/2026:16:49:16 +0000] "POST /api/v1/notifications HTTP/1.1" 429 308 "-" "Dart/3.0 (dart:io) - Flutter App"
120.8.122.119 - - [19/Apr/2026:16:18:56 +0000] "GET /api/v1/login HTTP/1.1" 201 2229 "-" "CFNetwork/1400.0.4 Darwin/22.0.0"
184.72.245.94 - - [19/Apr/2026:16:19:10 +0000] "POST /api/v1/login HTTP/1.1" 401 175 "-" "Mozilla/5.0 (iPhone; CPU iPhone OS 16_0) AppleWebKit/605.1.15 Mobile/15E148"
48.36.145.54 - - [19/Apr/2026:16:49:54 +0000] "GET /api/v1/user/settings HTTP/1.1" 429 403 "-" "Mozilla/5.0 (iPhone; CPU iPhone OS 16_0) AppleWebKit/605.1.15 Mobile/15E148"
70.219.54.16 - - [19/Apr/2026:16:04:56 +0000] "GET /api/v1/notifications HTTP/1.1" 200 4538 "-" "Mozilla/5.0 (iPad; CPU OS 16_0 like Mac OS X) AppleWebKit/605.1.15 Mobile/15E148"
48.36.145.54 - - [19/Apr/2026:16:49:50 +0000] "GET /api/v1/user/profile HTTP/1.1" 429 197 "-" "okhttp/4.11.0"
48.36.145.54 - - [19/Apr/2026:16:49:45 +0000] "GET /api/v1/products HTTP/1.1" 429 875 "-" "Mozilla/5.0 (iPad; CPU OS 16_0 like Mac OS X) AppleWebKit/605.1.15 Mobile/15E148"
1.152.122.251 - - [19/Apr/2026:15:48:56 +0000] "GET /api/v1/logout HTTP/1.1" 201 1849 "-" "Mozilla/5.0 (iPad; CPU OS 16_0 like Mac OS X) AppleWebKit/605.1.15 Mobile/15E148"
70.165.150.123 - - [19/Apr/2026:17:19:14 +0000] "GET /api/v1/user/28 HTTP/1.1" 404 98 "-" "ReactNativeApp/1.2.3"
48.36.145.54 - - [19/Apr/2026:16:48:51 +0000] "POST /api/v1/logout HTTP/1.1" 429 352 "-" "ReactNativeApp/1.2.3"
48.36.145.54 - - [19/Apr/2026:16:49:44 +0000] "POST /api/v1/refresh-token HTTP/1.1" 429 762 "-" "ReactNativeApp/1.2.3"
46.162.117.170 - - [19/Apr/2026:16:07:36 +0000] "GET /api/v1/search HTTP/1.1" 200 4235 "-" "CFNetwork/1400.0.4 Darwin/22.0.0"
79.116.213.162 - - [19/Apr/2026:16:17:26 +0000] "POST /api/v1/register HTTP/1.1" 304 1536 "-" "Dart/3.0 (dart:io) - Flutter App"
70.219.54.16 - - [19/Apr/2026:16:06:36 +0000] "GET /api/v1/register HTTP/1.1" 201 1424 "-" "ReactNativeApp/1.2.3"
48.36.145.54 - - [19/Apr/2026:16:49:34 +0000] "GET /api/v1/logout HTTP/1.1" 200 530 "-" "Mozilla/5.0 (Linux; Android 13; Pixel 7) AppleWebKit/537.36 Mobile Safari/537.36"
196.105.124.228 - - [19/Apr/2026:15:51:26 +0000] "GET /api/v1/login HTTP/1.1" 304 2777 "-" "ReactNativeApp/1.2.3"
191.232.138.188 - - [19/Apr/2026:16:48:50 +0000] "GET /api/v1/user/settings HTTP/1.1" 200 637 "-" "Mozilla/5.0 (iPad; CPU OS 16_0 like Mac OS X) AppleWebKit/605.1.15 Mobile/15E148"
10.91.47.106 - - [19/Apr/2026:16:11:11 +0000] "GET /api/v1/refresh-token HTTP/1.1" 200 1526 "-" "Mozilla/5.0 (Linux; Android 13; Pixel 7) AppleWebKit/537.36 Mobile Safari/537.36"
101.7.48.153 - - [19/Apr/2026:17:19:44 +0000] "GET /api/v1/user/58 HTTP/1.1" 404 192 "-" "Dart/3.0 (dart:io) - Flutter App"
61.128.89.77 - - [19/Apr/2026:16:01:26 +0000] "POST /api/v1/user/settings HTTP/1.1" 204 4765 "-" "ReactNativeApp/1.2.3"
191.232.138.188 - - [19/Apr/2026:16:48:52 +0000] "GET /api/v1/notifications HTTP/1.1" 429 946 "-" "Mozilla/5.0 (iPhone; CPU iPhone OS 16_0) AppleWebKit/605.1.15 Mobile/15E148"
48.36.145.54 - - [19/Apr/2026:16:49:06 +0000] "GET /api/v1/notifications HTTP/1.1" 200 364 "-" "Mozilla/5.0 (iPhone; CPU iPhone OS 16_0) AppleWebKit/605.1.15 Mobile/15E148"
70.219.54.16 - - [19/Apr/2026:16:22:06 +0000] "POST /api/v1/orders HTTP/1.1" 200 4107 "-" "okhttp/4.11.0"
48.36.145.54 - - [19/Apr/2026:16:49:57 +0000] "POST /api/v1/user/profile HTTP/1.1" 429 779 "-" "Dart/3.0 (dart:io) - Flutter App"
101.7.48.153 - - [19/Apr/2026:17:18:59 +0000] "GET /api/v1/user/13 HTTP/1.1" 404 399 "-" "Mozilla/5.0 (iPhone; CPU iPhone OS 16_0) AppleWebKit/605.1.15 Mobile/15E148"
48.36.145.54 - - [19/Apr/2026:16:49:02 +0000] "GET /api/v1/register HTTP/1.1" 429 302 "-" "Mozilla/5.0 (Linux; Android 13; Pixel 7) AppleWebKit/537.36 Mobile Safari/537.36"
130.131.105.221 - - [19/Apr/2026:16:19:20 +0000] "POST /api/v1/login HTTP/1.1" 401 80 "-" "Mozilla/5.0 (iPad; CPU OS 16_0 like Mac OS X) AppleWebKit/605.1.15 Mobile/15E148"
152.156.112.6 - - [19/Apr/2026:16:20:06 +0000] "GET /api/v1/orders HTTP/1.1" 304 4805 "-" "Mozilla/5.0 (Linux; Android 13; Pixel 7) AppleWebKit/537.36 Mobile Safari/537.36"
206.25.72.74 - - [19/Apr/2026:16:00:21 +0000] "GET /api/v1/search HTTP/1.1" 204 4141 "-" "Mozilla/5.0 (iPhone; CPU iPhone OS 16_0) AppleWebKit/605.1.15 Mobile/15E148"
48.36.145.54 - - [19/Apr/2026:16:49:33 +0000] "GET /api/v1/payment HTTP/1.1" 200 607 "-" "Mozilla/5.0 (iPad; CPU OS 16_0 like Mac OS X) AppleWebKit/605.1.15 Mobile/15E148"
74.63.220.80 - - [19/Apr/2026:16:09:51 +0000] "GET /api/v1/login HTTP/1.1" 304 1633 "-" "okhttp/4.11.0"
209.34.246.183 - - [19/Apr/2026:15:59:16 +0000] "GET /api/v1/register HTTP/1.1" 200 4692 "-" "okhttp/4.11.0"
53.164.214.94 - - [19/Apr/2026:16:11:21 +0000] "GET /api/v1/register HTTP/1.1" 201 1080 "-" "ReactNativeApp/1.2.3"
48.36.145.54 - - [19/Apr/2026:16:49:27 +0000] "GET /api/v1/search HTTP/1.1" 200 832 "-" "Mozilla/5.0 (iPad; CPU OS 16_0 like Mac OS X) AppleWebKit/605.1.15 Mobile/15E148"
184.72.245.94 - - [19/Apr/2026:16:19:22 +0000] "POST /api/v1/login HTTP/1.1" 401 55 "-" "Mozilla/5.0 (iPad; CPU OS 16_0 like Mac OS X) AppleWebKit/605.1.15 Mobile/15E148"
46.162.117.170 - - [19/Apr/2026:16:01:06 +0000] "GET /api/v1/orders HTTP/1.1" 200 3623 "-" "okhttp/4.11.0"
209.112.158.67 - - [19/Apr/2026:15:58:01 +0000] "GET /api/v1/register HTTP/1.1" 204 1970 "-" "Mozilla/5.0 (iPad; CPU OS 16_0 like Mac OS X) AppleWebKit/605.1.15 Mobile/15E148"
1.127.188.197 - - [19/Apr/2026:16:13:46 +0000] "GET /api/v1/register HTTP/1.1" 200 4089 "-" "CFNetwork/1400.0.4 Darwin/22.0.0"
123.150.117.16 - - [19/Apr/2026:16:19:04 +0000] "POST /api/v1/login HTTP/1.1" 401 93 "-" "ReactNativeApp/1.2.3"
191.232.138.188 - - [19/Apr/2026:16:49:53 +0000] "GET /api/v1/refresh-token HTTP/1.1" 200 296 "-" "Mozilla/5.0 (Linux; Android 13; Pixel 7) AppleWebKit/537.36 Mobile Safari/537.36"
48.36.145.54 - - [19/Apr/2026:16:49:29 +0000] "GET /api/v1/payment HTTP/1.1" 429 212 "-" "Mozilla/5.0 (iPhone; CPU iPhone OS 16_0) AppleWebKit/605.1.15 Mobile/15E148"
101.7.48.153 - - [19/Apr/2026:17:19:46 +0000] "GET /api/v1/user/60 HTTP/1.1" 200 139 "-" "ReactNativeApp/1.2.3"
49.217.103.235 - - [19/Apr/2026:16:14:51 +0000] "GET /api/v1/user/profile HTTP/1.1" 201 1166 "-" "okhttp/4.11.0"
184.72.245.94 - - [19/Apr/2026:16:18:58 +0000] "POST /api/v1/login HTTP/1.1" 401 55 "-" "Mozilla/5.0 (Linux; Android 13; Pixel 7) AppleWebKit/537.36 Mobile Safari/537.36"
165.194.54.204 - - [19/Apr/2026:15:57:51 +0000] "GET /api/v1/search HTTP/1.1" 200 2703 "-" "CFNetwork/1400.0.4 Darwin/22.0.0"
53.164.214.94 - - [19/Apr/2026:16:08:41 +0000] "GET /api/v1/products HTTP/1.1" 201 3419 "-" "Mozilla/5.0 (iPad; CPU OS 16_0 like Mac OS X) AppleWebKit/605.1.15 Mobile/15E148"
191.232.138.188 - - [19/Apr/2026:16:49:44 +0000] "GET /api/v1/logout HTTP/1.1" 429 461 "-" "okhttp/4.11.0"
48.36.145.54 - - [19/Apr/2026:16:49:44 +0000] "GET /api/v1/search HTTP/1.1" 200 144 "-" "Mozilla/5.0 (iPad; CPU OS 16_0 like Mac OS X) AppleWebKit/605.1.15 Mobile/15E148"
191.232.138.188 - - [19/Apr/2026:16:49:30 +0000] "GET /api/v1/user/profile HTTP/1.1" 429 993 "-" "Mozilla/5.0 (Linux; Android 13; Pixel 7) AppleWebKit/537.36 Mobile Safari/537.36"
184.72.245.94 - - [19/Apr/2026:16:19:12 +0000] "POST /api/v1/login HTTP/1.1" 401 191 "-" "Mozilla/5.0 (iPad; CPU OS 16_0 like Mac OS X) AppleWebKit/605.1.15 Mobile/15E148"
191.232.138.188 - - [19/Apr/2026:16:49:05 +0000] "GET /api/v1/login HTTP/1.1" 429 134 "-" "okhttp/4.11.0"
191.232.138.188 - - [19/Apr/2026:16:49:12 +0000] "GET /api/v1/user/profile HTTP/1.1" 429 229 "-" "okhttp/4.11.0"
1.127.188.197 - - [19/Apr/2026:16:29:41 +0000] "GET /api/v1/register HTTP/1.1" 201 2877 "-" "Dart/3.0 (dart:io) - Flutter App"
135.26.139.249 - - [19/Apr/2026:15:53:26 +0000] "GET /api/v1/login HTTP/1.1" 200 797 "-" "ReactNativeApp/1.2.3"
48.36.145.54 - - [19/Apr/2026:16:49:48 +0000] "GET /api/v1/payment HTTP/1.1" 200 285 "-" "CFNetwork/1400.0.4 Darwin/22.0.0"
50.185.137.180 - - [19/Apr/2026:16:07:21 +0000] "GET /api/v1/register HTTP/1.1" 304 4227 "-" "Mozilla/5.0 (iPhone; CPU iPhone OS 16_0) AppleWebKit/605.1.15 Mobile/15E148"
48.36.145.54 - - [19/Apr/2026:16:49:53 +0000] "POST /api/v1/logout HTTP/1.1" 200 925 "-" "Dart/3.0 (dart:io) - Flutter App"
81.208.107.53 - - [19/Apr/2026:16:06:11 +0000] "POST /api/v1/user/profile HTTP/1.1" 200 4139 "-" "Mozilla/5.0 (Linux; Android 13; Pixel 7) AppleWebKit/537.36 Mobile Safari/537.36"
50.185.137.180 - - [19/Apr/2026:15:57:41 +0000] "POST /api/v1/payment HTTP/1.1" 200 1633 "-" "Mozilla/5.0 (Linux; Android 13; Pixel 7) AppleWebKit/537.36 Mobile Safari/537.36"
48.36.145.54 - - [19/Apr/2026:16:49:55 +0000] "POST /api/v1/notifications HTTP/1.1" 200 542 "-" "okhttp/4.11.0"
191.232.138.188 - - [19/Apr/2026:16:49:39 +0000] "POST /api/v1/register HTTP/1.1" 429 517 "-" "CFNetwork/1400.0.4 Darwin/22.0.0"
191.232.138.188 - - [19/Apr/2026:16:49:08 +0000] "GET /api/v1/login HTTP/1.1" 429 380 "-" "Dart/3.0 (dart:io) - Flutter App"
191.232.138.188 - - [19/Apr/2026:16:49:22 +0000] "POST /api/v1/products HTTP/1.1" 200 669 "-" "okhttp/4.11.0"
75.221.244.42 - - [19/Apr/2026:16:06:41 +0000] "GET /api/v1/password-reset HTTP/1.1" 304 4815 "-" "Mozilla/5.0 (iPhone; CPU iPhone OS 16_0) AppleWebKit/605.1.15 Mobile/15E148"
48.36.145.54 - - [19/Apr/2026:16:49:52 +0000] "POST /api/v1/logout HTTP/1.1" 429 431 "-" "Mozilla/5.0 (iPhone; CPU iPhone OS 16_0) AppleWebKit/605.1.15 Mobile/15E148"
191.232.138.188 - - [19/Apr/2026:16:49:47 +0000] "GET /api/v1/refresh-token HTTP/1.1" 429 820 "-" "Mozilla/5.0 (Linux; Android 13; Pixel 7) AppleWebKit/537.36 Mobile Safari/537.36"
59.154.19.255 - - [19/Apr/2026:15:52:11 +0000] "GET /api/v1/orders HTTP/1.1" 201 3234 "-" "Mozilla/5.0 (iPhone; CPU iPhone OS 16_0) AppleWebKit/605.1.15 Mobile/15E148"
101.7.48.153 - - [19/Apr/2026:17:19:10 +0000] "GET /api/v1/user/24 HTTP/1.1" 200 186 "-" "Mozilla/5.0 (iPhone; CPU iPhone OS 16_0) AppleWebKit/605.1.15 Mobile/15E148"
191.232.138.188 - - [19/Apr/2026:16:49:22 +0000] "GET /api/v1/login HTTP/1.1" 200 776 "-" "CFNetwork/1400.0.4 Darwin/22.0.0"
1.117.103.206 - - [19/Apr/2026:15:56:11 +0000] "GET /api/v1/search HTTP/1.1" 201 2776 "-" "Mozilla/5.0 (iPad; CPU OS 16_0 like Mac OS X) AppleWebKit/605.1.15 Mobile/15E148"
131.121.178.245 - - [19/Apr/2026:16:12:56 +0000] "GET /api/v1/notifications HTTP/1.1" 200 4160 "-" "Mozilla/5.0 (Linux; Android 13; Pixel 7) AppleWebKit/537.36 Mobile Safari/537.36"
130.131.105.221 - - [19/Apr/2026:16:19:18 +0000] "POST /api/v1/login HTTP/1.1" 401 147 "-" "Mozilla/5.0 (iPhone; CPU iPhone OS 16_0) AppleWebKit/605.1.15 Mobile/15E148"
48.36.145.54 - - [19/Apr/2026:16:49:15 +0000] "GET /api/v1/user/settings HTTP/1.1" 429 986 "-" "Dart/3.0 (dart:io) - Flutter App"
101.7.48.153 - - [19/Apr/2026:17:19:13 +0000] "GET /api/v1/user/27 HTTP/1.1" 200 280 "-" "CFNetwork/1400.0.4 Darwin/22.0.0"
100.41.81.93 - - [19/Apr/2026:15:55:36 +0000] "POST /api/v1/login HTTP/1.1" 200 752 "-" "Dart/3.0 (dart:io) - Flutter App"
49.217.103.235 - - [19/Apr/2026:16:18:26 +0000] "GET /api/v1/password-reset HTTP/1.1" 200 2721 "-" "Mozilla/5.0 (iPhone; CPU iPhone OS 16_0) AppleWebKit/605.1.15 Mobile/15E148"
48.36.145.54 - - [19/Apr/2026:16:49:14 +0000] "POST /api/v1/user/profile HTTP/1.1" 200 286 "-" "Mozilla/5.0 (iPad; CPU OS 16_0 like Mac OS X) AppleWebKit/605.1.15 Mobile/15E148"
79.116.213.162 - - [19/Apr/2026:16:12:01 +0000] "GET /api/v1/products HTTP/1.1" 200 2933 "-" "ReactNativeApp/1.2.3"
130.131.105.221 - - [19/Apr/2026:16:18:54 +0000] "POST /api/v1/login HTTP/1.1" 401 82 "-" "Mozilla/5.0 (iPad; CPU OS 16_0 like Mac OS X) AppleWebKit/605.1.15 Mobile/15E148"
191.232.138.188 - - [19/Apr/2026:16:49:20 +0000] "POST /api/v1/notifications HTTP/1.1" 200 988 "-" "okhttp/4.11.0"
191.232.138.188 - - [19/Apr/2026:16:49:13 +0000] "POST /api/v1/search HTTP/1.1" 429 645 "-" "Mozilla/5.0 (iPad; CPU OS 16_0 like Mac OS X) AppleWebKit/605.1.15 Mobile/15E148"
120.8.122.119 - - [19/Apr/2026:16:01:31 +0000] "GET /api/v1/logout HTTP/1.1" 204 569 "-" "okhttp/4.11.0"
4.81.51.103 - - [19/Apr/2026:16:00:56 +0000] "GET /api/v1/refresh-token HTTP/1.1" 201 1162 "-" "Mozilla/5.0 (iPhone; CPU iPhone OS 16_0) AppleWebKit/605.1.15 Mobile/15E148"
48.36.145.54 - - [19/Apr/2026:16:48:46 +0000] "GET /api/v1/user/settings HTTP/1.1" 429 981 "-" "Mozilla/5.0 (iPhone; CPU iPhone OS 16_0) AppleWebKit/605.1.15 Mobile/15E148"
48.36.145.54 - - [19/Apr/2026:16:49:59 +0000] "GET /api/v1/search HTTP/1.1" 200 255 "-" "Mozilla/5.0 (iPhone; CPU iPhone OS 16_0) AppleWebKit/605.1.15 Mobile/15E148"
48.36.145.54 - - [19/Apr/2026:16:49:18 +0000] "POST /api/v1/search HTTP/1.1" 429 768 "-" "Mozilla/5.0 (iPad; CPU OS 16_0 like Mac OS X) AppleWebKit/605.1.15 Mobile/15E148"
48.36.145.54 - - [19/Apr/2026:16:49:13 +0000] "POST /api/v1/user/settings HTTP/1.1" 200 369 "-" "Mozilla/5.0 (iPhone; CPU iPhone OS 16_0) AppleWebKit/605.1.15 Mobile/15E148"
191.232.138.188 - - [19/Apr/2026:16:49:36 +0000] "POST /api/v1/orders HTTP/1.1" 429 645 "-" "Mozilla/5.0 (iPad; CPU OS 16_0 like Mac OS X) AppleWebKit/605.1.15 Mobile/15E148"
70.165.150.123 - - [19/Apr/2026:17:19:04 +0000] "GET /api/v1/user/18 HTTP/1.1" 200 297 "-" "CFNetwork/1400.0.4 Darwin/22.0.0"
70.165.150.123 - - [19/Apr/2026:17:19:38 +0000] "GET /api/v1/user/52 HTTP/1.1" 200 468 "-" "CFNetwork/1400.0.4 Darwin/22.0.0"
151.117.182.37 - - [19/Apr/2026:16:02:01 +0000] "GET /api/v1/login HTTP/1.1" 204 4610 "-" "Dart/3.0 (dart:io) - Flutter App"
112.38.156.67 - - [19/Apr/2026:15:54:31 +0000] "GET /api/v1/orders HTTP/1.1" 200 3539 "-" "Mozilla/5.0 (iPhone; CPU iPhone OS 16_0) AppleWebKit/605.1.15 Mobile/15E148"
48.36.145.54 - - [19/Apr/2026:16:49:18 +0000] "GET /api/v1/logout HTTP/1.1" 200 111 "-" "Mozilla/5.0 (iPad; CPU OS 16_0 like Mac OS X) AppleWebKit/605.1.15 Mobile/15E148"
130.131.105.221 - - [19/Apr/2026:16:19:30 +0000] "POST /api/v1/login HTTP/1.1" 401 91 "-" "ReactNativeApp/1.2.3"
191.232.138.188 - - [19/Apr/2026:16:49:17 +0000] "GET /api/v1/login HTTP/1.1" 429 765 "-" "ReactNativeApp/1.2.3"
184.72.245.94 - - [19/Apr/2026:16:19:48 +0000] "POST /api/v1/login HTTP/1.1" 401 82 "-" "Dart/3.0 (dart:io) - Flutter App"
130.131.105.221 - - [19/Apr/2026:16:19:06 +0000] "POST /api/v1/login HTTP/1.1" 401 198 "-" "CFNetwork/1400.0.4 Darwin/22.0.0"
191.232.138.188 - - [19/Apr/2026:16:49:46 +0000] "GET /api/v1/login HTTP/1.1" 429 620 "-" "ReactNativeApp/1.2.3"
53.164.214.94 - - [19/Apr/2026:16:09:16 +0000] "GET /api/v1/search HTTP/1.1" 201 4850 "-" "Mozilla/5.0 (Linux; Android 13; Pixel 7) AppleWebKit/537.36 Mobile Safari/537.36"
102.35.26.45 - - [19/Apr/2026:16:05:36 +0000] "GET /api/v1/products HTTP/1.1" 200 790 "-" "CFNetwork/1400.0.4 Darwin/22.0.0"
101.7.48.153 - - [19/Apr/2026:17:19:36 +0000] "GET /api/v1/user/50 HTTP/1.1" 404 466 "-" "Dart/3.0 (dart:io) - Flutter App"
48.36.145.54 - - [19/Apr/2026:16:49:16 +0000] "GET /api/v1/orders HTTP/1.1" 200 414 "-" "ReactNativeApp/1.2.3"
74.63.220.80 - - [19/Apr/2026:15:55:01 +0000] "POST /api/v1/products HTTP/1.1" 200 3449 "-" "Dart/3.0 (dart:io) - Flutter App"
101.7.48.153 - - [19/Apr/2026:17:20:03 +0000] "GET /api/v1/user/77 HTTP/1.1" 200 414 "-" "Dart/3.0 (dart:io) - Flutter App"
10.91.47.106 - - [19/Apr/2026:16:16:51 +0000] "GET /api/v1/user/profile HTTP/1.1" 204 1409 "-" "Mozilla/5.0 (Linux; Android 13; Pixel 7) AppleWebKit/537.36 Mobile Safari/537.36"
59.154.19.255 - - [19/Apr/2026:16:20:26 +0000] "POST /api/v1/user/profile HTTP/1.1" 200 4113 "-" "Mozilla/5.0 (Linux; Android 13; Pixel 7) AppleWebKit/537.36 Mobile Safari/537.36"
130.131.105.221 - - [19/Apr/2026:16:18:58 +0000] "POST /api/v1/login HTTP/1.1" 401 107 "-" "Dart/3.0 (dart:io) - Flutter App"
48.36.145.54 - - [19/Apr/2026:16:48:49 +0000] "GET /api/v1/payment HTTP/1.1" 200 509 "-" "CFNetwork/1400.0.4 Darwin/22.0.0"
48.36.145.54 - - [19/Apr/2026:16:49:13 +0000] "POST /api/v1/login HTTP/1.1" 429 312 "-" "Mozilla/5.0 (iPad; CPU OS 16_0 like Mac OS X) AppleWebKit/605.1.15 Mobile/15E148"
152.156.112.6 - - [19/Apr/2026:16:04:36 +0000] "GET /api/v1/register HTTP/1.1" 204 3074 "-" "Mozilla/5.0 (iPhone; CPU iPhone OS 16_0) AppleWebKit/605.1.15 Mobile/15E148"
49.217.103.235 - - [19/Apr/2026:16:07:01 +0000] "GET /api/v1/refresh-token HTTP/1.1" 200 2781 "-" "Mozilla/5.0 (iPhone; CPU iPhone OS 16_0) AppleWebKit/605.1.15 Mobile/15E148"
183.179.133.1 - - [19/Apr/2026:16:07:31 +0000] "GET /api/v1/user/settings HTTP/1.1" 201 556 "-" "CFNetwork/1400.0.4 Darwin/22.0.0"
74.63.220.80 - - [19/Apr/2026:15:49:16 +0000] "GET /api/v1/login HTTP/1.1" 200 648 "-" "Mozilla/5.0 (iPhone; CPU iPhone OS 16_0) AppleWebKit/605.1.15 Mobile/15E148"
70.165.150.123 - - [19/Apr/2026:17:19:02 +0000] "GET /api/v1/user/16 HTTP/1.1" 404 430 "-" "Mozilla/5.0 (iPhone; CPU iPhone OS 16_0) AppleWebKit/605.1.15 Mobile/15E148"
48.36.145.54 - - [19/Apr/2026:16:48:53 +0000] "GET /api/v1/orders HTTP/1.1" 200 898 "-" "CFNetwork/1400.0.4 Darwin/22.0.0"
101.7.48.153 - - [19/Apr/2026:17:19:17 +0000] "GET /api/v1/user/31 HTTP/1.1" 404 202 "-" "CFNetwork/1400.0.4 Darwin/22.0.0"
4.81.51.103 - - [19/Apr/2026:16:07:41 +0000] "POST /api/v1/user/settings HTTP/1.1" 200 242 "-" "Mozilla/5.0 (iPad; CPU OS 16_0 like Mac OS X) AppleWebKit/605.1.15 Mobile/15E148"
101.7.48.153 - - [19/Apr/2026:17:19:43 +0000] "GET /api/v1/user/57 HTTP/1.1" 404 77 "-" "okhttp/4.11.0"
70.165.150.123 - - [19/Apr/2026:17:18:55 +0000] "GET /api/v1/user/9 HTTP/1.1" 200 339 "-" "Mozilla/5.0 (iPhone; CPU iPhone OS 16_0) AppleWebKit/605.1.15 Mobile/15E148"
184.72.245.94 - - [19/Apr/2026:16:18:52 +0000] "POST /api/v1/login HTTP/1.1" 401 85 "-" "Mozilla/5.0 (iPhone; CPU iPhone OS 16_0) AppleWebKit/605.1.15 Mobile/15E148"
48.36.145.54 - - [19/Apr/2026:16:49:46 +0000] "GET /api/v1/password-reset HTTP/1.1" 429 215 "-" "okhttp/4.11.0"
49.217.103.235 - - [19/Apr/2026:16:29:56 +0000] "POST /api/v1/products HTTP/1.1" 201 2681 "-" "Mozilla/5.0 (iPad; CPU OS 16_0 like Mac OS X) AppleWebKit/605.1.15 Mobile/15E148"
209.112.158.67 - - [19/Apr/2026:16:28:26 +0000] "POST /api/v1/password-reset HTTP/1.1" 200 4873 "-" "Mozilla/5.0 (iPhone; CPU iPhone OS 16_0) AppleWebKit/605.1.15 Mobile/15E148"
102.136.118.134 - - [19/Apr/2026:16:28:06 +0000] "GET /api/v1/user/settings HTTP/1.1" 200 3994 "-" "Dart/3.0 (dart:io) - Flutter App"
101.7.48.153 - - [19/Apr/2026:17:18:51 +0000] "GET /api/v1/user/5 HTTP/1.1" 404 486 "-" "Mozilla/5.0 (iPad; CPU OS 16_0 like Mac OS X) AppleWebKit/605.1.15 Mobile/15E148"
69.129.252.128 - - [19/Apr/2026:16:22:16 +0000] "GET /api/v1/login HTTP/1.1" 304 4383 "-" "CFNetwork/1400.0.4 Darwin/22.0.0"
81.208.107.53 - - [19/Apr/2026:16:06:06 +0000] "GET /api/v1/refresh-token HTTP/1.1" 200 4496 "-" "Mozilla/5.0 (iPhone; CPU iPhone OS 16_0) AppleWebKit/605.1.15 Mobile/15E148"
91.186.24.148 - - [19/Apr/2026:16:16:26 +0000] "POST /api/v1/login HTTP/1.1" 200 2212 "-" "okhttp/4.11.0"
1.117.103.206 - - [19/Apr/2026:16:25:36 +0000] "GET /api/v1/user/settings HTTP/1.1" 304 2943 "-" "CFNetwork/1400.0.4 Darwin/22.0.0"
100.237.14.28 - - [19/Apr/2026:16:22:41 +0000] "POST /api/v1/products HTTP/1.1" 200 914 "-" "Mozilla/5.0 (iPad; CPU OS 16_0 like Mac OS X) AppleWebKit/605.1.15 Mobile/15E148"
101.7.48.153 - - [19/Apr/2026:17:19:47 +0000] "GET /api/v1/user/61 HTTP/1.1" 200 412 "-" "Mozilla/5.0 (iPhone; CPU iPhone OS 16_0) AppleWebKit/605.1.15 Mobile/15E148"
151.117.182.37 - - [19/Apr/2026:15:56:46 +0000] "GET /api/v1/register HTTP/1.1" 200 3435 "-" "okhttp/4.11.0"
191.232.138.188 - - [19/Apr/2026:16:48:47 +0000] "POST /api/v1/notifications HTTP/1.1" 429 374 "-" "Mozilla/5.0 (Linux; Android 13; Pixel 7) AppleWebKit/537.36 Mobile Safari/537.36"
81.208.107.53 - - [19/Apr/2026:16:08:51 +0000] "GET /api/v1/orders HTTP/1.1" 200 1721 "-" "Mozilla/5.0 (Linux; Android 13; Pixel 7) AppleWebKit/537.36 Mobile Safari/537.36"
56.14.119.195 - - [19/Apr/2026:16:23:26 +0000] "GET /api/v1/user/profile HTTP/1.1" 201 3609 "-" "okhttp/4.11.0"
48.36.145.54 - - [19/Apr/2026:16:49:34 +0000] "GET /api/v1/orders HTTP/1.1" 429 758 "-" "Mozilla/5.0 (iPhone; CPU iPhone OS 16_0) AppleWebKit/605.1.15 Mobile/15E148"
101.7.48.153 - - [19/Apr/2026:17:19:37 +0000] "GET /api/v1/user/51 HTTP/1.1" 404 376 "-" "okhttp/4.11.0"
135.26.139.249 - - [19/Apr/2026:15:56:31 +0000] "GET /api/v1/user/profile HTTP/1.1" 200 1697 "-" "Mozilla/5.0 (iPhone; CPU iPhone OS 16_0) AppleWebKit/605.1.15 Mobile/15E148"
101.7.48.153 - - [19/Apr/2026:17:18:54 +0000] "GET /api/v1/user/8 HTTP/1.1" 200 186 "-" "CFNetwork/1400.0.4 Darwin/22.0.0"
206.25.72.74 - - [19/Apr/2026:16:05:26 +0000] "GET /api/v1/orders HTTP/1.1" 304 2169 "-" "CFNetwork/1400.0.4 Darwin/22.0.0"
209.112.158.67 - - [19/Apr/2026:16:19:41 +0000] "GET /api/v1/logout HTTP/1.1" 200 2805 "-" "okhttp/4.11.0"
209.112.158.67 - - [19/Apr/2026:16:24:56 +0000] "GET /api/v1/user/settings HTTP/1.1" 200 4590 "-" "Mozilla/5.0 (iPad; CPU OS 16_0 like Mac OS X) AppleWebKit/605.1.15 Mobile/15E148"
123.150.117.16 - - [19/Apr/2026:16:18:48 +0000] "POST /api/v1/login HTTP/1.1" 401 123 "-" "okhttp/4.11.0"
101.7.48.153 - - [19/Apr/2026:17:19:26 +0000] "GET /api/v1/user/40 HTTP/1.1" 404 176 "-" "ReactNativeApp/1.2.3"
48.36.145.54 - - [19/Apr/2026:16:49:20 +0000] "POST /api/v1/notifications HTTP/1.1" 429 337 "-" "okhttp/4.11.0"
101.7.48.153 - - [19/Apr/2026:17:19:20 +0000] "GET /api/v1/user/34 HTTP/1.1" 404 384 "-" "Mozilla/5.0 (iPad; CPU OS 16_0 like Mac OS X) AppleWebKit/605.1.15 Mobile/15E148"
191.232.138.188 - - [19/Apr/2026:16:49:19 +0000] "GET /api/v1/password-reset HTTP/1.1" 429 777 "-" "Dart/3.0 (dart:io) - Flutter App"
1.152.122.251 - - [19/Apr/2026:16:20:41 +0000] "POST /api/v1/products HTTP/1.1" 304 2083 "-" "okhttp/4.11.0"
191.232.138.188 - - [19/Apr/2026:16:48:51 +0000] "POST /api/v1/orders HTTP/1.1" 200 391 "-" "Dart/3.0 (dart:io) - Flutter App"
101.7.48.153 - - [19/Apr/2026:17:19:31 +0000] "GET /api/v1/user/45 HTTP/1.1" 200 123 "-" "Mozilla/5.0 (iPad; CPU OS 16_0 like Mac OS X) AppleWebKit/605.1.15 Mobile/15E148"
4.81.51.103 - - [19/Apr/2026:16:27:16 +0000] "POST /api/v1/user/settings HTTP/1.1" 201 403 "-" "Mozilla/5.0 (iPhone; CPU iPhone OS 16_0) AppleWebKit/605.1.15 Mobile/15E148"
101.7.48.153 - - [19/Apr/2026:17:19:58 +0000] "GET /api/v1/user/72 HTTP/1.1" 404 272 "-" "CFNetwork/1400.0.4 Darwin/22.0.0"
48.36.145.54 - - [19/Apr/2026:16:49:40 +0000] "POST /api/v1/user/settings HTTP/1.1" 200 991 "-" "Mozilla/5.0 (iPhone; CPU iPhone OS 16_0) AppleWebKit/605.1.15 Mobile/15E148"
123.150.117.16 - - [19/Apr/2026:16:19:18 +0000] "POST /api/v1/login HTTP/1.1" 401 116 "-" "okhttp/4.11.0"
196.105.124.228 - - [19/Apr/2026:15:57:11 +0000] "GET /api/v1/user/settings HTTP/1.1" 304 1297 "-" "Mozilla/5.0 (iPhone; CPU iPhone OS 16_0) AppleWebKit/605.1.15 Mobile/15E148"
24.231.191.121 - - [19/Apr/2026:16:22:21 +0000] "POST /api/v1/refresh-token HTTP/1.1" 201 4940 "-" "ReactNativeApp/1.2.3"
112.38.156.67 - - [19/Apr/2026:15:59:51 +0000] "GET /api/v1/payment HTTP/1.1" 200 4904 "-" "Mozilla/5.0 (iPhone; CPU iPhone OS 16_0) AppleWebKit/605.1.15 Mobile/15E148"
1.152.122.251 - - [19/Apr/2026:15:55:56 +0000] "GET /api/v1/logout HTTP/1.1" 304 485 "-" "Dart/3.0 (dart:io) - Flutter App"
79.116.213.162 - - [19/Apr/2026:16:07:26 +0000] "GET /api/v1/password-reset HTTP/1.1" 201 3792 "-" "Dart/3.0 (dart:io) - Flutter App"
100.41.81.93 - - [19/Apr/2026:16:29:11 +0000] "GET /api/v1/login HTTP/1.1" 200 3228 "-" "ReactNativeApp/1.2.3"
48.36.145.54 - - [19/Apr/2026:16:49:42 +0000] "POST /api/v1/search HTTP/1.1" 200 515 "-" "okhttp/4.11.0"
40.185.247.179 - - [19/Apr/2026:15:48:46 +0000] "GET /api/v1/password-reset HTTP/1.1" 201 4452 "-" "CFNetwork/1400.0.4 Darwin/22.0.0"
91.186.24.148 - - [19/Apr/2026:15:53:11 +0000] "POST /api/v1/refresh-token HTTP/1.1" 201 495 "-" "okhttp/4.11.0"
101.7.48.153 - - [19/Apr/2026:17:19:21 +0000] "GET /api/v1/user/35 HTTP/1.1" 404 190 "-" "Dart/3.0 (dart:io) - Flutter App"
101.7.48.153 - - [19/Apr/2026:17:19:48 +0000] "GET /api/v1/user/62 HTTP/1.1" 200 393 "-" "okhttp/4.11.0"
101.7.48.153 - - [19/Apr/2026:17:18:53 +0000] "GET /api/v1/user/7 HTTP/1.1" 404 151 "-" "okhttp/4.11.0"
191.232.138.188 - - [19/Apr/2026:16:49:14 +0000] "POST /api/v1/register HTTP/1.1" 200 344 "-" "Mozilla/5.0 (Linux; Android 13; Pixel 7) AppleWebKit/537.36 Mobile Safari/537.36"
76.170.36.93 - - [19/Apr/2026:16:14:21 +0000] "GET /api/v1/refresh-token HTTP/1.1" 200 1999 "-" "Mozilla/5.0 (iPad; CPU OS 16_0 like Mac OS X) AppleWebKit/605.1.15 Mobile/15E148"
123.150.117.16 - - [19/Apr/2026:16:19:16 +0000] "POST /api/v1/login HTTP/1.1" 401 146 "-" "Mozilla/5.0 (iPhone; CPU iPhone OS 16_0) AppleWebKit/605.1.15 Mobile/15E148"
69.129.252.128 - - [19/Apr/2026:15:52:16 +0000] "GET /api/v1/login HTTP/1.1" 200 1126 "-" "CFNetwork/1400.0.4 Darwin/22.0.0"
112.38.156.67 - - [19/Apr/2026:16:17:46 +0000] "GET /api/v1/search HTTP/1.1" 200 1901 "-" "ReactNativeApp/1.2.3"
48.36.145.54 - - [19/Apr/2026:16:49:24 +0000] "GET /api/v1/login HTTP/1.1" 200 869 "-" "Mozilla/5.0 (iPad; CPU OS 16_0 like Mac OS X) AppleWebKit/605.1.15 Mobile/15E148"
70.165.150.123 - - [19/Apr/2026:17:19:01 +0000] "GET /api/v1/user/15 HTTP/1.1" 404 313 "-" "Mozilla/5.0 (iPhone; CPU iPhone OS 16_0) AppleWebKit/605.1.15 Mobile/15E148"
69.129.252.128 - - [19/Apr/2026:15:55:21 +0000] "POST /api/v1/user/settings HTTP/1.1" 200 4774 "-" "ReactNativeApp/1.2.3"
48.36.145.54 - - [19/Apr/2026:16:49:09 +0000] "GET /api/v1/logout HTTP/1.1" 429 834 "-" "Mozilla/5.0 (Linux; Android 13; Pixel 7) AppleWebKit/537.36 Mobile Safari/537.36"
48.36.145.54 - - [19/Apr/2026:16:50:03 +0000] "POST /api/v1/payment HTTP/1.1" 429 598 "-" "CFNetwork/1400.0.4 Darwin/22.0.0"
48.36.145.54 - - [19/Apr/2026:16:49:08 +0000] "POST /api/v1/user/settings HTTP/1.1" 429 484 "-" "CFNetwork/1400.0.4 Darwin/22.0.0"
191.232.138.188 - - [19/Apr/2026:16:48:53 +0000] "POST /api/v1/login HTTP/1.1" 429 257 "-" "Dart/3.0 (dart:io) - Flutter App"
191.232.138.188 - - [19/Apr/2026:16:49:32 +0000] "POST /api/v1/login HTTP/1.1" 200 614 "-" "okhttp/4.11.0"
48.36.145.54 - - [19/Apr/2026:16:49:12 +0000] "POST /api/v1/register HTTP/1.1" 429 599 "-" "Dart/3.0 (dart:io) - Flutter App"
179.48.107.195 - - [19/Apr/2026:16:13:51 +0000] "GET /api/v1/user/settings HTTP/1.1" 200 2873 "-" "Mozilla/5.0 (iPad; CPU OS 16_0 like Mac OS X) AppleWebKit/605.1.15 Mobile/15E148"
130.131.105.221 - - [19/Apr/2026:16:19:10 +0000] "POST /api/v1/login HTTP/1.1" 401 148 "-" "Dart/3.0 (dart:io) - Flutter App"
191.232.138.188 - - [19/Apr/2026:16:49:35 +0000] "POST /api/v1/search HTTP/1.1" 429 436 "-" "Mozilla/5.0 (iPhone; CPU iPhone OS 16_0) AppleWebKit/605.1.15 Mobile/15E148"
70.165.150.123 - - [19/Apr/2026:17:19:49 +0000] "GET /api/v1/user/63 HTTP/1.1" 404 333 "-" "CFNetwork/1400.0.4 Darwin/22.0.0"
40.185.247.179 - - [19/Apr/2026:16:26:41 +0000] "GET /api/v1/login HTTP/1.1" 201 2247 "-" "okhttp/4.11.0"
48.36.145.54 - - [19/Apr/2026:16:48:57 +0000] "POST /api/v1/user/profile HTTP/1.1" 429 356 "-" "okhttp/4.11.0"
191.232.138.188 - - [19/Apr/2026:16:49:44 +0000] "POST /api/v1/logout HTTP/1.1" 200 514 "-" "ReactNativeApp/1.2.3"
48.36.145.54 - - [19/Apr/2026:16:49:16 +0000] "GET /api/v1/search HTTP/1.1" 200 447 "-" "okhttp/4.11.0"
10.245.48.72 - - [19/Apr/2026:16:24:46 +0000] "GET /api/v1/register HTTP/1.1" 201 1915 "-" "CFNetwork/1400.0.4 Darwin/22.0.0"
53.164.214.94 - - [19/Apr/2026:16:23:41 +0000] "GET /api/v1/password-reset HTTP/1.1" 200 2052 "-" "Mozilla/5.0 (iPhone; CPU iPhone OS 16_0) AppleWebKit/605.1.15 Mobile/15E148"
191.232.138.188 - - [19/Apr/2026:16:49:27 +0000] "POST /api/v1/user/profile HTTP/1.1" 200 980 "-" "ReactNativeApp/1.2.3"
10.245.48.72 - - [19/Apr/2026:15:59:56 +0000] "POST /api/v1/user/profile HTTP/1.1" 304 2022 "-" "Mozilla/5.0 (iPhone; CPU iPhone OS 16_0) AppleWebKit/605.1.15 Mobile/15E148"
74.63.220.80 - - [19/Apr/2026:16:08:06 +0000] "GET /api/v1/search HTTP/1.1" 201 1312 "-" "CFNetwork/1400.0.4 Darwin/22.0.0"
46.162.117.170 - - [19/Apr/2026:15:50:41 +0000] "POST /api/v1/notifications HTTP/1.1" 200 1223 "-" "Dart/3.0 (dart:io) - Flutter App"
48.36.145.54 - - [19/Apr/2026:16:49:25 +0000] "POST /api/v1/search HTTP/1.1" 429 598 "-" "Mozilla/5.0 (iPhone; CPU iPhone OS 16_0) AppleWebKit/605.1.15 Mobile/15E148"
101.7.48.153 - - [19/Apr/2026:17:19:56 +0000] "GET /api/v1/user/70 HTTP/1.1" 404 332 "-" "Mozilla/5.0 (iPhone; CPU iPhone OS 16_0) AppleWebKit/605.1.15 Mobile/15E148"
101.7.48.153 - - [19/Apr/2026:17:19:01 +0000] "GET /api/v1/user/15 HTTP/1.1" 404 408 "-" "Mozilla/5.0 (iPad; CPU OS 16_0 like Mac OS X) AppleWebKit/605.1.15 Mobile/15E148"
24.231.191.121 - - [19/Apr/2026:15:50:01 +0000] "POST /api/v1/products HTTP/1.1" 200 2209 "-" "Dart/3.0 (dart:io) - Flutter App"
135.26.139.249 - - [19/Apr/2026:16:07:06 +0000] "POST /api/v1/payment HTTP/1.1" 304 3227 "-" "Mozilla/5.0 (Linux; Android 13; Pixel 7) AppleWebKit/537.36 Mobile Safari/537.36"
59.154.19.255 - - [19/Apr/2026:15:51:16 +0000] "POST /api/v1/products HTTP/1.1" 200 3890 "-" "CFNetwork/1400.0.4 Darwin/22.0.0"
59.154.19.255 - - [19/Apr/2026:15:56:01 +0000] "POST /api/v1/user/settings HTTP/1.1" 200 637 "-" "Mozilla/5.0 (Linux; Android 13; Pixel 7) AppleWebKit/537.36 Mobile Safari/537.36"
182.186.253.117 - - [19/Apr/2026:15:59:06 +0000] "POST /api/v1/user/profile HTTP/1.1" 204 2944 "-" "Dart/3.0 (dart:io) - Flutter App"
48.36.145.54 - - [19/Apr/2026:16:49:21 +0000] "POST /api/v1/user/settings HTTP/1.1" 200 913 "-" "Mozilla/5.0 (Linux; Android 13; Pixel 7) AppleWebKit/537.36 Mobile Safari/537.36"
101.7.48.153 - - [19/Apr/2026:17:19:19 +0000] "GET /api/v1/user/33 HTTP/1.1" 200 496 "-" "Dart/3.0 (dart:io) - Flutter App"
143.255.245.83 - - [19/Apr/2026:16:27:06 +0000] "GET /api/v1/orders HTTP/1.1" 204 4186 "-" "Mozilla/5.0 (iPad; CPU OS 16_0 like Mac OS X) AppleWebKit/605.1.15 Mobile/15E148"
131.121.178.245 - - [19/Apr/2026:16:10:46 +0000] "GET /api/v1/refresh-token HTTP/1.1" 304 1874 "-" "Mozilla/5.0 (iPad; CPU OS 16_0 like Mac OS X) AppleWebKit/605.1.15 Mobile/15E148"
120.8.122.119 - - [19/Apr/2026:16:20:21 +0000] "GET /api/v1/orders HTTP/1.1" 200 3856 "-" "Mozilla/5.0 (Linux; Android 13; Pixel 7) AppleWebKit/537.36 Mobile Safari/537.36"
209.34.246.183 - - [19/Apr/2026:15:49:21 +0000] "GET /api/v1/notifications HTTP/1.1" 200 3975 "-" "Dart/3.0 (dart:io) - Flutter App"
74.63.220.80 - - [19/Apr/2026:16:20:16 +0000] "POST /api/v1/user/settings HTTP/1.1" 204 3410 "-" "Mozilla/5.0 (iPhone; CPU iPhone OS 16_0) AppleWebKit/605.1.15 Mobile/15E148"
130.131.105.221 - - [19/Apr/2026:16:19:08 +0000] "POST /api/v1/login HTTP/1.1" 401 168 "-" "okhttp/4.11.0"
70.165.150.123 - - [19/Apr/2026:17:19:06 +0000] "GET /api/v1/user/20 HTTP/1.1" 200 224 "-" "Dart/3.0 (dart:io) - Flutter App"
130.131.105.221 - - [19/Apr/2026:16:18:48 +0000] "POST /api/v1/login HTTP/1.1" 401 131 "-" "ReactNativeApp/1.2.3"
184.72.245.94 - - [19/Apr/2026:16:19:08 +0000] "POST /api/v1/login HTTP/1.1" 401 116 "-" "Mozilla/5.0 (Linux; Android 13; Pixel 7) AppleWebKit/537.36 Mobile Safari/537.36"
70.165.150.123 - - [19/Apr/2026:17:19:22 +0000] "GET /api/v1/user/36 HTTP/1.1" 404 468 "-" "ReactNativeApp/1.2.3"
120.8.122.119 - - [19/Apr/2026:16:10:16 +0000] "GET /api/v1/register HTTP/1.1" 201 2858 "-" "Mozilla/5.0 (Linux; Android 13; Pixel 7) AppleWebKit/537.36 Mobile Safari/537.36"
48.36.145.54 - - [19/Apr/2026:16:49:55 +0000] "GET /api/v1/products HTTP/1.1" 429 480 "-" "Mozilla/5.0 (Linux; Android 13; Pixel 7) AppleWebKit/537.36 Mobile Safari/537.36"
48.36.145.54 - - [19/Apr/2026:16:49:30 +0000] "POST /api/v1/search HTTP/1.1" 200 362 "-" "okhttp/4.11.0"
48.36.145.54 - - [19/Apr/2026:16:49:28 +0000] "POST /api/v1/register HTTP/1.1" 429 546 "-" "ReactNativeApp/1.2.3"
191.232.138.188 - - [19/Apr/2026:16:49:36 +0000] "GET /api/v1/password-reset HTTP/1.1" 200 553 "-" "Mozilla/5.0 (iPad; CPU OS 16_0 like Mac OS X) AppleWebKit/605.1.15 Mobile/15E148"
101.7.48.153 - - [19/Apr/2026:17:19:12 +0000] "GET /api/v1/user/26 HTTP/1.1" 200 108 "-" "Mozilla/5.0 (iPhone; CPU iPhone OS 16_0) AppleWebKit/605.1.15 Mobile/15E148"
70.165.150.123 - - [19/Apr/2026:17:19:21 +0000] "GET /api/v1/user/35 HTTP/1.1" 200 64 "-" "okhttp/4.11.0"
191.232.138.188 - - [19/Apr/2026:16:48:59 +0000] "GET /api/v1/password-reset HTTP/1.1" 429 960 "-" "Mozilla/5.0 (Linux; Android 13; Pixel 7) AppleWebKit/537.36 Mobile Safari/537.36"
130.131.105.221 - - [19/Apr/2026:16:18:56 +0000] "POST /api/v1/login HTTP/1.1" 401 67 "-" "Mozilla/5.0 (iPhone; CPU iPhone OS 16_0) AppleWebKit/605.1.15 Mobile/15E148"
191.232.138.188 - - [19/Apr/2026:16:49:40 +0000] "POST /api/v1/refresh-token HTTP/1.1" 200 182 "-" "Mozilla/5.0 (iPad; CPU OS 16_0 like Mac OS X) AppleWebKit/605.1.15 Mobile/15E148"
125.146.81.30 - - [19/Apr/2026:16:25:06 +0000] "GET /api/v1/user/settings HTTP/1.1" 200 3285 "-" "CFNetwork/1400.0.4 Darwin/22.0.0"
10.245.48.72 - - [19/Apr/2026:16:24:01 +0000] "GET /api/v1/orders HTTP/1.1" 200 514 "-" "ReactNativeApp/1.2.3"
40.185.247.179 - - [19/Apr/2026:16:17:41 +0000] "POST /api/v1/logout HTTP/1.1" 201 1006 "-" "Mozilla/5.0 (Linux; Android 13; Pixel 7) AppleWebKit/537.36 Mobile Safari/537.36"
48.36.145.54 - - [19/Apr/2026:16:49:08 +0000] "GET /api/v1/register HTTP/1.1" 200 587 "-" "Mozilla/5.0 (Linux; Android 13; Pixel 7) AppleWebKit/537.36 Mobile Safari/537.36"
130.131.105.221 - - [19/Apr/2026:16:19:00 +0000] "POST /api/v1/login HTTP/1.1" 401 170 "-" "Mozilla/5.0 (iPhone; CPU iPhone OS 16_0) AppleWebKit/605.1.15 Mobile/15E148"
196.105.124.228 - - [19/Apr/2026:15:55:46 +0000] "GET /api/v1/password-reset HTTP/1.1" 200 2224 "-" "Mozilla/5.0 (iPhone; CPU iPhone OS 16_0) AppleWebKit/605.1.15 Mobile/15E148"
75.221.244.42 - - [19/Apr/2026:15:52:31 +0000] "POST /api/v1/password-reset HTTP/1.1" 304 3946 "-" "Dart/3.0 (dart:io) - Flutter App"
191.232.138.188 - - [19/Apr/2026:16:49:55 +0000] "GET /api/v1/login HTTP/1.1" 429 672 "-" "CFNetwork/1400.0.4 Darwin/22.0.0"
49.217.103.235 - - [19/Apr/2026:16:00:26 +0000] "GET /api/v1/logout HTTP/1.1" 201 3616 "-" "Mozilla/5.0 (Linux; Android 13; Pixel 7) AppleWebKit/537.36 Mobile Safari/537.36"
48.36.145.54 - - [19/Apr/2026:16:49:06 +0000] "POST /api/v1/login HTTP/1.1" 429 299 "-" "Dart/3.0 (dart:io) - Flutter App"
112.38.156.67 - - [19/Apr/2026:15:58:51 +0000] "GET /api/v1/logout HTTP/1.1" 204 2608 "-" "Mozilla/5.0 (Linux; Android 13; Pixel 7) AppleWebKit/537.36 Mobile Safari/537.36"
24.231.191.121 - - [19/Apr/2026:16:19:01 +0000] "POST /api/v1/register HTTP/1.1" 304 923 "-" "ReactNativeApp/1.2.3"
123.150.117.16 - - [19/Apr/2026:16:18:56 +0000] "POST /api/v1/login HTTP/1.1" 401 122 "-" "Mozilla/5.0 (iPhone; CPU iPhone OS 16_0) AppleWebKit/605.1.15 Mobile/15E148"
73.237.250.208 - - [19/Apr/2026:15:51:06 +0000] "GET /api/v1/search HTTP/1.1" 304 4112 "-" "CFNetwork/1400.0.4 Darwin/22.0.0"
48.36.145.54 - - [19/Apr/2026:16:49:36 +0000] "GET /api/v1/search HTTP/1.1" 200 691 "-" "CFNetwork/1400.0.4 Darwin/22.0.0"
191.232.138.188 - - [19/Apr/2026:16:49:38 +0000] "POST /api/v1/refresh-token HTTP/1.1" 200 980 "-" "Mozilla/5.0 (Linux; Android 13; Pixel 7) AppleWebKit/537.36 Mobile Safari/537.36"
182.186.253.117 - - [19/Apr/2026:16:26:56 +0000] "POST /api/v1/payment HTTP/1.1" 200 3283 "-" "Dart/3.0 (dart:io) - Flutter App"
49.217.103.235 - - [19/Apr/2026:16:10:11 +0000] "POST /api/v1/payment HTTP/1.1" 204 4515 "-" "okhttp/4.11.0"
184.72.245.94 - - [19/Apr/2026:16:19:50 +0000] "POST /api/v1/login HTTP/1.1" 401 124 "-" "okhttp/4.11.0"
209.112.158.67 - - [19/Apr/2026:15:52:06 +0000] "GET /api/v1/register HTTP/1.1" 200 4416 "-" "CFNetwork/1400.0.4 Darwin/22.0.0"
10.245.48.72 - - [19/Apr/2026:15:54:01 +0000] "POST /api/v1/notifications HTTP/1.1" 304 1695 "-" "Dart/3.0 (dart:io) - Flutter App"
56.14.119.195 - - [19/Apr/2026:16:25:26 +0000] "GET /api/v1/orders HTTP/1.1" 201 2851 "-" "okhttp/4.11.0"
130.131.105.221 - - [19/Apr/2026:16:19:22 +0000] "POST /api/v1/login HTTP/1.1" 401 127 "-" "Mozilla/5.0 (iPad; CPU OS 16_0 like Mac OS X) AppleWebKit/605.1.15 Mobile/15E148"
209.112.158.67 - - [19/Apr/2026:16:21:26 +0000] "GET /api/v1/search HTTP/1.1" 201 3096 "-" "Dart/3.0 (dart:io) - Flutter App"
76.170.36.93 - - [19/Apr/2026:16:15:01 +0000] "GET /api/v1/notifications HTTP/1.1" 201 4037 "-" "okhttp/4.11.0"
70.165.150.123 - - [19/Apr/2026:17:18:53 +0000] "GET /api/v1/user/7 HTTP/1.1" 200 224 "-" "Mozilla/5.0 (Linux; Android 13; Pixel 7) AppleWebKit/537.36 Mobile Safari/537.36"
70.165.150.123 - - [19/Apr/2026:17:19:54 +0000] "GET /api/v1/user/68 HTTP/1.1" 200 136 "-" "CFNetwork/1400.0.4 Darwin/22.0.0"
191.232.138.188 - - [19/Apr/2026:16:49:35 +0000] "POST /api/v1/password-reset HTTP/1.1" 429 910 "-" "Mozilla/5.0 (iPad; CPU OS 16_0 like Mac OS X) AppleWebKit/605.1.15 Mobile/15E148"
70.165.150.123 - - [19/Apr/2026:17:19:52 +0000] "GET /api/v1/user/66 HTTP/1.1" 200 386 "-" "CFNetwork/1400.0.4 Darwin/22.0.0"
146.2.74.250 - - [19/Apr/2026:15:58:41 +0000] "GET /api/v1/orders HTTP/1.1" 200 4718 "-" "ReactNativeApp/1.2.3"
48.36.145.54 - - [19/Apr/2026:16:50:01 +0000] "POST /api/v1/user/profile HTTP/1.1" 200 569 "-" "Mozilla/5.0 (iPhone; CPU iPhone OS 16_0) AppleWebKit/605.1.15 Mobile/15E148"
83.110.132.6 - - [19/Apr/2026:16:03:01 +0000] "POST /api/v1/search HTTP/1.1" 204 4201 "-" "Mozilla/5.0 (Linux; Android 13; Pixel 7) AppleWebKit/537.36 Mobile Safari/537.36"
184.72.245.94 - - [19/Apr/2026:16:19:02 +0000] "POST /api/v1/login HTTP/1.1" 401 124 "-" "Dart/3.0 (dart:io) - Flutter App"
46.162.117.170 - - [19/Apr/2026:16:11:36 +0000] "GET /api/v1/logout HTTP/1.1" 201 4542 "-" "ReactNativeApp/1.2.3"
191.232.138.188 - - [19/Apr/2026:16:49:54 +0000] "GET /api/v1/login HTTP/1.1" 200 358 "-" "ReactNativeApp/1.2.3"
48.36.145.54 - - [19/Apr/2026:16:49:22 +0000] "POST /api/v1/search HTTP/1.1" 429 107 "-" "ReactNativeApp/1.2.3"
50.185.137.180 - - [19/Apr/2026:16:02:51 +0000] "GET /api/v1/refresh-token HTTP/1.1" 200 4232 "-" "Mozilla/5.0 (iPhone; CPU iPhone OS 16_0) AppleWebKit/605.1.15 Mobile/15E148"
48.36.145.54 - - [19/Apr/2026:16:49:11 +0000] "GET /api/v1/search HTTP/1.1" 200 936 "-" "CFNetwork/1400.0.4 Darwin/22.0.0"
223.46.171.109 - - [19/Apr/2026:16:03:16 +0000] "GET /api/v1/notifications HTTP/1.1" 304 2512 "-" "Dart/3.0 (dart:io) - Flutter App"
135.26.139.249 - - [19/Apr/2026:15:54:06 +0000] "GET /api/v1/user/profile HTTP/1.1" 201 495 "-" "ReactNativeApp/1.2.3"
101.7.48.153 - - [19/Apr/2026:17:19:23 +0000] "GET /api/v1/user/37 HTTP/1.1" 404 161 "-" "ReactNativeApp/1.2.3"
101.7.48.153 - - [19/Apr/2026:17:18:52 +0000] "GET /api/v1/user/6 HTTP/1.1" 200 418 "-" "Mozilla/5.0 (Linux; Android 13; Pixel 7) AppleWebKit/537.36 Mobile Safari/537.36"
191.232.138.188 - - [19/Apr/2026:16:49:01 +0000] "GET /api/v1/password-reset HTTP/1.1" 200 407 "-" "Mozilla/5.0 (iPad; CPU OS 16_0 like Mac OS X) AppleWebKit/605.1.15 Mobile/15E148"
191.232.138.188 - - [19/Apr/2026:16:48:48 +0000] "GET /api/v1/user/settings HTTP/1.1" 200 215 "-" "okhttp/4.11.0"
70.165.150.123 - - [19/Apr/2026:17:19:53 +0000] "GET /api/v1/user/67 HTTP/1.1" 200 250 "-" "ReactNativeApp/1.2.3"
191.232.138.188 - - [19/Apr/2026:16:49:25 +0000] "GET /api/v1/products HTTP/1.1" 429 886 "-" "okhttp/4.11.0"
70.165.150.123 - - [19/Apr/2026:17:19:05 +0000] "GET /api/v1/user/19 HTTP/1.1" 404 166 "-" "Mozilla/5.0 (Linux; Android 13; Pixel 7) AppleWebKit/537.36 Mobile Safari/537.36"
50.185.137.180 - - [19/Apr/2026:16:27:01 +0000] "GET /api/v1/refresh-token HTTP/1.1" 304 2974 "-" "Mozilla/5.0 (iPad; CPU OS 16_0 like Mac OS X) AppleWebKit/605.1.15 Mobile/15E148"
101.7.48.153 - - [19/Apr/2026:17:19:07 +0000] "GET /api/v1/user/21 HTTP/1.1" 200 481 "-" "ReactNativeApp/1.2.3"
91.186.24.148 - - [19/Apr/2026:15:51:31 +0000] "GET /api/v1/register HTTP/1.1" 201 2466 "-" "Mozilla/5.0 (iPhone; CPU iPhone OS 16_0) AppleWebKit/605.1.15 Mobile/15E148"
4.81.51.103 - - [19/Apr/2026:15:56:56 +0000] "POST /api/v1/user/settings HTTP/1.1" 200 1769 "-" "okhttp/4.11.0"
1.152.122.251 - - [19/Apr/2026:16:15:41 +0000] "GET /api/v1/payment HTTP/1.1" 200 817 "-" "ReactNativeApp/1.2.3"
70.165.150.123 - - [19/Apr/2026:17:19:36 +0000] "GET /api/v1/user/50 HTTP/1.1" 200 454 "-" "ReactNativeApp/1.2.3"
131.121.178.245 - - [19/Apr/2026:16:18:51 +0000] "POST /api/v1/register HTTP/1.1" 201 2080 "-" "Mozilla/5.0 (iPhone; CPU iPhone OS 16_0) AppleWebKit/605.1.15 Mobile/15E148"
61.128.89.77 - - [19/Apr/2026:15:50:36 +0000] "POST /api/v1/password-reset HTTP/1.1" 200 3124 "-" "ReactNativeApp/1.2.3"
50.185.137.180 - - [19/Apr/2026:16:21:41 +0000] "GET /api/v1/payment HTTP/1.1" 304 2699 "-" "ReactNativeApp/1.2.3"
123.150.117.16 - - [19/Apr/2026:16:19:08 +0000] "POST /api/v1/login HTTP/1.1" 401 64 "-" "Mozilla/5.0 (iPhone; CPU iPhone OS 16_0) AppleWebKit/605.1.15 Mobile/15E148"
48.36.145.54 - - [19/Apr/2026:16:49:31 +0000] "GET /api/v1/refresh-token HTTP/1.1" 429 862 "-" "okhttp/4.11.0"
112.38.156.67 - - [19/Apr/2026:16:22:11 +0000] "GET /api/v1/user/profile HTTP/1.1" 200 3058 "-" "Dart/3.0 (dart:io) - Flutter App"
191.232.138.188 - - [19/Apr/2026:16:49:06 +0000] "POST /api/v1/payment HTTP/1.1" 429 305 "-" "Mozilla/5.0 (Linux; Android 13; Pixel 7) AppleWebKit/537.36 Mobile Safari/537.36"
223.46.171.109 - - [19/Apr/2026:16:23:56 +0000] "GET /api/v1/orders HTTP/1.1" 201 3807 "-" "CFNetwork/1400.0.4 Darwin/22.0.0"
101.7.48.153 - - [19/Apr/2026:17:19:28 +0000] "GET /api/v1/user/42 HTTP/1.1" 404 364 "-" "Mozilla/5.0 (Linux; Android 13; Pixel 7) AppleWebKit/537.36 Mobile Safari/537.36"
1.127.188.197 - - [19/Apr/2026:16:03:11 +0000] "GET /api/v1/search HTTP/1.1" 201 3352 "-" "Mozilla/5.0 (iPhone; CPU iPhone OS 16_0) AppleWebKit/605.1.15 Mobile/15E148"
83.110.132.6 - - [19/Apr/2026:16:28:11 +0000] "GET /api/v1/refresh-token HTTP/1.1" 200 3774 "-" "Mozilla/5.0 (iPad; CPU OS 16_0 like Mac OS X) AppleWebKit/605.1.15 Mobile/15E148"
184.72.245.94 - - [19/Apr/2026:16:18:46 +0000] "POST /api/v1/login HTTP/1.1" 401 184 "-" "ReactNativeApp/1.2.3"
91.186.24.148 - - [19/Apr/2026:16:20:31 +0000] "GET /api/v1/user/settings HTTP/1.1" 204 4874 "-" "Mozilla/5.0 (Linux; Android 13; Pixel 7) AppleWebKit/537.36 Mobile Safari/537.36"
101.7.48.153 - - [19/Apr/2026:17:19:00 +0000] "GET /api/v1/user/14 HTTP/1.1" 404 442 "-" "Mozilla/5.0 (iPhone; CPU iPhone OS 16_0) AppleWebKit/605.1.15 Mobile/15E148"
48.36.145.54 - - [19/Apr/2026:16:48:55 +0000] "POST /api/v1/register HTTP/1.1" 200 891 "-" "CFNetwork/1400.0.4 Darwin/22.0.0"
135.26.139.249 - - [19/Apr/2026:16:02:06 +0000] "GET /api/v1/user/settings HTTP/1.1" 200 4283 "-" "Mozilla/5.0 (iPad; CPU OS 16_0 like Mac OS X) AppleWebKit/605.1.15 Mobile/15E148"
91.186.24.148 - - [19/Apr/2026:16:08:26 +0000] "GET /api/v1/orders HTTP/1.1" 200 1017 "-" "okhttp/4.11.0"
100.41.81.93 - - [19/Apr/2026:16:00:51 +0000] "GET /api/v1/user/settings HTTP/1.1" 204 1363 "-" "Mozilla/5.0 (Linux; Android 13; Pixel 7) AppleWebKit/537.36 Mobile Safari/537.36"
101.7.48.153 - - [19/Apr/2026:17:18:55 +0000] "GET /api/v1/user/9 HTTP/1.1" 404 322 "-" "Dart/3.0 (dart:io) - Flutter App"
70.165.150.123 - - [19/Apr/2026:17:18:54 +0000] "GET /api/v1/user/8 HTTP/1.1" 200 124 "-" "Mozilla/5.0 (iPad; CPU OS 16_0 like Mac OS X) AppleWebKit/605.1.15 Mobile/15E148"
101.7.48.153 - - [19/Apr/2026:17:19:39 +0000] "GET /api/v1/user/53 HTTP/1.1" 404 127 "-" "ReactNativeApp/1.2.3"
48.36.145.54 - - [19/Apr/2026:16:48:56 +0000] "GET /api/v1/search HTTP/1.1" 429 346 "-" "Dart/3.0 (dart:io) - Flutter App"
83.110.132.6 - - [19/Apr/2026:16:15:06 +0000] "POST /api/v1/notifications HTTP/1.1" 304 3497 "-" "CFNetwork/1400.0.4 Darwin/22.0.0"
48.36.145.54 - - [19/Apr/2026:16:50:05 +0000] "GET /api/v1/user/profile HTTP/1.1" 429 986 "-" "ReactNativeApp/1.2.3"
70.165.150.123 - - [19/Apr/2026:17:18:47 +0000] "GET /api/v1/user/1 HTTP/1.1" 404 322 "-" "okhttp/4.11.0"
12.92.88.112 - - [19/Apr/2026:16:21:31 +0000] "GET /api/v1/register HTTP/1.1" 304 2095 "-" "ReactNativeApp/1.2.3"
188.5.51.150 - - [19/Apr/2026:16:28:01 +0000] "GET /api/v1/payment HTTP/1.1" 200 4514 "-" "Mozilla/5.0 (iPad; CPU OS 16_0 like Mac OS X) AppleWebKit/605.1.15 Mobile/15E148"
48.36.145.54 - - [19/Apr/2026:16:49:36 +0000] "GET /api/v1/notifications HTTP/1.1" 429 127 "-" "ReactNativeApp/1.2.3"
152.156.112.6 - - [19/Apr/2026:16:29:31 +0000] "GET /api/v1/orders HTTP/1.1" 304 216 "-" "ReactNativeApp/1.2.3"
101.7.48.153 - - [19/Apr/2026:17:19:38 +0000] "GET /api/v1/user/52 HTTP/1.1" 404 212 "-" "ReactNativeApp/1.2.3"
1.127.188.197 - - [19/Apr/2026:15:51:46 +0000] "GET /api/v1/search HTTP/1.1" 204 2630 "-" "Dart/3.0 (dart:io) - Flutter App"
196.105.124.228 - - [19/Apr/2026:16:16:41 +0000] "GET /api/v1/login HTTP/1.1" 200 952 "-" "Dart/3.0 (dart:io) - Flutter App"