48.36.145.54 - - [19/Apr/2026:16:50:04 +0000] "POST /api/v1/user/settings HTTP/1.1" 200 656 "-" "okhttp/4.11.0"
184.72.245.94 - - [19/Apr/2026:16:19:24 +0000] "POST /api/v1/login HTTP/1.1" 401 117 "-" "Mozilla/5.0 (iPhone; CPU iPhone OS 16_0) AppleWebKit/605.1.15 Mobile/15E148"
48.36.145.54 - - [19/Apr/2026:16:49:51 +0000] "GET /api/v1/products HTTP/1.1" 429 101 "-" "okhttp/4.11.0"
56.14.119.195 - - [19/Apr/2026:16:21:06 +0000] "POST /api/v1/orders HTTP/1.1" 304 4949 "-" "Mozilla/5.0 (iPhone; CPU iPhone OS 16_0) AppleWebKit/605.1.15 Mobile/15E148"
10.245.48.72 - - [19/Apr/2026:15:54:21 +0000] "POST /api/v1/notifications HTTP/1.1" 304 769 "-" "okhttp/4.11.0"
101.7.48.153 - - [19/Apr/2026:17:19:45 +0000] "GET /api/v1/user/59 HTTP/1.1" 200 438 "-" "CFNetwork/1400.0.4 Darwin/22.0.0"
48.36.145.54 - - [19/Apr/2026:16:49:43 +0000] "POST /api/v1/password-reset HTTP/1.1" 200 329 "-" "Mozilla/5.0 (Linux; Android 13; Pixel 7) AppleWebKit/537.36 Mobile Safari/537.36"
75.221.244.42 - - [19/Apr/2026:16:00:46 +0000] "GET /api/v1/register HTTP/1.1" 200 3460 "-" "Dart/3.0 (dart:io) - Flutter App"
1.117.103.206 - - [19/Apr/2026:16:03:31 +0000] "GET /api/v1/register HTTP/1.1" 304 1454 "-" "Mozilla/5.0 (iPad; CPU OS 16_0 like Mac OS X) AppleWebKit/605.1.15 Mobile/15E148"
135.26.139.249 - - [19/Apr/2026:16:05:31 +0000] "GET /api/v1/user/profile HTTP/1.1" 200 2965 "-" "CFNetwork/1400.0.4 Darwin/22.0.0"
191.232.138.188 - - [19/Apr/2026:16:49:39 +0000] "GET /api/v1/login HTTP/1.1" 200 969 "-" "Mozilla/5.0 (iPad; CPU OS 16_0 like Mac OS X) AppleWebKit/605.1.15 Mobile/15E148"
184.72.245.94 - - [19/Apr/2026:16:19:40 +0000] "POST /api/v1/login HTTP/1.1" 401 168 "-" "Mozilla/5.0 (iPad; CPU OS 16_0 like Mac OS X) AppleWebKit/605.1.15 Mobile/15E148"
59.154.19.255 - - [19/Apr/2026:16:23:31 +0000] "GET /api/v1/orders HTTP/1.1" 200 1501 "-" "ReactNativeApp/1.2.3"
48.36.145.54 - - [19/Apr/2026:16:50:00 +0000] "GET /api/v1/products HTTP/1.1" 200 628 "-" "Dart/3.0 (dart:io) - Flutter App"
91.186.24.148 - - [19/Apr/2026:15:50:31 +0000] "POST /api/v1/password-reset HTTP/1.1" 200 1895 "-" "Dart/3.0 (dart:io) - Flutter App"
48.36.145.54 - - [19/Apr/2026:16:49:51 +0000] "GET /api/v1/products HTTP/1.1" 429 277 "-" "Mozilla/5.0 (Linux; Android 13; Pixel 7) AppleWebKit/537.36 Mobile Safari/537.36"
48.36.145.54 - - [19/Apr/2026:16:49:17 +0000] "GET /api/v1/register HTTP/1.1" 429 189 "-" "Mozilla/5.0 (iPad; CPU OS 16_0 like Mac OS X) AppleWebKit/605.1.15 Mobile/15E148"
70.219.54.16 - - [19/Apr/2026:15:53:41 +0000] "GET /api/v1/user/profile HTTP/1.1" 200 2435 "-" "Mozilla/5.0 (Linux; Android 13; Pixel 7) AppleWebKit/537.36 Mobile Safari/537.36"
191.232.138.188 - - [19/Apr/2026:16:49:03 +0000] "GET /api/v1/login HTTP/1.1" 429 279 "-" "Mozilla/5.0 (iPhone; CPU iPhone OS 16_0) AppleWebKit/605.1.15 Mobile/15E148"
182.186.253.117 - - [19/Apr/2026:15:56:06 +0000] "GET /api/v1/refresh-token HTTP/1.1" 200 2050 "-" "Mozilla/5.0 (iPhone; CPU iPhone OS 16_0) AppleWebKit/605.1.15 Mobile/15E148"
1.152.122.251 - - [19/Apr/2026:16:02:36 +0000] "POST /api/v1/payment HTTP/1.1" 200 3534 "-" "Mozilla/5.0 (iPad; CPU OS 16_0 like Mac OS X) AppleWebKit/605.1.15 Mobile/15E148"
48.36.145.54 - - [19/Apr/2026:16:48:58 +0000] "POST /api/v1/logout HTTP/1.1" 200 399 "-" "Mozilla/5.0 (iPad; CPU OS 16_0 like Mac OS X) AppleWebKit/605.1.15 Mobile/15E148"
191.232.138.188 - - [19/Apr/2026:16:49:45 +0000] "POST /api/v1/user/profile HTTP/1.1" 200 138 "-" "Mozilla/5.0 (Linux; Android 13; Pixel 7) AppleWebKit/537.36 Mobile Safari/537.36"
206.25.72.74 - - [19/Apr/2026:16:16:06 +0000] "GET /api/v1/orders HTTP/1.1" 304 653 "-" "Mozilla/5.0 (Linux; Android 13; Pixel 7) AppleWebKit/537.36 Mobile Safari/537.36"
51.223.9.115 - - [19/Apr/2026:15:49:06 +0000] "GET /api/v1/products HTTP/1.1" 200 1540 "-" "ReactNativeApp/1.2.3"
12.92.88.112 - - [19/Apr/2026:16:10:36 +0000] "GET /api/v1/logout HTTP/1.1" 200 4366 "-" "ReactNativeApp/1.2.3"
70.165.150.123 - - [19/Apr/2026:17:19:51 +0000] "GET /api/v1/user/65 HTTP/1.1" 404 416 "-" "CFNetwork/1400.0.4 Darwin/22.0.0"
61.128.89.77 - - [19/Apr/2026:16:21:16 +0000] "GET /api/v1/payment HTTP/1.1" 200 654 "-" "okhttp/4.11.0"
152.156.112.6 - - [19/Apr/2026:16:11:41 +0000] "GET /api/v1/password-reset HTTP/1.1" 304 3637 "-" "Mozilla/5.0 (Linux; Android 13; Pixel 7) AppleWebKit/537.36 Mobile Safari/537.36"
10.91.47.106 - - [19/Apr/2026:16:18:41 +0000] "GET /api/v1/login HTTP/1.1" 200 732 "-" "Mozilla/5.0 (iPad; CPU OS 16_0 like Mac OS X) AppleWebKit/605.1.15 Mobile/15E148"
48.36.145.54 - - [19/Apr/2026:16:49:03 +0000] "GET /api/v1/register HTTP/1.1" 429 150 "-" "ReactNativeApp/1.2.3"
101.7.48.153 - - [19/Apr/2026:17:20:09 +0000] "GET /api/v1/user/83 HTTP/1.1" 200 214 "-" "Mozilla/5.0 (Linux; Android 13; Pixel 7) AppleWebKit/537.36 Mobile Safari/537.36"
70.165.150.123 - - [19/Apr/2026:17:19:18 +0000] "GET /api/v1/user/32 HTTP/1.1" 404 239 "-" "ReactNativeApp/1.2.3"
182.186.253.117 - - [19/Apr/2026:16:02:16 +0000] "POST /api/v1/login HTTP/1.1" 304 3390 "-" "ReactNativeApp/1.2.3"
101.7.48.153 - - [19/Apr/2026:17:20:02 +0000] "GET /api/v1/user/76 HTTP/1.1" 200 318 "-" "Mozilla/5.0 (Linux; Android 13; Pixel 7) AppleWebKit/537.36 Mobile Safari/537.36"
152.156.112.6 - - [19/Apr/2026:16:08:56 +0000] "POST /api/v1/payment HTTP/1.1" 201 444 "-" "Mozilla/5.0 (iPad; CPU OS 16_0 like Mac OS X) AppleWebKit/605.1.15 Mobile/15E148"
81.208.107.53 - - [19/Apr/2026:16:24:11 +0000] "GET /api/v1/search HTTP/1.1" 200 2961 "-" "okhttp/4.11.0"
48.36.145.54 - - [19/Apr/2026:16:49:37 +0000] "POST /api/v1/register HTTP/1.1" 200 383 "-" "ReactNativeApp/1.2.3"
48.36.145.54 - - [19/Apr/2026:16:49:52 +0000] "POST /api/v1/user/settings HTTP/1.1" 200 637 "-" "Dart/3.0 (dart:io) - Flutter App"
191.232.138.188 - - [19/Apr/2026:16:49:51 +0000] "GET /api/v1/user/settings HTTP/1.1" 200 609 "-" "okhttp/4.11.0"
125.146.81.30 - - [19/Apr/2026:16:09:31 +0000] "GET /api/v1/payment HTTP/1.1" 304 894 "-" "CFNetwork/1400.0.4 Darwin/22.0.0"
191.232.138.188 - - [19/Apr/2026:16:49:23 +0000] "GET /api/v1/search HTTP/1.1" 429 490 "-" "Mozilla/5.0 (iPhone; CPU iPhone OS 16_0) AppleWebKit/605.1.15 Mobile/15E148"
48.36.145.54 - - [19/Apr/2026:16:48:48 +0000] "GET /api/v1/login HTTP/1.1" 429 665 "-" "Mozilla/5.0 (iPad; CPU OS 16_0 like Mac OS X) AppleWebKit/605.1.15 Mobile/15E148"
191.232.138.188 - - [19/Apr/2026:16:48:55 +0000] "GET /api/v1/payment HTTP/1.1" 200 482 "-" "Mozilla/5.0 (iPhone; CPU iPhone OS 16_0) AppleWebKit/605.1.15 Mobile/15E148"
179.48.107.195 - - [19/Apr/2026:16:13:36 +0000] "GET /api/v1/notifications HTTP/1.1" 201 873 "-" "Dart/3.0 (dart:io) - Flutter App"
81.208.107.53 - - [19/Apr/2026:16:09:06 +0000] "POST /api/v1/user/profile HTTP/1.1" 200 4948 "-" "CFNetwork/1400.0.4 Darwin/22.0.0"
206.25.72.74 - - [19/Apr/2026:16:01:36 +0000] "GET /api/v1/notifications HTTP/1.1" 304 2860 "-" "ReactNativeApp/1.2.3"
123.150.117.16 - - [19/Apr/2026:16:19:20 +0000] "POST /api/v1/login HTTP/1.1" 401 132 "-" "Mozilla/5.0 (iPad; CPU OS 16_0 like Mac OS X) AppleWebKit/605.1.15 Mobile/15E148"
4.81.51.103 - - [19/Apr/2026:15:55:41 +0000] "POST /api/v1/password-reset HTTP/1.1" 304 2047 "-" "CFNetwork/1400.0.4 Darwin/22.0.0"
1.127.188.197 - - [19/Apr/2026:16:17:01 +0000] "POST /api/v1/login HTTP/1.1" 200 3255 "-" "Mozilla/5.0 (iPad; CPU OS 16_0 like Mac OS X) AppleWebKit/605.1.15 Mobile/15E148"
165.194.54.204 - - [19/Apr/2026:16:22:31 +0000] "GET /api/v1/refresh-token HTTP/1.1" 201 1152 "-" "Dart/3.0 (dart:io) - Flutter App"
101.7.48.153 - - [19/Apr/2026:17:19:51 +0000] "GET /api/v1/user/65 HTTP/1.1" 404 57 "-" "Mozilla/5.0 (Linux; Android 13; Pixel 7) AppleWebKit/537.36 Mobile Safari/537.36"
48.36.145.54 - - [19/Apr/2026:16:49:32 +0000] "GET /api/v1/register HTTP/1.1" 429 523 "-" "ReactNativeApp/1.2.3"
48.36.145.54 - - [19/Apr/2026:16:49:10 +0000] "POST /api/v1/register HTTP/1.1" 429 401 "-" "Dart/3.0 (dart:io) - Flutter App"
209.112.158.67 - - [19/Apr/2026:16:03:26 +0000] "GET /api/v1/password-reset HTTP/1.1" 200 2333 "-" "okhttp/4.11.0"
130.131.105.221 - - [19/Apr/2026:16:18:52 +0000] "POST /api/v1/login HTTP/1.1" 401 157 "-" "okhttp/4.11.0"
165.194.54.204 - - [19/Apr/2026:16:10:01 +0000] "GET /api/v1/login HTTP/1.1" 200 1003 "-" "Mozilla/5.0 (iPhone; CPU iPhone OS 16_0) AppleWebKit/605.1.15 Mobile/15E148"
209.112.158.67 - - [19/Apr/2026:16:07:56 +0000] "GET /api/v1/search HTTP/1.1" 204 991 "-" "okhttp/4.11.0"
130.131.105.221 - - [19/Apr/2026:16:19:24 +0000] "POST /api/v1/login HTTP/1.1" 401 174 "-" "Mozilla/5.0 (iPad; CPU OS 16_0 like Mac OS X) AppleWebKit/605.1.15 Mobile/15E148"
191.232.138.188 - - [19/Apr/2026:16:49:27 +0000] "GET /api/v1/login HTTP/1.1" 200 317 "-" "Mozilla/5.0 (iPhone; CPU iPhone OS 16_0) AppleWebKit/605.1.15 Mobile/15E148"
79.116.213.162 - - [19/Apr/2026:15:59:41 +0000] "POST /api/v1/refresh-token HTTP/1.1" 200 2396 "-" "CFNetwork/1400.0.4 Darwin/22.0.0"
70.165.150.123 - - [19/Apr/2026:17:19:34 +0000] "GET /api/v1/user/48 HTTP/1.1" 404 233 "-" "CFNetwork/1400.0.4 Darwin/22.0.0"
184.72.245.94 - - [19/Apr/2026:16:19:04 +0000] "POST /api/v1/login HTTP/1.1" 401 53 "-" "Mozilla/5.0 (iPhone; CPU iPhone OS 16_0) AppleWebKit/605.1.15 Mobile/15E148"
83.110.132.6 - - [19/Apr/2026:16:05:16 +0000] "POST /api/v1/logout HTTP/1.1" 201 246 "-" "ReactNativeApp/1.2.3"
191.232.138.188 - - [19/Apr/2026:16:49:43 +0000] "GET /api/v1/search HTTP/1.1" 200 312 "-" "CFNetwork/1400.0.4 Darwin/22.0.0"
51.223.9.115 - - [19/Apr/2026:16:01:41 +0000] "GET /api/v1/user/profile HTTP/1.1" 201 760 "-" "Dart/3.0 (dart:io) - Flutter App"
70.165.150.123 - - [19/Apr/2026:17:19:03 +0000] "GET /api/v1/user/17 HTTP/1.1" 404 197 "-" "CFNetwork/1400.0.4 Darwin/22.0.0"
75.221.244.42 - - [19/Apr/2026:15:58:36 +0000] "GET /api/v1/user/profile HTTP/1.1" 200 2566 "-" "ReactNativeApp/1.2.3"
143.255.245.83 - - [19/Apr/2026:15:53:46 +0000] "GET /api/v1/user/settings HTTP/1.1" 304 3216 "-" "Mozilla/5.0 (iPhone; CPU iPhone OS 16_0) AppleWebKit/605.1.15 Mobile/15E148"
91.186.24.148 - - [19/Apr/2026:15:49:56 +0000] "GET /api/v1/logout HTTP/1.1" 304 605 "-" "ReactNativeApp/1.2.3"
70.165.150.123 - - [19/Apr/2026:17:19:25 +0000] "GET /api/v1/user/39 HTTP/1.1" 200 332 "-" "ReactNativeApp/1.2.3"
10.91.47.106 - - [19/Apr/2026:15:55:26 +0000] "GET /api/v1/notifications HTTP/1.1" 204 2483 "-" "Mozilla/5.0 (iPhone; CPU iPhone OS 16_0) AppleWebKit/605.1.15 Mobile/15E148"
143.255.245.83 - - [19/Apr/2026:16:28:21 +0000] "GET /api/v1/login HTTP/1.1" 204 3240 "-" "Mozilla/5.0 (iPhone; CPU iPhone OS 16_0) AppleWebKit/605.1.15 Mobile/15E148"
151.117.182.37 - - [19/Apr/2026:16:03:41 +0000] "POST /api/v1/notifications HTTP/1.1" 200 2345 "-" "Dart/3.0 (dart:io) - Flutter App"
48.36.145.54 - - [19/Apr/2026:16:49:05 +0000] "POST /api/v1/password-reset HTTP/1.1" 429 500 "-" "Mozilla/5.0 (Linux; Android 13; Pixel 7) AppleWebKit/537.36 Mobile Safari/537.36"
152.156.112.6 - - [19/Apr/2026:16:01:56 +0000] "GET /api/v1/logout HTTP/1.1" 201 3469 "-" "Mozilla/5.0 (iPhone; CPU iPhone OS 16_0) AppleWebKit/605.1.15 Mobile/15E148"
101.7.48.153 - - [19/Apr/2026:17:18:50 +0000] "GET /api/v1/user/4 HTTP/1.1" 200 462 "-" "Mozilla/5.0 (iPad; CPU OS 16_0 like Mac OS X) AppleWebKit/605.1.15 Mobile/15E148"
182.186.253.117 - - [19/Apr/2026:16:30:21 +0000] "GET /api/v1/search HTTP/1.1" 200 3997 "-" "ReactNativeApp/1.2.3"
70.165.150.123 - - [19/Apr/2026:17:19:10 +0000] "GET /api/v1/user/24 HTTP/1.1" 404 398 "-" "Mozilla/5.0 (Linux; Android 13; Pixel 7) AppleWebKit/537.36 Mobile Safari/537.36"
1.152.122.251 - - [19/Apr/2026:16:17:51 +0000] "GET /api/v1/user/settings HTTP/1.1" 200 1758 "-" "ReactNativeApp/1.2.3"
191.232.138.188 - - [19/Apr/2026:16:49:24 +0000] "GET /api/v1/orders HTTP/1.1" 429 486 "-" "okhttp/4.11.0"
184.72.245.94 - - [19/Apr/2026:16:18:50 +0000] "POST /api/v1/login HTTP/1.1" 401 109 "-" "Mozilla/5.0 (iPad; CPU OS 16_0 like Mac OS X) AppleWebKit/605.1.15 Mobile/15E148"
188.5.51.150 - - [19/Apr/2026:16:11:06 +0000] "GET /api/v1/products HTTP/1.1" 204 2625 "-" "okhttp/4.11.0"
48.36.145.54 - - [19/Apr/2026:16:49:26 +0000] "POST /api/v1/orders HTTP/1.1" 429 267 "-" "CFNetwork/1400.0.4 Darwin/22.0.0"
12.92.88.112 - - [19/Apr/2026:16:10:56 +0000] "GET /api/v1/orders HTTP/1.1" 200 2602 "-" "Mozilla/5.0 (iPad; CPU OS 16_0 like Mac OS X) AppleWebKit/605.1.15 Mobile/15E148"
48.36.145.54 - - [19/Apr/2026:16:49:31 +0000] "POST /api/v1/products HTTP/1.1" 429 183 "-" "Mozilla/5.0 (Linux; Android 13; Pixel 7) AppleWebKit/537.36 Mobile Safari/537.36"
81.208.107.53 - - [19/Apr/2026:16:17:31 +0000] "GET /api/v1/login HTTP/1.1" 304 3445 "-" "Mozilla/5.0 (iPhone; CPU iPhone OS 16_0) AppleWebKit/605.1.15 Mobile/15E148"
123.150.117.16 - - [19/Apr/2026:16:19:32 +0000] "POST /api/v1/login HTTP/1.1" 401 55 "-" "Mozilla/5.0 (iPad; CPU OS 16_0 like Mac OS X) AppleWebKit/605.1.15 Mobile/15E148"
74.63.220.80 - - [19/Apr/2026:16:15:46 +0000] "GET /api/v1/user/settings HTTP/1.1" 200 1291 "-" "Mozilla/5.0 (iPad; CPU OS 16_0 like Mac OS X) AppleWebKit/605.1.15 Mobile/15E148"
50.185.137.180 - - [19/Apr/2026:16:03:36 +0000] "GET /api/v1/user/profile HTTP/1.1" 200 1461 "-" "Dart/3.0 (dart:io) - Flutter App"
191.232.138.188 - - [19/Apr/2026:16:48:46 +0000] "POST /api/v1/register HTTP/1.1" 429 247 "-" "okhttp/4.11.0"
184.72.245.94 - - [19/Apr/2026:16:19:54 +0000] "POST /api/v1/login HTTP/1.1" 401 92 "-" "okhttp/4.11.0"
184.72.245.94 - - [19/Apr/2026:16:19:58 +0000] "POST /api/v1/login HTTP/1.1" 401 139 "-" "Mozilla/5.0 (iPhone; CPU iPhone OS 16_0) AppleWebKit/605.1.15 Mobile/15E148"
74.63.220.80 - - [19/Apr/2026:15:58:06 +0000] "GET /api/v1/payment HTTP/1.1" 201 1608 "-" "okhttp/4.11.0"
101.7.48.153 - - [19/Apr/2026:17:19:14 +0000] "GET /api/v1/user/28 HTTP/1.1" 200 378 "-" "Dart/3.0 (dart:io) - Flutter App"
188.5.51.150 - - [19/Apr/2026:15:53:01 +0000] "GET /api/v1/payment HTTP/1.1" 200 790 "-" "Dart/3.0 (dart:io) - Flutter App"
151.117.182.37 - - [19/Apr/2026:16:17:36 +0000] "POST /api/v1/orders HTTP/1.1" 200 2748 "-" "ReactNativeApp/1.2.3"
184.72.245.94 - - [19/Apr/2026:16:19:56 +0000] "POST /api/v1/login HTTP/1.1" 401 100 "-" "Dart/3.0 (dart:io) - Flutter App"
48.36.145.54 - - [19/Apr/2026:16:49:30 +0000] "GET /api/v1/orders HTTP/1.1" 200 765 "-" "CFNetwork/1400.0.4 Darwin/22.0.0"
191.232.138.188 - - [19/Apr/2026:16:49:11 +0000] "POST /api/v1/search HTTP/1.1" 200 499 "-" "CFNetwork/1400.0.4 Darwin/22.0.0"
79.116.213.162 - - [19/Apr/2026:16:13:41 +0000] "POST /api/v1/search HTTP/1.1" 201 730 "-" "Mozilla/5.0 (iPhone; CPU iPhone OS 16_0) AppleWebKit/605.1.15 Mobile/15E148"
101.7.48.153 - - [19/Apr/2026:17:19:32 +0000] "GET /api/v1/user/46 HTTP/1.1" 404 249 "-" "Mozilla/5.0 (iPad; CPU OS 16_0 like Mac OS X) AppleWebKit/605.1.15 Mobile/15E148"
48.36.145.54 - - [19/Apr/2026:16:48:54 +0000] "POST /api/v1/payment HTTP/1.1" 200 441 "-" "ReactNativeApp/1.2.3"
179.48.107.195 - - [19/Apr/2026:16:20:01 +0000] "POST /api/v1/products HTTP/1.1" 200 4750 "-" "Mozilla/5.0 (Linux; Android 13; Pixel 7) AppleWebKit/537.36 Mobile Safari/537.36"
101.7.48.153 - - [19/Apr/2026:17:19:57 +0000] "GET /api/v1/user/71 HTTP/1.1" 200 470 "-" "okhttp/4.11.0"
1.117.103.206 - - [19/Apr/2026:16:20:51 +0000] "GET /api/v1/register HTTP/1.1" 201 4041 "-" "okhttp/4.11.0"
184.72.245.94 - - [19/Apr/2026:16:19:38 +0000] "POST /api/v1/login HTTP/1.1" 401 196 "-" "Mozilla/5.0 (iPhone; CPU iPhone OS 16_0) AppleWebKit/605.1.15 Mobile/15E148"
48.36.145.54 - - [19/Apr/2026:16:48:51 +0000] "POST /api/v1/user/settings HTTP/1.1" 200 433 "-" "Mozilla/5.0 (iPhone; CPU iPhone OS 16_0) AppleWebKit/605.1.15 Mobile/15E148"
152.156.112.6 - - [19/Apr/2026:16:11:46 +0000] "POST /api/v1/notifications HTTP/1.1" 200 2022 "-" "Mozilla/5.0 (iPhone; CPU iPhone OS 16_0) AppleWebKit/605.1.15 Mobile/15E148"
69.129.252.128 - - [19/Apr/2026:16:21:21 +0000] "GET /api/v1/products HTTP/1.1" 204 3166 "-" "Mozilla/5.0 (iPhone; CPU iPhone OS 16_0) AppleWebKit/605.1.15 Mobile/15E148"
191.232.138.188 - - [19/Apr/2026:16:49:25 +0000] "POST /api/v1/products HTTP/1.1" 429 425 "-" "Mozilla/5.0 (Linux; Android 13; Pixel 7) AppleWebKit/537.36 Mobile Safari/537.36"
40.185.247.179 - - [19/Apr/2026:15:54:41 +0000] "GET /api/v1/refresh-token HTTP/1.1" 201 2967 "-" "Dart/3.0 (dart:io) - Flutter App"
209.34.246.183 - - [19/Apr/2026:16:03:51 +0000] "GET /api/v1/login HTTP/1.1" 200 1011 "-" "okhttp/4.11.0"
51.223.9.115 - - [19/Apr/2026:16:06:21 +0000] "GET /api/v1/login HTTP/1.1" 200 2263 "-" "okhttp/4.11.0"
191.232.138.188 - - [19/Apr/2026:16:48:51 +0000] "POST /api/v1/products HTTP/1.1" 429 951 "-" "okhttp/4.11.0"
79.116.213.162 - - [19/Apr/2026:15:56:36 +0000] "GET /api/v1/register HTTP/1.1" 200 2295 "-" "Mozilla/5.0 (iPad; CPU OS 16_0 like Mac OS X) AppleWebKit/605.1.15 Mobile/15E148"
91.186.24.148 - - [19/Apr/2026:16:07:51 +0000] "GET /api/v1/password-reset HTTP/1.1" 200 2847 "-" "Mozilla/5.0 (iPad; CPU OS 16_0 like Mac OS X) AppleWebKit/605.1.15 Mobile/15E148"
191.232.138.188 - - [19/Apr/2026:16:49:55 +0000] "GET /api/v1/refresh-token HTTP/1.1" 200 620 "-" "okhttp/4.11.0"
48.36.145.54 - - [19/Apr/2026:16:49:59 +0000] "GET /api/v1/register HTTP/1.1" 200 538 "-" "Mozilla/5.0 (iPhone; CPU iPhone OS 16_0) AppleWebKit/605.1.15 Mobile/15E148"
70.219.54.16 - - [19/Apr/2026:15:49:46 +0000] "GET /api/v1/search HTTP/1.1" 200 2251 "-" "Mozilla/5.0 (Linux; Android 13; Pixel 7) AppleWebKit/537.36 Mobile Safari/537.36"
91.186.24.148 - - [19/Apr/2026:16:10:21 +0000] "GET /api/v1/user/settings HTTP/1.1" 201 1378 "-" "Mozilla/5.0 (iPad; CPU OS 16_0 like Mac OS X) AppleWebKit/605.1.15 Mobile/15E148"
191.232.138.188 - - [19/Apr/2026:16:49:09 +0000] "POST /api/v1/logout HTTP/1.1" 200 889 "-" "Mozilla/5.0 (iPad; CPU OS 16_0 like Mac OS X) AppleWebKit/605.1.15 Mobile/15E148"
40.185.247.179 - - [19/Apr/2026:15:57:06 +0000] "GET /api/v1/login HTTP/1.1" 204 2931 "-" "Mozilla/5.0 (iPhone; CPU iPhone OS 16_0) AppleWebKit/605.1.15 Mobile/15E148"
188.5.51.150 - - [19/Apr/2026:16:26:11 +0000] "GET /api/v1/search HTTP/1.1" 200 3386 "-" "Dart/3.0 (dart:io) - Flutter App"
100.237.14.28 - - [19/Apr/2026:16:24:16 +0000] "GET /api/v1/user/profile HTTP/1.1" 200 2314 "-" "Mozilla/5.0 (iPhone; CPU iPhone OS 16_0) AppleWebKit/605.1.15 Mobile/15E148"
76.170.36.93 - - [19/Apr/2026:16:21:46 +0000] "GET /api/v1/orders HTTP/1.1" 200 1312 "-" "CFNetwork/1400.0.4 Darwin/22.0.0"
191.232.138.188 - - [19/Apr/2026:16:48:57 +0000] "GET /api/v1/password-reset HTTP/1.1" 429 653 "-" "Mozilla/5.0 (Linux; Android 13; Pixel 7) AppleWebKit/537.36 Mobile Safari/537.36"
130.131.105.221 - - [19/Apr/2026:16:19:02 +0000] "POST /api/v1/login HTTP/1.1" 401 194 "-" "Mozilla/5.0 (iPad; CPU OS 16_0 like Mac OS X) AppleWebKit/605.1.15 Mobile/15E148"
151.117.182.37 - - [19/Apr/2026:15:57:46 +0000] "GET /api/v1/notifications HTTP/1.1" 204 2767 "-" "ReactNativeApp/1.2.3"
191.232.138.188 - - [19/Apr/2026:16:49:30 +0000] "GET /api/v1/register HTTP/1.1" 200 195 "-" "Mozilla/5.0 (Linux; Android 13; Pixel 7) AppleWebKit/537.36 Mobile Safari/537.36"
179.48.107.195 - - [19/Apr/2026:16:29:06 +0000] "GET /api/v1/register HTTP/1.1" 200 2974 "-" "Mozilla/5.0 (Linux; Android 13; Pixel 7) AppleWebKit/537.36 Mobile Safari/537.36"
48.36.145.54 - - [19/Apr/2026:16:49:28 +0000] "POST /api/v1/payment HTTP/1.1" 200 550 "-" "Dart/3.0 (dart:io) - Flutter App"
184.72.245.94 - - [19/Apr/2026:16:20:00 +0000] "POST /api/v1/login HTTP/1.1" 401 182 "-" "Mozilla/5.0 (Linux; Android 13; Pixel 7) AppleWebKit/537.36 Mobile Safari/537.36"
70.165.150.123 - - [19/Apr/2026:17:18:57 +0000] "GET /api/v1/user/11 HTTP/1.1" 404 389 "-" "okhttp/4.11.0"
48.36.145.54 - - [19/Apr/2026:16:49:12 +0000] "GET /api/v1/user/settings HTTP/1.1" 200 928 "-" "CFNetwork/1400.0.4 Darwin/22.0.0"
49.217.103.235 - - [19/Apr/2026:15:54:51 +0000] "GET /api/v1/user/settings HTTP/1.1" 200 1148 "-" "Mozilla/5.0 (iPhone; CPU iPhone OS 16_0) AppleWebKit/605.1.15 Mobile/15E148"
76.170.36.93 - - [19/Apr/2026:15:59:36 +0000] "GET /api/v1/notifications HTTP/1.1" 201 1711 "-" "okhttp/4.11.0"
69.129.252.128 - - [19/Apr/2026:15:57:21 +0000] "GET /api/v1/user/profile HTTP/1.1" 200 1728 "-" "Dart/3.0 (dart:io) - Flutter App"
188.5.51.150 - - [19/Apr/2026:16:07:11 +0000] "GET /api/v1/search HTTP/1.1" 204 1138 "-" "Mozilla/5.0 (Linux; Android 13; Pixel 7) AppleWebKit/537.36 Mobile Safari/537.36"
183.179.133.1 - - [19/Apr/2026:16:09:56 +0000] "GET /api/v1/password-reset HTTP/1.1" 200 2697 "-" "Mozilla/5.0 (iPhone; CPU iPhone OS 16_0) AppleWebKit/605.1.15 Mobile/15E148"
102.136.118.134 - - [19/Apr/2026:16:00:41 +0000] "GET /api/v1/orders HTTP/1.1" 200 2180 "-" "Mozilla/5.0 (iPhone; CPU iPhone OS 16_0) AppleWebKit/605.1.15 Mobile/15E148"
100.237.14.28 - - [19/Apr/2026:16:27:11 +0000] "GET /api/v1/password-reset HTTP/1.1" 200 1777 "-" "Mozilla/5.0 (Linux; Android 13; Pixel 7) AppleWebKit/537.36 Mobile Safari/537.36"
4.81.51.103 - - [19/Apr/2026:16:06:51 +0000] "GET /api/v1/search HTTP/1.1" 200 4169 "-" "Mozilla/5.0 (iPhone; CPU iPhone OS 16_0) AppleWebKit/605.1.15 Mobile/15E148"
48.36.145.54 - - [19/Apr/2026:16:49:25 +0000] "GET /api/v1/user/settings HTTP/1.1" 200 237 "-" "CFNetwork/1400.0.4 Darwin/22.0.0"
69.129.252.128 - - [19/Apr/2026:16:14:16 +0000] "GET /api/v1/products HTTP/1.1" 200 1809 "-" "Mozilla/5.0 (iPad; CPU OS 16_0 like Mac OS X) AppleWebKit/605.1.15 Mobile/15E148"
101.7.48.153 - - [19/Apr/2026:17:20:08 +0000] "GET /api/v1/user/82 HTTP/1.1" 200 399 "-" "Dart/3.0 (dart:io) - Flutter App"
59.154.19.255 - - [19/Apr/2026:15:53:31 +0000] "GET /api/v1/notifications HTTP/1.1" 200 2409 "-" "Mozilla/5.0 (iPad; CPU OS 16_0 like Mac OS X) AppleWebKit/605.1.15 Mobile/15E148"
191.232.138.188 - - [19/Apr/2026:16:48:49 +0000] "POST /api/v1/user/profile HTTP/1.1" 429 244 "-" "ReactNativeApp/1.2.3"
209.34.246.183 - - [19/Apr/2026:15:55:06 +0000] "GET /api/v1/refresh-token HTTP/1.1" 204 3903 "-" "Dart/3.0 (dart:io) - Flutter App"
191.232.138.188 - - [19/Apr/2026:16:49:56 +0000] "GET /api/v1/user/settings HTTP/1.1" 429 123 "-" "CFNetwork/1400.0.4 Darwin/22.0.0"
48.36.145.54 - - [19/Apr/2026:16:48:46 +0000] "GET /api/v1/logout HTTP/1.1" 200 997 "-" "ReactNativeApp/1.2.3"
182.186.253.117 - - [19/Apr/2026:16:00:16 +0000] "GET /api/v1/search HTTP/1.1" 201 4126 "-" "Mozilla/5.0 (Linux; Android 13; Pixel 7) AppleWebKit/537.36 Mobile Safari/537.36"
50.185.137.180 - - [19/Apr/2026:16:22:01 +0000] "GET /api/v1/password-reset HTTP/1.1" 200 2249 "-" "Mozilla/5.0 (iPad; CPU OS 16_0 like Mac OS X) AppleWebKit/605.1.15 Mobile/15E148"
70.219.54.16 - - [19/Apr/2026:16:16:46 +0000] "POST /api/v1/notifications HTTP/1.1" 200 2587 "-" "ReactNativeApp/1.2.3"
101.7.48.153 - - [19/Apr/2026:17:19:18 +0000] "GET /api/v1/user/32 HTTP/1.1" 200 113 "-" "Mozilla/5.0 (iPhone; CPU iPhone OS 16_0) AppleWebKit/605.1.15 Mobile/15E148"
191.232.138.188 - - [19/Apr/2026:16:49:42 +0000] "GET /api/v1/login HTTP/1.1" 429 844 "-" "Mozilla/5.0 (Linux; Android 13; Pixel 7) AppleWebKit/537.36 Mobile Safari/537.36"
191.232.138.188 - - [19/Apr/2026:16:49:48 +0000] "GET /api/v1/notifications HTTP/1.1" 200 825 "-" "Mozilla/5.0 (iPhone; CPU iPhone OS 16_0) AppleWebKit/605.1.15 Mobile/15E148"
81.208.107.53 - - [19/Apr/2026:15:58:31 +0000] "GET /api/v1/refresh-token HTTP/1.1" 200 2729 "-" "CFNetwork/1400.0.4 Darwin/22.0.0"
131.121.178.245 - - [19/Apr/2026:16:02:21 +0000] "GET /api/v1/login HTTP/1.1" 201 2097 "-" "Mozilla/5.0 (iPad; CPU OS 16_0 like Mac OS X) AppleWebKit/605.1.15 Mobile/15E148"
184.72.245.94 - - [19/Apr/2026:16:19:44 +0000] "POST /api/v1/login HTTP/1.1" 401 66 "-" "CFNetwork/1400.0.4 Darwin/22.0.0"
120.8.122.119 - - [19/Apr/2026:15:49:36 +0000] "GET /api/v1/register HTTP/1.1" 304 2728 "-" "Mozilla/5.0 (iPad; CPU OS 16_0 like Mac OS X) AppleWebKit/605.1.15 Mobile/15E148"
83.110.132.6 - - [19/Apr/2026:16:13:16 +0000] "POST /api/v1/refresh-token HTTP/1.1" 204 3514 "-" "Mozilla/5.0 (Linux; Android 13; Pixel 7) AppleWebKit/537.36 Mobile Safari/537.36"
56.14.119.195 - - [19/Apr/2026:15:51:56 +0000] "GET /api/v1/search HTTP/1.1" 200 1891 "-" "Mozilla/5.0 (iPad; CPU OS 16_0 like Mac OS X) AppleWebKit/605.1.15 Mobile/15E148"
191.232.138.188 - - [19/Apr/2026:16:49:00 +0000] "GET /api/v1/password-reset HTTP/1.1" 200 546 "-" "ReactNativeApp/1.2.3"
191.232.138.188 - - [19/Apr/2026:16:49:12 +0000] "GET /api/v1/payment HTTP/1.1" 429 498 "-" "ReactNativeApp/1.2.3"
70.165.150.123 - - [19/Apr/2026:17:18:51 +0000] "GET /api/v1/user/5 HTTP/1.1" 200 395 "-" "Dart/3.0 (dart:io) - Flutter App"
48.36.145.54 - - [19/Apr/2026:16:49:02 +0000] "POST /api/v1/notifications HTTP/1.1" 200 193 "-" "Mozilla/5.0 (Linux; Android 13; Pixel 7) AppleWebKit/537.36 Mobile Safari/537.36"
101.7.48.153 - - [19/Apr/2026:17:19:49 +0000] "GET /api/v1/user/63 HTTP/1.1" 404 330 "-" "CFNetwork/1400.0.4 Darwin/22.0.0"
102.136.118.134 - - [19/Apr/2026:16:18:11 +0000] "GET /api/v1/password-reset HTTP/1.1" 304 1580 "-" "ReactNativeApp/1.2.3"
48.36.145.54 - - [19/Apr/2026:16:49:22 +0000] "GET /api/v1/user/profile HTTP/1.1" 200 473 "-" "ReactNativeApp/1.2.3"
182.186.253.117 - - [19/Apr/2026:16:23:11 +0000] "GET /api/v1/search HTTP/1.1" 304 330 "-" "Mozilla/5.0 (Linux; Android 13; Pixel 7) AppleWebKit/537.36 Mobile Safari/537.36"
70.165.150.123 - - [19/Apr/2026:17:19:43 +0000] "GET /api/v1/user/57 HTTP/1.1" 200 469 "-" "Mozilla/5.0 (iPhone; CPU iPhone OS 16_0) AppleWebKit/605.1.15 Mobile/15E148"
165.194.54.204 - - [19/Apr/2026:16:21:36 +0000] "POST /api/v1/payment HTTP/1.1" 304 3111 "-" "Dart/3.0 (dart:io) - Flutter App"
101.7.48.153 - - [19/Apr/2026:17:19:25 +0000] "GET /api/v1/user/39 HTTP/1.1" 404 337 "-" "ReactNativeApp/1.2.3"
48.36.145.54 - - [19/Apr/2026:16:50:01 +0000] "POST /api/v1/user/settings HTTP/1.1" 200 715 "-" "okhttp/4.11.0"
101.7.48.153 - - [19/Apr/2026:17:20:10 +0000] "GET /api/v1/user/84 HTTP/1.1" 404 455 "-" "ReactNativeApp/1.2.3"
209.34.246.183 - - [19/Apr/2026:16:12:51 +0000] "GET /api/v1/login HTTP/1.1" 200 1845 "-" "ReactNativeApp/1.2.3"
12.92.88.112 - - [19/Apr/2026:16:14:56 +0000] "GET /api/v1/notifications HTTP/1.1" 200 2717 "-" "Mozilla/5.0 (iPhone; CPU iPhone OS 16_0) AppleWebKit/605.1.15 Mobile/15E148"
59.154.19.255 - - [19/Apr/2026:16:13:01 +0000] "GET /api/v1/products HTTP/1.1" 201 3154 "-" "Mozilla/5.0 (iPhone; CPU iPhone OS 16_0) AppleWebKit/605.1.15 Mobile/15E148"
209.112.158.67 - - [19/Apr/2026:16:04:31 +0000] "GET /api/v1/user/profile HTTP/1.1" 200 1506 "-" "Mozilla/5.0 (Linux; Android 13; Pixel 7) AppleWebKit/537.36 Mobile Safari/537.36"
165.194.54.204 - - [19/Apr/2026:16:29:51 +0000] "GET /api/v1/password-reset HTTP/1.1" 200 4571 "-" "okhttp/4.11.0"
191.232.138.188 - - [19/Apr/2026:16:49:47 +0000] "POST /api/v1/password-reset HTTP/1.1" 200 113 "-" "Mozilla/5.0 (Linux; Android 13; Pixel 7) AppleWebKit/537.36 Mobile Safari/537.36"
70.165.150.123 - - [19/Apr/2026:17:19:30 +0000] "GET /api/v1/user/44 HTTP/1.1" 200 452 "-" "Mozilla/5.0 (Linux; Android 13; Pixel 7) AppleWebKit/537.36 Mobile Safari/537.36"
191.232.138.188 - - [19/Apr/2026:16:49:15 +0000] "POST /api/v1/products HTTP/1.1" 200 249 "-" "Mozilla/5.0 (iPad; CPU OS 16_0 like Mac OS X) AppleWebKit/605.1.15 Mobile/15E148"
130.131.105.221 - - [19/Apr/2026:16:18:46 +0000] "POST /api/v1/login HTTP/1.1" 401 107 "-" "Dart/3.0 (dart:io) - Flutter App"
131.121.178.245 - - [19/Apr/2026:15:51:21 +0000] "GET /api/v1/logout HTTP/1.1" 304 3387 "-" "CFNetwork/1400.0.4 Darwin/22.0.0"
191.232.138.188 - - [19/Apr/2026:16:49:33 +0000] "GET /api/v1/user/profile HTTP/1.1" 429 103 "-" "Mozilla/5.0 (iPad; CPU OS 16_0 like Mac OS X) AppleWebKit/605.1.15 Mobile/15E148"
191.232.138.188 - - [19/Apr/2026:16:48:56 +0000] "GET /api/v1/notifications HTTP/1.1" 200 195 "-" "Mozilla/5.0 (iPad; CPU OS 16_0 like Mac OS X) AppleWebKit/605.1.15 Mobile/15E148"
101.7.48.153 - - [19/Apr/2026:17:19:29 +0000] "GET /api/v1/user/43 HTTP/1.1" 404 430 "-" "Dart/3.0 (dart:io) - Flutter App"
70.219.54.16 - - [19/Apr/2026:16:14:36 +0000] "GET /api/v1/login HTTP/1.1" 200 666 "-" "Mozilla/5.0 (iPad; CPU OS 16_0 like Mac OS X) AppleWebKit/605.1.15 Mobile/15E148"
101.7.48.153 - - [19/Apr/2026:17:19:05 +0000] "GET /api/v1/user/19 HTTP/1.1" 404 69 "-" "okhttp/4.11.0"
70.219.54.16 - - [19/Apr/2026:16:15:11 +0000] "GET /api/v1/orders HTTP/1.1" 204 4524 "-" "Dart/3.0 (dart:io) - Flutter App"
48.36.145.54 - - [19/Apr/2026:16:49:03 +0000] "POST /api/v1/user/profile HTTP/1.1" 200 679 "-" "okhttp/4.11.0"
123.150.117.16 - - [19/Apr/2026:16:18:46 +0000] "POST /api/v1/login HTTP/1.1" 401 192 "-" "Mozilla/5.0 (Linux; Android 13; Pixel 7) AppleWebKit/537.36 Mobile Safari/537.36"
191.232.138.188 - - [19/Apr/2026:16:48:59 +0000] "GET /api/v1/payment HTTP/1.1" 200 730 "-" "Mozilla/5.0 (iPad; CPU OS 16_0 like Mac OS X) AppleWebKit/605.1.15 Mobile/15E148"
101.7.48.153 - - [19/Apr/2026:17:19:50 +0000] "GET /api/v1/user/64 HTTP/1.1" 200 261 "-" "Mozilla/5.0 (Linux; Android 13; Pixel 7) AppleWebKit/537.36 Mobile Safari/537.36"
79.116.213.162 - - [19/Apr/2026:16:08:01 +0000] "POST /api/v1/password-reset HTTP/1.1" 200 2805 "-" "Mozilla/5.0 (iPad; CPU OS 16_0 like Mac OS X) AppleWebKit/605.1.15 Mobile/15E148"
184.72.245.94 - - [19/Apr/2026:16:19:14 +0000] "POST /api/v1/login HTTP/1.1" 401 58 "-" "okhttp/4.11.0"
191.232.138.188 - - [19/Apr/2026:16:49:11 +0000] "POST /api/v1/notifications HTTP/1.1" 200 101 "-" "okhttp/4.11.0"
79.116.213.162 - - [19/Apr/2026:16:01:01 +0000] "GET /api/v1/products HTTP/1.1" 204 1078 "-" "CFNetwork/1400.0.4 Darwin/22.0.0"
56.14.119.195 - - [19/Apr/2026:16:06:46 +0000] "GET /api/v1/refresh-token HTTP/1.1" 204 1809 "-" "Mozilla/5.0 (iPhone; CPU iPhone OS 16_0) AppleWebKit/605.1.15 Mobile/15E148"
123.150.117.16 - - [19/Apr/2026:16:19:00 +0000] "POST /api/v1/login HTTP/1.1" 401 99 "-" "okhttp/4.11.0"
74.63.220.80 - - [19/Apr/2026:16:19:06 +0000] "POST /api/v1/login HTTP/1.1" 200 2139 "-" "Dart/3.0 (dart:io) - Flutter App"
191.232.138.188 - - [19/Apr/2026:16:49:07 +0000] "GET /api/v1/logout HTTP/1.1" 200 566 "-" "Mozilla/5.0 (iPad; CPU OS 16_0 like Mac OS X) AppleWebKit/605.1.15 Mobile/15E148"
10.91.47.106 - - [19/Apr/2026:16:17:56 +0000] "GET /api/v1/refresh-token HTTP/1.1" 200 2190 "-" "CFNetwork/1400.0.4 Darwin/22.0.0"
100.41.81.93 - - [19/Apr/2026:16:04:21 +0000] "GET /api/v1/orders HTTP/1.1" 201 2914 "-" "Dart/3.0 (dart:io) - Flutter App"
206.25.72.74 - - [19/Apr/2026:15:57:26 +0000] "POST /api/v1/orders HTTP/1.1" 200 3427 "-" "CFNetwork/1400.0.4 Darwin/22.0.0"
101.7.48.153 - - [19/Apr/2026:17:18:57 +0000] "GET /api/v1/user/11 HTTP/1.1" 404 82 "-" "ReactNativeApp/1.2.3"
70.165.150.123 - - [19/Apr/2026:17:18:48 +0000] "GET /api/v1/user/2 HTTP/1.1" 200 303 "-" "Mozilla/5.0 (iPad; CPU OS 16_0 like Mac OS X) AppleWebKit/605.1.15 Mobile/15E148"
100.41.81.93 - - [19/Apr/2026:15:50:21 +0000] "GET /api/v1/payment HTTP/1.1" 204 355 "-" "Dart/3.0 (dart:io) - Flutter App"
191.232.138.188 - - [19/Apr/2026:16:49:02 +0000] "GET /api/v1/password-reset HTTP/1.1" 200 191 "-" "Mozilla/5.0 (iPad; CPU OS 16_0 like Mac OS X) AppleWebKit/605.1.15 Mobile/15E148"
76.170.36.93 - - [19/Apr/2026:16:18:01 +0000] "GET /api/v1/password-reset HTTP/1.1" 200 990 "-" "CFNetwork/1400.0.4 Darwin/22.0.0"
50.185.137.180 - - [19/Apr/2026:16:05:51 +0000] "GET /api/v1/logout HTTP/1.1" 200 3131 "-" "ReactNativeApp/1.2.3"
191.232.138.188 - - [19/Apr/2026:16:49:18 +0000] "GET /api/v1/notifications HTTP/1.1" 429 259 "-" "Dart/3.0 (dart:io) - Flutter App"
51.223.9.115 - - [19/Apr/2026:16:21:01 +0000] "GET /api/v1/login HTTP/1.1" 200 2421 "-" "ReactNativeApp/1.2.3"
56.14.119.195 - - [19/Apr/2026:16:10:31 +0000] "GET /api/v1/user/profile HTTP/1.1" 200 2686 "-" "okhttp/4.11.0"
48.36.145.54 - - [19/Apr/2026:16:48:55 +0000] "GET /api/v1/register HTTP/1.1" 429 799 "-" "Dart/3.0 (dart:io) - Flutter App"
184.72.245.94 - - [19/Apr/2026:16:19:06 +0000] "POST /api/v1/login HTTP/1.1" 401 185 "-" "ReactNativeApp/1.2.3"
209.112.158.67 - - [19/Apr/2026:16:08:46 +0000] "GET /api/v1/orders HTTP/1.1" 200 1976 "-" "Mozilla/5.0 (iPhone; CPU iPhone OS 16_0) AppleWebKit/605.1.15 Mobile/15E148"
146.2.74.250 - - [19/Apr/2026:16:15:21 +0000] "GET /api/v1/logout HTTP/1.1" 304 1741 "-" "Mozilla/5.0 (iPad; CPU OS 16_0 like Mac OS X) AppleWebKit/605.1.15 Mobile/15E148"
191.232.138.188 - - [19/Apr/2026:16:49:37 +0000] "POST /api/v1/notifications HTTP/1.1" 429 941 "-" "okhttp/4.11.0"
123.150.117.16 - - [19/Apr/2026:16:19:28 +0000] "POST /api/v1/login HTTP/1.1" 401 88 "-" "okhttp/4.11.0"
51.223.9.115 - - [19/Apr/2026:16:15:36 +0000] "GET /api/v1/password-reset HTTP/1.1" 204 1713 "-" "okhttp/4.11.0"
70.165.150.123 - - [19/Apr/2026:17:19:50 +0000] "GET /api/v1/user/64 HTTP/1.1" 200 216 "-" "Mozilla/5.0 (Linux; Android 13; Pixel 7) AppleWebKit/537.36 Mobile Safari/537.36"
10.91.47.106 - - [19/Apr/2026:16:19:46 +0000] "GET /api/v1/user/settings HTTP/1.1" 200 906 "-" "ReactNativeApp/1.2.3"
143.255.245.83 - - [19/Apr/2026:16:16:36 +0000] "GET /api/v1/register HTTP/1.1" 200 254 "-" "Mozilla/5.0 (iPad; CPU OS 16_0 like Mac OS X) AppleWebKit/605.1.15 Mobile/15E148"
191.232.138.188 - - [19/Apr/2026:16:49:49 +0000] "GET /api/v1/notifications HTTP/1.1" 200 168 "-" "okhttp/4.11.0"
102.136.118.134 - - [19/Apr/2026:16:29:01 +0000] "POST /api/v1/notifications HTTP/1.1" 201 4168 "-" "Mozilla/5.0 (Linux; Android 13; Pixel 7) AppleWebKit/537.36 Mobile Safari/537.36"
50.185.137.180 - - [19/Apr/2026:15:55:51 +0000] "GET /api/v1/user/settings HTTP/1.1" 200 3278 "-" "Dart/3.0 (dart:io) - Flutter App"
130.131.105.221 - - [19/Apr/2026:16:19:28 +0000] "POST /api/v1/login HTTP/1.1" 401 180 "-" "ReactNativeApp/1.2.3"
146.2.74.250 - - [19/Apr/2026:16:04:26 +0000] "GET /api/v1/notifications HTTP/1.1" 200 409 "-" "Mozilla/5.0 (iPhone; CPU iPhone OS 16_0) AppleWebKit/605.1.15 Mobile/15E148"
120.8.122.119 - - [19/Apr/2026:16:27:36 +0000] "GET /api/v1/user/profile HTTP/1.1" 204 4133 "-" "Mozilla/5.0 (Linux; Android 13; Pixel 7) AppleWebKit/537.36 Mobile Safari/537.36"
48.36.145.54 - - [19/Apr/2026:16:49:23 +0000] "GET /api/v1/orders HTTP/1.1" 429 588 "-" "okhttp/4.11.0"
12.92.88.112 - - [19/Apr/2026:16:12:41 +0000] "GET /api/v1/user/profile HTTP/1.1" 204 776 "-" "okhttp/4.11.0"
102.136.118.134 - - [19/Apr/2026:16:23:01 +0000] "POST /api/v1/user/profile HTTP/1.1" 200 852 "-" "Mozilla/5.0 (Linux; Android 13; Pixel 7) AppleWebKit/537.36 Mobile Safari/537.36"
4.81.51.103 - - [19/Apr/2026:16:30:06 +0000] "GET /api/v1/register HTTP/1.1" 200 2473 "-" "ReactNativeApp/1.2.3"
73.237.250.208 - - [19/Apr/2026:16:26:06 +0000] "GET /api/v1/products HTTP/1.1" 204 4459 "-" "Mozilla/5.0 (iPad; CPU OS 16_0 like Mac OS X) AppleWebKit/605.1.15 Mobile/15E148"
61.128.89.77 - - [19/Apr/2026:16:26:31 +0000] "POST /api/v1/user/profile HTTP/1.1" 201 3249 "-" "okhttp/4.11.0"
182.186.253.117 - - [19/Apr/2026:15:50:11 +0000] "GET /api/v1/register HTTP/1.1" 204 605 "-" "Mozilla/5.0 (iPhone; CPU iPhone OS 16_0) AppleWebKit/605.1.15 Mobile/15E148"
70.165.150.123 - - [19/Apr/2026:17:19:07 +0000] "GET /api/v1/user/21 HTTP/1.1" 404 444 "-" "Mozilla/5.0 (Linux; Android 13; Pixel 7) AppleWebKit/537.36 Mobile Safari/537.36"
191.232.138.188 - - [19/Apr/2026:16:49:21 +0000] "GET /api/v1/orders HTTP/1.1" 429 128 "-" "CFNetwork/1400.0.4 Darwin/22.0.0"
53.164.214.94 - - [19/Apr/2026:16:25:41 +0000] "GET /api/v1/orders HTTP/1.1" 200 4950 "-" "Mozilla/5.0 (Linux; Android 13; Pixel 7) AppleWebKit/537.36 Mobile Safari/537.36"
46.162.117.170 - - [19/Apr/2026:16:26:46 +0000] "GET /api/v1/user/profile HTTP/1.1" 204 1114 "-" "Dart/3.0 (dart:io) - Flutter App"
191.232.138.188 - - [19/Apr/2026:16:49:16 +0000] "POST /api/v1/search HTTP/1.1" 429 323 "-" "Mozilla/5.0 (iPhone; CPU iPhone OS 16_0) AppleWebKit/605.1.15 Mobile/15E148"
191.232.138.188 - - [19/Apr/2026:16:48:49 +0000] "POST /api/v1/refresh-token HTTP/1.1" 429 406 "-" "Dart/3.0 (dart:io) - Flutter App"
143.255.245.83 - - [19/Apr/2026:16:11:26 +0000] "POST /api/v1/payment HTTP/1.1" 304 2320 "-" "okhttp/4.11.0"
184.72.245.94 - - [19/Apr/2026:16:19:26 +0000] "POST /api/v1/login HTTP/1.1" 401 120 "-" "Mozilla/5.0 (Linux; Android 13; Pixel 7) AppleWebKit/537.36 Mobile Safari/537.36"
48.36.145.54 - - [19/Apr/2026:16:48:59 +0000] "GET /api/v1/user/settings HTTP/1.1" 429 520 "-" "Mozilla/5.0 (Linux; Android 13; Pixel 7) AppleWebKit/537.36 Mobile Safari/537.36"
151.117.182.37 - - [19/Apr/2026:16:22:51 +0000] "POST /api/v1/payment HTTP/1.1" 204 470 "-" "Dart/3.0 (dart:io) - Flutter App"
191.232.138.188 - - [19/Apr/2026:16:49:31 +0000] "GET /api/v1/login HTTP/1.1" 429 781 "-" "okhttp/4.11.0"
24.231.191.121 - - [19/Apr/2026:16:09:01 +0000] "GET /api/v1/user/settings HTTP/1.1" 201 2995 "-" "Mozilla/5.0 (iPad; CPU OS 16_0 like Mac OS X) AppleWebKit/605.1.15 Mobile/15E148"
112.38.156.67 - - [19/Apr/2026:16:15:16 +0000] "GET /api/v1/password-reset HTTP/1.1" 204 2315 "-" "CFNetwork/1400.0.4 Darwin/22.0.0"
101.7.48.153 - - [19/Apr/2026:17:19:59 +0000] "GET /api/v1/user/73 HTTP/1.1" 200 100 "-" "Mozilla/5.0 (iPad; CPU OS 16_0 like Mac OS X) AppleWebKit/605.1.15 Mobile/15E148"
101.7.48.153 - - [19/Apr/2026:17:19:02 +0000] "GET /api/v1/user/16 HTTP/1.1" 404 198 "-" "Dart/3.0 (dart:io) - Flutter App"
135.26.139.249 - - [19/Apr/2026:16:28:36 +0000] "POST /api/v1/refresh-token HTTP/1.1" 201 973 "-" "Mozilla/5.0 (iPad; CPU OS 16_0 like Mac OS X) AppleWebKit/605.1.15 Mobile/15E148"
70.165.150.123 - - [19/Apr/2026:17:19:40 +0000] "GET /api/v1/user/54 HTTP/1.1" 404 56 "-" "Mozilla/5.0 (Linux; Android 13; Pixel 7) AppleWebKit/537.36 Mobile Safari/537.36"
50.185.137.180 - - [19/Apr/2026:15:55:16 +0000] "GET /api/v1/payment HTTP/1.1" 200 983 "-" "okhttp/4.11.0"
123.150.117.16 - - [19/Apr/2026:16:18:52 +0000] "POST /api/v1/login HTTP/1.1" 401 167 "-" "Dart/3.0 (dart:io) - Flutter App"
48.36.145.54 - - [19/Apr/2026:16:49:58 +0000] "POST /api/v1/user/settings HTTP/1.1" 200 496 "-" "Mozilla/5.0 (iPad; CPU OS 16_0 like Mac OS X) AppleWebKit/605.1.15 Mobile/15E148"
79.116.213.162 - - [19/Apr/2026:15:50:16 +0000] "GET /api/v1/user/settings HTTP/1.1" 200 3697 "-" "Dart/3.0 (dart:io) - Flutter App"
102.35.26.45 - - [19/Apr/2026:16:02:46 +0000] "GET /api/v1/notifications HTTP/1.1" 200 4245 "-" "ReactNativeApp/1.2.3"
83.110.132.6 - - [19/Apr/2026:16:12:46 +0000] "GET /api/v1/refresh-token HTTP/1.1" 201 3632 "-" "CFNetwork/1400.0.4 Darwin/22.0.0"
206.25.72.74 - - [19/Apr/2026:16:26:01 +0000] "POST /api/v1/refresh-token HTTP/1.1" 200 671 "-" "Mozilla/5.0 (iPhone; CPU iPhone OS 16_0) AppleWebKit/605.1.15 Mobile/15E148"
48.36.145.54 - - [19/Apr/2026:16:49:39 +0000] "POST /api/v1/refresh-token HTTP/1.1" 429 763 "-" "okhttp/4.11.0"
48.36.145.54 - - [19/Apr/2026:16:49:23 +0000] "POST /api/v1/orders HTTP/1.1" 429 124 "-" "Mozilla/5.0 (iPad; CPU OS 16_0 like Mac OS X) AppleWebKit/605.1.15 Mobile/15E148"
191.232.138.188 - - [19/Apr/2026:16:49:14 +0000] "POST /api/v1/payment HTTP/1.1" 200 971 "-" "Mozilla/5.0 (iPhone; CPU iPhone OS 16_0) AppleWebKit/605.1.15 Mobile/15E148"
73.237.250.208 - - [19/Apr/2026:16:13:26 +0000] "GET /api/v1/payment HTTP/1.1" 201 4398 "-" "Dart/3.0 (dart:io) - Flutter App"
191.232.138.188 - - [19/Apr/2026:16:49:43 +0000] "GET /api/v1/search HTTP/1.1" 200 497 "-" "ReactNativeApp/1.2.3"
191.232.138.188 - - [19/Apr/2026:16:48:54 +0000] "POST /api/v1/password-reset HTTP/1.1" 429 981 "-" "Mozilla/5.0 (Linux; Android 13; Pixel 7) AppleWebKit/537.36 Mobile Safari/537.36"
102.136.118.134 - - [19/Apr/2026:15:55:11 +0000] "GET /api/v1/register HTTP/1.1" 200 3077 "-" "okhttp/4.11.0"
70.165.150.123 - - [19/Apr/2026:17:19:26 +0000] "GET /api/v1/user/40 HTTP/1.1" 200 251 "-" "ReactNativeApp/1.2.3"
209.112.158.67 - - [19/Apr/2026:16:22:36 +0000] "POST /api/v1/user/settings HTTP/1.1" 200 1077 "-" "Mozilla/5.0 (iPad; CPU OS 16_0 like Mac OS X) AppleWebKit/605.1.15 Mobile/15E148"
48.36.145.54 - - [19/Apr/2026:16:49:32 +0000] "POST /api/v1/register HTTP/1.1" 200 578 "-" "okhttp/4.11.0"
53.164.214.94 - - [19/Apr/2026:16:09:46 +0000] "POST /api/v1/search HTTP/1.1" 200 3870 "-" "Dart/3.0 (dart:io) - Flutter App"
1.152.122.251 - - [19/Apr/2026:16:18:16 +0000] "POST /api/v1/search HTTP/1.1" 200 4741 "-" "Mozilla/5.0 (Linux; Android 13; Pixel 7) AppleWebKit/537.36 Mobile Safari/537.36"
24.231.191.121 - - [19/Apr/2026:16:12:21 +0000] "POST /api/v1/payment HTTP/1.1" 304 1580 "-" "Mozilla/5.0 (Linux; Android 13; Pixel 7) AppleWebKit/537.36 Mobile Safari/537.36"
191.232.138.188 - - [19/Apr/2026:16:49:48 +0000] "GET /api/v1/password-reset HTTP/1.1" 429 261 "-" "Dart/3.0 (dart:io) - Flutter App"
75.221.244.42 - - [19/Apr/2026:16:28:56 +0000] "GET /api/v1/password-reset HTTP/1.1" 204 3442 "-" "okhttp/4.11.0"
1.127.188.197 - - [19/Apr/2026:15:53:51 +0000] "GET /api/v1/user/profile HTTP/1.1" 201 3740 "-" "Mozilla/5.0 (Linux; Android 13; Pixel 7) AppleWebKit/537.36 Mobile Safari/537.36"
191.232.138.188 - - [19/Apr/2026:16:49:10 +0000] "POST /api/v1/password-reset HTTP/1.1" 429 312 "-" "CFNetwork/1400.0.4 Darwin/22.0.0"
123.150.117.16 - - [19/Apr/2026:16:18:54 +0000] "POST /api/v1/login HTTP/1.1" 401 178 "-" "Mozilla/5.0 (iPad; CPU OS 16_0 like Mac OS X) AppleWebKit/605.1.15 Mobile/15E148"
48.36.145.54 - - [19/Apr/2026:16:49:00 +0000] "POST /api/v1/notifications HTTP/1.1" 200 251 "-" "ReactNativeApp/1.2.3"
135.26.139.249 - - [19/Apr/2026:15:49:31 +0000] "POST /api/v1/logout HTTP/1.1" 200 3109 "-" "okhttp/4.11.0"
206.25.72.74 - - [19/Apr/2026:16:27:46 +0000] "GET /api/v1/products HTTP/1.1" 200 3201 "-" "Mozilla/5.0 (iPhone; CPU iPhone OS 16_0) AppleWebKit/605.1.15 Mobile/15E148"
50.185.137.180 - - [19/Apr/2026:15:54:26 +0000] "GET /api/v1/refresh-token HTTP/1.1" 200 2143 "-" "ReactNativeApp/1.2.3"
206.25.72.74 - - [19/Apr/2026:16:22:26 +0000] "GET /api/v1/payment HTTP/1.1" 200 1476 "-" "ReactNativeApp/1.2.3"
151.117.182.37 - - [19/Apr/2026:16:01:46 +0000] "GET /api/v1/user/profile HTTP/1.1" 200 2483 "-" "Mozilla/5.0 (iPhone; CPU iPhone OS 16_0) AppleWebKit/605.1.15 Mobile/15E148"
4.81.51.103 - - [19/Apr/2026:16:18:46 +0000] "GET /api/v1/search HTTP/1.1" 201 4061 "-" "Mozilla/5.0 (Linux; Android 13; Pixel 7) AppleWebKit/537.36 Mobile Safari/537.36"
1.117.103.206 - - [19/Apr/2026:15:51:41 +0000] "GET /api/v1/login HTTP/1.1" 201 3050 "-" "CFNetwork/1400.0.4 Darwin/22.0.0"
48.36.145.54 - - [19/Apr/2026:16:49:48 +0000] "GET /api/v1/logout HTTP/1.1" 429 562 "-" "okhttp/4.11.0"
101.7.48.153 - - [19/Apr/2026:17:18:48 +0000] "GET /api/v1/user/2 HTTP/1.1" 404 495 "-" "CFNetwork/1400.0.4 Darwin/22.0.0"
49.217.103.235 - - [19/Apr/2026:16:20:36 +0000] "GET /api/v1/products HTTP/1.1" 200 624 "-" "Mozilla/5.0 (Linux; Android 13; Pixel 7) AppleWebKit/537.36 Mobile Safari/537.36"
48.36.145.54 - - [19/Apr/2026:16:49:09 +0000] "GET /api/v1/notifications HTTP/1.1" 429 429 "-" "Dart/3.0 (dart:io) - Flutter App"
191.232.138.188 - - [19/Apr/2026:16:48:55 +0000] "GET /api/v1/products HTTP/1.1" 200 483 "-" "okhttp/4.11.0"
40.185.247.179 - - [19/Apr/2026:15:52:51 +0000] "GET /api/v1/user/settings HTTP/1.1" 200 2032 "-" "Mozilla/5.0 (iPad; CPU OS 16_0 like Mac OS X) AppleWebKit/605.1.15 Mobile/15E148"
1.152.122.251 - - [19/Apr/2026:16:12:06 +0000] "GET /api/v1/orders HTTP/1.1" 200 2743 "-" "Mozilla/5.0 (iPhone; CPU iPhone OS 16_0) AppleWebKit/605.1.15 Mobile/15E148"
48.36.145.54 - - [19/Apr/2026:16:49:04 +0000] "GET /api/v1/products HTTP/1.1" 429 993 "-" "CFNetwork/1400.0.4 Darwin/22.0.0"
191.232.138.188 - - [19/Apr/2026:16:49:17 +0000] "POST /api/v1/search HTTP/1.1" 200 889 "-" "Mozilla/5.0 (iPhone; CPU iPhone OS 16_0) AppleWebKit/605.1.15 Mobile/15E148"
70.165.150.123 - - [19/Apr/2026:17:18:50 +0000] "GET /api/v1/user/4 HTTP/1.1" 404 411 "-" "Mozilla/5.0 (Linux; Android 13; Pixel 7) AppleWebKit/537.36 Mobile Safari/537.36"
79.116.213.162 - - [19/Apr/2026:16:29:36 +0000] "GET /api/v1/register HTTP/1.1" 204 2189 "-" "Mozilla/5.0 (iPad; CPU OS 16_0 like Mac OS X) AppleWebKit/605.1.15 Mobile/15E148"
130.131.105.221 - - [19/Apr/2026:16:19:14 +0000] "POST /api/v1/login HTTP/1.1" 401 119 "-" "okhttp/4.11.0"
131.121.178.245 - - [19/Apr/2026:16:02:41 +0000] "GET /api/v1/login HTTP/1.1" 201 4196 "-" "CFNetwork/1400.0.4 Darwin/22.0.0"
191.232.138.188 - - [19/Apr/2026:16:49:33 +0000] "GET /api/v1/payment HTTP/1.1" 429 283 "-" "okhttp/4.11.0"
146.2.74.250 - - [19/Apr/2026:16:00:36 +0000] "POST /api/v1/password-reset HTTP/1.1" 200 1348 "-" "ReactNativeApp/1.2.3"
50.185.137.180 - - [19/Apr/2026:16:12:26 +0000] "GET /api/v1/login HTTP/1.1" 200 3473 "-" "CFNetwork/1400.0.4 Darwin/22.0.0"
91.186.24.148 - - [19/Apr/2026:16:08:21 +0000] "GET /api/v1/register HTTP/1.1" 201 2450 "-" "Mozilla/5.0 (iPad; CPU OS 16_0 like Mac OS X) AppleWebKit/605.1.15 Mobile/15E148"
188.5.51.150 - - [19/Apr/2026:16:25:51 +0000] "POST /api/v1/products HTTP/1.1" 204 981 "-" "ReactNativeApp/1.2.3"
191.232.138.188 - - [19/Apr/2026:16:49:05 +0000] "GET /api/v1/login HTTP/1.1" 200 810 "-" "Dart/3.0 (dart:io) - Flutter App"
48.36.145.54 - - [19/Apr/2026:16:49:41 +0000] "GET /api/v1/login HTTP/1.1" 429 676 "-" "Dart/3.0 (dart:io) - Flutter App"
79.116.213.162 - - [19/Apr/2026:16:19:31 +0000] "POST /api/v1/user/settings HTTP/1.1" 204 4758 "-" "okhttp/4.11.0"
70.165.150.123 - - [19/Apr/2026:17:19:44 +0000] "GET /api/v1/user/58 HTTP/1.1" 404 270 "-" "CFNetwork/1400.0.4 Darwin/22.0.0"
191.232.138.188 - - [19/Apr/2026:16:49:13 +0000] "POST /api/v1/login HTTP/1.1" 200 611 "-" "Mozilla/5.0 (iPad; CPU OS 16_0 like Mac OS X) AppleWebKit/605.1.15 Mobile/15E148"
70.165.150.123 - - [19/Apr/2026:17:19:17 +0000] "GET /api/v1/user/31 HTTP/1.1" 404 92 "-" "ReactNativeApp/1.2.3"
131.121.178.245 - - [19/Apr/2026:16:29:16 +0000] "POST /api/v1/register HTTP/1.1" 200 2328 "-" "Mozilla/5.0 (iPhone; CPU iPhone OS 16_0) AppleWebKit/605.1.15 Mobile/15E148"
40.185.247.179 - - [19/Apr/2026:16:27:51 +0000] "GET /api/v1/register HTTP/1.1" 201 4954 "-" "okhttp/4.11.0"
102.35.26.45 - - [19/Apr/2026:15:50:51 +0000] "GET /api/v1/refresh-token HTTP/1.1" 200 2233 "-" "Mozilla/5.0 (Linux; Android 13; Pixel 7) AppleWebKit/537.36 Mobile Safari/537.36"
70.165.150.123 - - [19/Apr/2026:17:19:08 +0000] "GET /api/v1/user/22 HTTP/1.1" 200 251 "-" "okhttp/4.11.0"
101.7.48.153 - - [19/Apr/2026:17:19:41 +0000] "GET /api/v1/user/55 HTTP/1.1" 200 61 "-" "Mozilla/5.0 (iPad; CPU OS 16_0 like Mac OS X) AppleWebKit/605.1.15 Mobile/15E148"
191.232.138.188 - - [19/Apr/2026:16:49:29 +0000] "GET /api/v1/search HTTP/1.1" 200 868 "-" "Mozilla/5.0 (iPhone; CPU iPhone OS 16_0) AppleWebKit/605.1.15 Mobile/15E148"
191.232.138.188 - - [19/Apr/2026:16:49:38 +0000] "POST /api/v1/register HTTP/1.1" 429 372 "-" "Mozilla/5.0 (iPad; CPU OS 16_0 like Mac OS X) AppleWebKit/605.1.15 Mobile/15E148"
48.36.145.54 - - [19/Apr/2026:16:48:49 +0000] "POST /api/v1/payment HTTP/1.1" 200 261 "-" "Mozilla/5.0 (iPhone; CPU iPhone OS 16_0) AppleWebKit/605.1.15 Mobile/15E148"
101.7.48.153 - - [19/Apr/2026:17:20:06 +0000] "GET /api/v1/user/80 HTTP/1.1" 404 383 "-" "CFNetwork/1400.0.4 Darwin/22.0.0"
191.232.138.188 - - [19/Apr/2026:16:49:23 +0000] "POST /api/v1/payment HTTP/1.1" 200 651 "-" "Mozilla/5.0 (iPhone; CPU iPhone OS 16_0) AppleWebKit/605.1.15 Mobile/15E148"
130.131.105.221 - - [19/Apr/2026:16:19:32 +0000] "POST /api/v1/login HTTP/1.1" 401 72 "-" "Mozilla/5.0 (iPhone; CPU iPhone OS 16_0) AppleWebKit/605.1.15 Mobile/15E148"
70.165.150.123 - - [19/Apr/2026:17:19:29 +0000] "GET /api/v1/user/43 HTTP/1.1" 200 457 "-" "okhttp/4.11.0"
131.121.178.245 - - [19/Apr/2026:16:24:36 +0000] "GET /api/v1/password-reset HTTP/1.1" 304 716 "-" "Mozilla/5.0 (iPhone; CPU iPhone OS 16_0) AppleWebKit/605.1.15 Mobile/15E148"
1.117.103.206 - - [19/Apr/2026:16:13:06 +0000] "GET /api/v1/notifications HTTP/1.1" 200 3651 "-" "CFNetwork/1400.0.4 Darwin/22.0.0"
48.36.145.54 - - [19/Apr/2026:16:48:56 +0000] "POST /api/v1/orders HTTP/1.1" 429 133 "-" "Mozilla/5.0 (iPad; CPU OS 16_0 like Mac OS X) AppleWebKit/605.1.15 Mobile/15E148"
101.7.48.153 - - [19/Apr/2026:17:18:58 +0000] "GET /api/v1/user/12 HTTP/1.1" 404 218 "-" "ReactNativeApp/1.2.3"
70.165.150.123 - - [19/Apr/2026:17:19:31 +0000] "GET /api/v1/user/45 HTTP/1.1" 200 461 "-" "ReactNativeApp/1.2.3"
50.185.137.180 - - [19/Apr/2026:15:49:26 +0000] "POST /api/v1/payment HTTP/1.1" 304 2550 "-" "Dart/3.0 (dart:io) - Flutter App"
48.36.145.54 - - [19/Apr/2026:16:49:35 +0000] "POST /api/v1/refresh-token HTTP/1.1" 429 541 "-" "Mozilla/5.0 (iPad; CPU OS 16_0 like Mac OS X) AppleWebKit/605.1.15 Mobile/15E148"
146.2.74.250 - - [19/Apr/2026:16:19:56 +0000] "GET /api/v1/user/settings HTTP/1.1" 304 4301 "-" "okhttp/4.11.0"
10.245.48.72 - - [19/Apr/2026:15:58:11 +0000] "GET /api/v1/user/settings HTTP/1.1" 200 877 "-" "CFNetwork/1400.0.4 Darwin/22.0.0"
40.185.247.179 - - [19/Apr/2026:16:16:21 +0000] "GET /api/v1/logout HTTP/1.1" 201 3291 "-" "ReactNativeApp/1.2.3"
191.232.138.188 - - [19/Apr/2026:16:49:02 +0000] "POST /api/v1/refresh-token HTTP/1.1" 429 706 "-" "Mozilla/5.0 (iPhone; CPU iPhone OS 16_0) AppleWebKit/605.1.15 Mobile/15E148"
223.46.171.109 - - [19/Apr/2026:16:16:11 +0000] "GET /api/v1/user/profile HTTP/1.1" 204 1484 "-" "Mozilla/5.0 (Linux; Android 13; Pixel 7) AppleWebKit/537.36 Mobile Safari/537.36"
81.208.107.53 - - [19/Apr/2026:16:15:51 +0000] "GET /api/v1/notifications HTTP/1.1" 304 1498 "-" "Dart/3.0 (dart:io) - Flutter App"
48.36.145.54 - - [19/Apr/2026:16:50:02 +0000] "POST /api/v1/logout HTTP/1.1" 429 102 "-" "okhttp/4.11.0"
112.38.156.67 - - [19/Apr/2026:16:22:56 +0000] "GET /api/v1/payment HTTP/1.1" 204 3593 "-" "CFNetwork/1400.0.4 Darwin/22.0.0"
102.35.26.45 - - [19/Apr/2026:16:25:21 +0000] "GET /api/v1/payment HTTP/1.1" 204 2789 "-" "Dart/3.0 (dart:io) - Flutter App"
184.72.245.94 - - [19/Apr/2026:16:19:30 +0000] "POST /api/v1/login HTTP/1.1" 401 112 "-" "okhttp/4.11.0"
73.237.250.208 - - [19/Apr/2026:15:56:41 +0000] "GET /api/v1/notifications HTTP/1.1" 200 2317 "-" "okhttp/4.11.0"
48.36.145.54 - - [19/Apr/2026:16:49:10 +0000] "POST /api/v1/products HTTP/1.1" 429 242 "-" "CFNetwork/1400.0.4 Darwin/22.0.0"
102.136.118.134 - - [19/Apr/2026:16:10:51 +0000] "GET /api/v1/notifications HTTP/1.1" 200 3097 "-" "CFNetwork/1400.0.4 Darwin/22.0.0"
102.136.118.134 - - [19/Apr/2026:16:09:11 +0000] "GET /api/v1/payment HTTP/1.1" 204 2795 "-" "Mozilla/5.0 (iPad; CPU OS 16_0 like Mac OS X) AppleWebKit/605.1.15 Mobile/15E148"
125.146.81.30 - - [19/Apr/2026:16:00:01 +0000] "POST /api/v1/refresh-token HTTP/1.1" 204 3429 "-" "Mozilla/5.0 (Linux; Android 13; Pixel 7) AppleWebKit/537.36 Mobile Safari/537.36"
