101.7.48.153 - - [19/Apr/2026:17:19:04 +0000] "GET /api/v1/user/18 HTTP/1.1" 200 312 "-" "ReactNativeApp/1.2.3"
188.5.51.150 - - [19/Apr/2026:16:16:01 +0000] "GET /api/v1/user/profile HTTP/1.1" 204 2696 "-" "Mozilla/5.0 (iPad; CPU OS 16_0 like Mac OS X) AppleWebKit/605.1.15 Mobile/15E148"
112.38.156.67 - - [19/Apr/2026:15:53:06 +0000] "POST /api/v1/products HTTP/1.1" 304 3619 "-" "Mozilla/5.0 (iPad; CPU OS 16_0 like Mac OS X) AppleWebKit/605.1.15 Mobile/15E148"
73.237.250.208 - - [19/Apr/2026:15:54:36 +0000] "GET /api/v1/search HTTP/1.1" 201 2217 "-" "okhttp/4.11.0"
48.36.145.54 - - [19/Apr/2026:16:49:04 +0000] "GET /api/v1/search HTTP/1.1" 429 408 "-" "Mozilla/5.0 (iPhone; CPU iPhone OS 16_0) AppleWebKit/605.1.15 Mobile/15E148"
83.110.132.6 - - [19/Apr/2026:16:27:31 +0000] "GET /api/v1/payment HTTP/1.1" 200 847 "-" "okhttp/4.11.0"
48.36.145.54 - - [19/Apr/2026:16:49:21 +0000] "GET /api/v1/products HTTP/1.1" 429 833 "-" "okhttp/4.11.0"
152.156.112.6 - - [19/Apr/2026:16:19:11 +0000] "GET /api/v1/search HTTP/1.1" 304 4692 "-" "Mozilla/5.0 (iPhone; CPU iPhone OS 16_0) AppleWebKit/605.1.15 Mobile/15E148"
101.7.48.153 - - [19/Apr/2026:17:19:24 +0000] "GET /api/v1/user/38 HTTP/1.1" 200 493 "-" "CFNetwork/1400.0.4 Darwin/22.0.0"
120.8.122.119 - - [19/Apr/2026:16:06:56 +0000] "GET /api/v1/user/profile HTTP/1.1" 304 568 "-" "Mozilla/5.0 (Linux; Android 13; Pixel 7) AppleWebKit/537.36 Mobile Safari/537.36"
48.36.145.54 - - [19/Apr/2026:16:48:58 +0000] "POST /api/v1/register HTTP/1.1" 200 759 "-" "CFNetwork/1400.0.4 Darwin/22.0.0"
51.223.9.115 - - [19/Apr/2026:16:23:51 +0000] "GET /api/v1/login HTTP/1.1" 200 1142 "-" "ReactNativeApp/1.2.3"
188.5.51.150 - - [19/Apr/2026:16:16:56 +0000] "POST /api/v1/login HTTP/1.1" 201 4476 "-" "Mozilla/5.0 (iPhone; CPU iPhone OS 16_0) AppleWebKit/605.1.15 Mobile/15E148"
70.165.150.123 - - [19/Apr/2026:17:19:16 +0000] "GET /api/v1/user/30 HTTP/1.1" 404 315 "-" "Mozilla/5.0 (iPad; CPU OS 16_0 like Mac OS X) AppleWebKit/605.1.15 Mobile/15E148"
70.165.150.123 - - [19/Apr/2026:17:19:12 +0000] "GET /api/v1/user/26 HTTP/1.1" 200 228 "-" "Mozilla/5.0 (iPhone; CPU iPhone OS 16_0) AppleWebKit/605.1.15 Mobile/15E148"
152.156.112.6 - - [19/Apr/2026:16:09:26 +0000] "GET /api/v1/user/settings HTTP/1.1" 201 222 "-" "Mozilla/5.0 (iPhone; CPU iPhone OS 16_0) AppleWebKit/605.1.15 Mobile/15E148"
70.165.150.123 - - [19/Apr/2026:17:19:23 +0000] "GET /api/v1/user/37 HTTP/1.1" 200 415 "-" "Mozilla/5.0 (Linux; Android 13; Pixel 7) AppleWebKit/537.36 Mobile Safari/537.36"
165.194.54.204 - - [19/Apr/2026:16:03:21 +0000] "POST /api/v1/orders HTTP/1.1" 200 2322 "-" "CFNetwork/1400.0.4 Darwin/22.0.0"
48.36.145.54 - - [19/Apr/2026:16:49:01 +0000] "POST /api/v1/refresh-token HTTP/1.1" 429 391 "-" "okhttp/4.11.0"
50.185.137.180 - - [19/Apr/2026:16:30:11 +0000] "GET /api/v1/login HTTP/1.1" 200 3683 "-" "okhttp/4.11.0"
1.117.103.206 - - [19/Apr/2026:16:26:16 +0000] "GET /api/v1/payment HTTP/1.1" 304 4339 "-" "Mozilla/5.0 (iPhone; CPU iPhone OS 16_0) AppleWebKit/605.1.15 Mobile/15E148"
10.91.47.106 - - [19/Apr/2026:16:04:51 +0000] "GET /api/v1/register HTTP/1.1" 304 1743 "-" "okhttp/4.11.0"
101.7.48.153 - - [19/Apr/2026:17:20:04 +0000] "GET /api/v1/user/78 HTTP/1.1" 404 484 "-" "Mozilla/5.0 (iPad; CPU OS 16_0 like Mac OS X) AppleWebKit/605.1.15 Mobile/15E148"
48.36.145.54 - - [19/Apr/2026:16:49:53 +0000] "POST /api/v1/logout HTTP/1.1" 429 928 "-" "Dart/3.0 (dart:io) - Flutter App"
48.36.145.54 - - [19/Apr/2026:16:49:47 +0000] "GET /api/v1/login HTTP/1.1" 429 219 "-" "CFNetwork/1400.0.4 Darwin/22.0.0"
182.186.253.117 - - [19/Apr/2026:15:51:36 +0000] "GET /api/v1/products HTTP/1.1" 204 4180 "-" "Mozilla/5.0 (Linux; Android 13; Pixel 7) AppleWebKit/537.36 Mobile Safari/537.36"
184.72.245.94 - - [19/Apr/2026:16:19:46 +0000] "POST /api/v1/login HTTP/1.1" 401 162 "-" "Mozilla/5.0 (iPhone; CPU iPhone OS 16_0) AppleWebKit/605.1.15 Mobile/15E148"
70.165.150.123 - - [19/Apr/2026:17:19:47 +0000] "GET /api/v1/user/61 HTTP/1.1" 200 351 "-" "Mozilla/5.0 (Linux; Android 13; Pixel 7) AppleWebKit/537.36 Mobile Safari/537.36"
191.232.138.188 - - [19/Apr/2026:16:48:54 +0000] "POST /api/v1/user/profile HTTP/1.1" 429 871 "-" "Mozilla/5.0 (iPhone; CPU iPhone OS 16_0) AppleWebKit/605.1.15 Mobile/15E148"
191.232.138.188 - - [19/Apr/2026:16:49:37 +0000] "GET /api/v1/notifications HTTP/1.1" 429 837 "-" "Mozilla/5.0 (iPad; CPU OS 16_0 like Mac OS X) AppleWebKit/605.1.15 Mobile/15E148"
70.219.54.16 - - [19/Apr/2026:16:24:41 +0000] "GET /api/v1/login HTTP/1.1" 201 3059 "-" "CFNetwork/1400.0.4 Darwin/22.0.0"
70.165.150.123 - - [19/Apr/2026:17:19:15 +0000] "GET /api/v1/user/29 HTTP/1.1" 200 293 "-" "ReactNativeApp/1.2.3"
191.232.138.188 - - [19/Apr/2026:16:49:15 +0000] "POST /api/v1/notifications HTTP/1.1" 200 767 "-" "Mozilla/5.0 (iPad; CPU OS 16_0 like Mac OS X) AppleWebKit/605.1.15 Mobile/15E148"
191.232.138.188 - - [19/Apr/2026:16:49:49 +0000] "GET /api/v1/payment HTTP/1.1" 429 812 "-" "Mozilla/5.0 (iPhone; CPU iPhone OS 16_0) AppleWebKit/605.1.15 Mobile/15E148"
24.231.191.121 - - [19/Apr/2026:16:06:01 +0000] "POST /api/v1/orders HTTP/1.1" 304 3786 "-" "ReactNativeApp/1.2.3"
182.186.253.117 - - [19/Apr/2026:16:21:11 +0000] "GET /api/v1/user/settings HTTP/1.1" 200 3248 "-" "Mozilla/5.0 (iPad; CPU OS 16_0 like Mac OS X) AppleWebKit/605.1.15 Mobile/15E148"
184.72.245.94 - - [19/Apr/2026:16:20:02 +0000] "POST /api/v1/login HTTP/1.1" 401 199 "-" "Mozilla/5.0 (Linux; Android 13; Pixel 7) AppleWebKit/537.36 Mobile Safari/537.36"
61.128.89.77 - - [19/Apr/2026:15:54:56 +0000] "GET /api/v1/orders HTTP/1.1" 200 2944 "-" "Mozilla/5.0 (Linux; Android 13; Pixel 7) AppleWebKit/537.36 Mobile Safari/537.36"
46.162.117.170 - - [19/Apr/2026:15:49:41 +0000] "GET /api/v1/products HTTP/1.1" 200 2319 "-" "Mozilla/5.0 (iPad; CPU OS 16_0 like Mac OS X) AppleWebKit/605.1.15 Mobile/15E148"
191.232.138.188 - - [19/Apr/2026:16:49:42 +0000] "GET /api/v1/payment HTTP/1.1" 200 642 "-" "CFNetwork/1400.0.4 Darwin/22.0.0"
70.165.150.123 - - [19/Apr/2026:17:19:42 +0000] "GET /api/v1/user/56 HTTP/1.1" 200 288 "-" "Dart/3.0 (dart:io) - Flutter App"
123.150.117.16 - - [19/Apr/2026:16:19:10 +0000] "POST /api/v1/login HTTP/1.1" 401 86 "-" "CFNetwork/1400.0.4 Darwin/22.0.0"
81.208.107.53 - - [19/Apr/2026:15:55:31 +0000] "GET /api/v1/search HTTP/1.1" 200 4114 "-" "okhttp/4.11.0"
48.36.145.54 - - [19/Apr/2026:16:49:58 +0000] "GET /api/v1/products HTTP/1.1" 200 755 "-" "Dart/3.0 (dart:io) - Flutter App"
81.208.107.53 - - [19/Apr/2026:16:23:06 +0000] "GET /api/v1/refresh-token HTTP/1.1" 304 1404 "-" "Dart/3.0 (dart:io) - Flutter App"
48.36.145.54 - - [19/Apr/2026:16:49:11 +0000] "GET /api/v1/login HTTP/1.1" 200 276 "-" "Mozilla/5.0 (Linux; Android 13; Pixel 7) AppleWebKit/537.36 Mobile Safari/537.36"
59.154.19.255 - - [19/Apr/2026:16:09:36 +0000] "POST /api/v1/logout HTTP/1.1" 200 992 "-" "Mozilla/5.0 (iPhone; CPU iPhone OS 16_0) AppleWebKit/605.1.15 Mobile/15E148"
191.232.138.188 - - [19/Apr/2026:16:49:18 +0000] "POST /api/v1/user/profile HTTP/1.1" 429 972 "-" "CFNetwork/1400.0.4 Darwin/22.0.0"
79.116.213.162 - - [19/Apr/2026:16:14:11 +0000] "GET /api/v1/user/profile HTTP/1.1" 200 1935 "-" "Dart/3.0 (dart:io) - Flutter App"
50.185.137.180 - - [19/Apr/2026:15:58:56 +0000] "POST /api/v1/password-reset HTTP/1.1" 304 2106 "-" "ReactNativeApp/1.2.3"
70.165.150.123 - - [19/Apr/2026:17:19:45 +0000] "GET /api/v1/user/59 HTTP/1.1" 404 87 "-" "CFNetwork/1400.0.4 Darwin/22.0.0"
48.36.145.54 - - [19/Apr/2026:16:48:50 +0000] "POST /api/v1/password-reset HTTP/1.1" 200 426 "-" "ReactNativeApp/1.2.3"
179.48.107.195 - - [19/Apr/2026:16:06:26 +0000] "GET /api/v1/orders HTTP/1.1" 200 4379 "-" "Dart/3.0 (dart:io) - Flutter App"
123.150.117.16 - - [19/Apr/2026:16:19:24 +0000] "POST /api/v1/login HTTP/1.1" 401 177 "-" "Dart/3.0 (dart:io) - Flutter App"
223.46.171.109 - - [19/Apr/2026:16:26:21 +0000] "GET /api/v1/user/profile HTTP/1.1" 200 2891 "-" "ReactNativeApp/1.2.3"
56.14.119.195 - - [19/Apr/2026:16:12:36 +0000] "GET /api/v1/login HTTP/1.1" 200 297 "-" "okhttp/4.11.0"
101.7.48.153 - - [19/Apr/2026:17:19:22 +0000] "GET /api/v1/user/36 HTTP/1.1" 200 250 "-" "CFNetwork/1400.0.4 Darwin/22.0.0"
209.112.158.67 - - [19/Apr/2026:15:54:16 +0000] "GET /api/v1/products HTTP/1.1" 304 225 "-" "Mozilla/5.0 (iPhone; CPU iPhone OS 16_0) AppleWebKit/605.1.15 Mobile/15E148"
46.162.117.170 - - [19/Apr/2026:15:50:06 +0000] "GET /api/v1/password-reset HTTP/1.1" 204 3755 "-" "okhttp/4.11.0"
125.146.81.30 - - [19/Apr/2026:15:49:11 +0000] "GET /api/v1/password-reset HTTP/1.1" 200 2462 "-" "Mozilla/5.0 (Linux; Android 13; Pixel 7) AppleWebKit/537.36 Mobile Safari/537.36"
102.35.26.45 - - [19/Apr/2026:15:51:01 +0000] "POST /api/v1/password-reset HTTP/1.1" 200 4974 "-" "Mozilla/5.0 (iPhone; CPU iPhone OS 16_0) AppleWebKit/605.1.15 Mobile/15E148"
46.162.117.170 - - [19/Apr/2026:16:13:31 +0000] "GET /api/v1/notifications HTTP/1.1" 201 3259 "-" "Mozilla/5.0 (Linux; Android 13; Pixel 7) AppleWebKit/537.36 Mobile Safari/537.36"
191.232.138.188 - - [19/Apr/2026:16:49:26 +0000] "POST /api/v1/user/profile HTTP/1.1" 200 654 "-" "Mozilla/5.0 (Linux; Android 13; Pixel 7) AppleWebKit/537.36 Mobile Safari/537.36"
191.232.138.188 - - [19/Apr/2026:16:49:51 +0000] "GET /api/v1/logout HTTP/1.1" 200 347 "-" "Dart/3.0 (dart:io) - Flutter App"
179.48.107.195 - - [19/Apr/2026:16:14:26 +0000] "GET /api/v1/products HTTP/1.1" 201 3321 "-" "Mozilla/5.0 (iPad; CPU OS 16_0 like Mac OS X) AppleWebKit/605.1.15 Mobile/15E148"
191.232.138.188 - - [19/Apr/2026:16:49:40 +0000] "POST /api/v1/payment HTTP/1.1" 200 724 "-" "Dart/3.0 (dart:io) - Flutter App"
75.221.244.42 - - [19/Apr/2026:16:25:31 +0000] "GET /api/v1/notifications HTTP/1.1" 204 1482 "-" "okhttp/4.11.0"
191.232.138.188 - - [19/Apr/2026:16:48:58 +0000] "GET /api/v1/refresh-token HTTP/1.1" 429 753 "-" "okhttp/4.11.0"
184.72.245.94 - - [19/Apr/2026:16:18:48 +0000] "POST /api/v1/login HTTP/1.1" 401 101 "-" "Dart/3.0 (dart:io) - Flutter App"
48.36.145.54 - - [19/Apr/2026:16:49:27 +0000] "POST /api/v1/search HTTP/1.1" 200 410 "-" "okhttp/4.11.0"
48.36.145.54 - - [19/Apr/2026:16:49:49 +0000] "GET /api/v1/refresh-token HTTP/1.1" 429 903 "-" "Mozilla/5.0 (iPad; CPU OS 16_0 like Mac OS X) AppleWebKit/605.1.15 Mobile/15E148"
191.232.138.188 - - [19/Apr/2026:16:48:58 +0000] "POST /api/v1/register HTTP/1.1" 429 870 "-" "CFNetwork/1400.0.4 Darwin/22.0.0"
191.232.138.188 - - [19/Apr/2026:16:49:54 +0000] "GET /api/v1/orders HTTP/1.1" 429 582 "-" "CFNetwork/1400.0.4 Darwin/22.0.0"
182.186.253.117 - - [19/Apr/2026:15:57:31 +0000] "POST /api/v1/search HTTP/1.1" 200 2409 "-" "okhttp/4.11.0"
184.72.245.94 - - [19/Apr/2026:16:19:42 +0000] "POST /api/v1/login HTTP/1.1" 401 148 "-" "Dart/3.0 (dart:io) - Flutter App"
101.7.48.153 - - [19/Apr/2026:17:19:33 +0000] "GET /api/v1/user/47 HTTP/1.1" 200 410 "-" "CFNetwork/1400.0.4 Darwin/22.0.0"
51.223.9.115 - - [19/Apr/2026:16:12:16 +0000] "GET /api/v1/password-reset HTTP/1.1" 200 2600 "-" "ReactNativeApp/1.2.3"
125.146.81.30 - - [19/Apr/2026:16:02:56 +0000] "POST /api/v1/user/profile HTTP/1.1" 304 4350 "-" "Mozilla/5.0 (Linux; Android 13; Pixel 7) AppleWebKit/537.36 Mobile Safari/537.36"
83.110.132.6 - - [19/Apr/2026:16:13:56 +0000] "GET /api/v1/password-reset HTTP/1.1" 200 1397 "-" "Mozilla/5.0 (iPhone; CPU iPhone OS 16_0) AppleWebKit/605.1.15 Mobile/15E148"
191.232.138.188 - - [19/Apr/2026:16:48:56 +0000] "GET /api/v1/refresh-token HTTP/1.1" 429 583 "-" "CFNetwork/1400.0.4 Darwin/22.0.0"
191.232.138.188 - - [19/Apr/2026:16:49:41 +0000] "GET /api/v1/user/settings HTTP/1.1" 429 568 "-" "okhttp/4.11.0"
184.72.245.94 - - [19/Apr/2026:16:20:04 +0000] "POST /api/v1/login HTTP/1.1" 401 120 "-" "Mozilla/5.0 (iPhone; CPU iPhone OS 16_0) AppleWebKit/605.1.15 Mobile/15E148"
48.36.145.54 - - [19/Apr/2026:16:49:39 +0000] "GET /api/v1/search HTTP/1.1" 200 988 "-" "CFNetwork/1400.0.4 Darwin/22.0.0"
48.36.145.54 - - [19/Apr/2026:16:49:07 +0000] "POST /api/v1/user/profile HTTP/1.1" 429 711 "-" "ReactNativeApp/1.2.3"
191.232.138.188 - - [19/Apr/2026:16:49:24 +0000] "POST /api/v1/user/profile HTTP/1.1" 200 740 "-" "Mozilla/5.0 (iPhone; CPU iPhone OS 16_0) AppleWebKit/605.1.15 Mobile/15E148"
48.36.145.54 - - [19/Apr/2026:16:49:26 +0000] "GET /api/v1/refresh-token HTTP/1.1" 200 346 "-" "ReactNativeApp/1.2.3"
48.36.145.54 - - [19/Apr/2026:16:49:56 +0000] "GET /api/v1/orders HTTP/1.1" 429 818 "-" "okhttp/4.11.0"
123.150.117.16 - - [19/Apr/2026:16:19:26 +0000] "POST /api/v1/login HTTP/1.1" 401 195 "-" "Mozilla/5.0 (iPad; CPU OS 16_0 like Mac OS X) AppleWebKit/605.1.15 Mobile/15E148"
184.72.245.94 - - [19/Apr/2026:16:19:16 +0000] "POST /api/v1/login HTTP/1.1" 401 63 "-" "okhttp/4.11.0"
12.92.88.112 - - [19/Apr/2026:16:07:16 +0000] "GET /api/v1/register HTTP/1.1" 304 1655 "-" "Dart/3.0 (dart:io) - Flutter App"
59.154.19.255 - - [19/Apr/2026:16:04:46 +0000] "GET /api/v1/notifications HTTP/1.1" 200 3530 "-" "okhttp/4.11.0"
75.221.244.42 - - [19/Apr/2026:16:04:41 +0000] "GET /api/v1/logout HTTP/1.1" 200 4555 "-" "ReactNativeApp/1.2.3"
48.36.145.54 - - [19/Apr/2026:16:48:52 +0000] "GET /api/v1/user/settings HTTP/1.1" 429 359 "-" "Mozilla/5.0 (iPad; CPU OS 16_0 like Mac OS X) AppleWebKit/605.1.15 Mobile/15E148"
1.127.188.197 - - [19/Apr/2026:16:11:16 +0000] "POST /api/v1/user/settings HTTP/1.1" 201 1535 "-" "Mozilla/5.0 (iPhone; CPU iPhone OS 16_0) AppleWebKit/605.1.15 Mobile/15E148"
59.154.19.255 - - [19/Apr/2026:16:28:16 +0000] "POST /api/v1/logout HTTP/1.1" 200 2999 "-" "ReactNativeApp/1.2.3"
102.35.26.45 - - [19/Apr/2026:16:25:46 +0000] "GET /api/v1/payment HTTP/1.1" 200 904 "-" "ReactNativeApp/1.2.3"
24.231.191.121 - - [19/Apr/2026:16:28:46 +0000] "POST /api/v1/user/settings HTTP/1.1" 201 2255 "-" "Mozilla/5.0 (iPad; CPU OS 16_0 like Mac OS X) AppleWebKit/605.1.15 Mobile/15E148"
191.232.138.188 - - [19/Apr/2026:16:48:48 +0000] "POST /api/v1/login HTTP/1.1" 429 338 "-" "Mozilla/5.0 (iPhone; CPU iPhone OS 16_0) AppleWebKit/605.1.15 Mobile/15E148"
209.112.158.67 - - [19/Apr/2026:16:11:51 +0000] "GET /api/v1/refresh-token HTTP/1.1" 200 4347 "-" "Dart/3.0 (dart:io) - Flutter App"
10.245.48.72 - - [19/Apr/2026:16:23:16 +0000] "POST /api/v1/refresh-token HTTP/1.1" 204 4111 "-" "Mozilla/5.0 (Linux; Android 13; Pixel 7) AppleWebKit/537.36 Mobile Safari/537.36"
10.245.48.72 - - [19/Apr/2026:16:28:31 +0000] "POST /api/v1/logout HTTP/1.1" 201 371 "-" "Mozilla/5.0 (Linux; Android 13; Pixel 7) AppleWebKit/537.36 Mobile Safari/537.36"
123.150.117.16 - - [19/Apr/2026:16:19:12 +0000] "POST /api/v1/login HTTP/1.1" 401 69 "-" "CFNetwork/1400.0.4 Darwin/22.0.0"
184.72.245.94 - - [19/Apr/2026:16:19:34 +0000] "POST /api/v1/login HTTP/1.1" 401 73 "-" "ReactNativeApp/1.2.3"
1.117.103.206 - - [19/Apr/2026:16:23:21 +0000] "GET /api/v1/logout HTTP/1.1" 200 1359 "-" "Mozilla/5.0 (Linux; Android 13; Pixel 7) AppleWebKit/537.36 Mobile Safari/537.36"
48.36.145.54 - - [19/Apr/2026:16:48:57 +0000] "POST /api/v1/payment HTTP/1.1" 200 922 "-" "Mozilla/5.0 (Linux; Android 13; Pixel 7) AppleWebKit/537.36 Mobile Safari/537.36"
130.131.105.221 - - [19/Apr/2026:16:18:50 +0000] "POST /api/v1/login HTTP/1.1" 401 145 "-" "Mozilla/5.0 (iPad; CPU OS 16_0 like Mac OS X) AppleWebKit/605.1.15 Mobile/15E148"
209.34.246.183 - - [19/Apr/2026:16:02:31 +0000] "POST /api/v1/login HTTP/1.1" 200 2091 "-" "CFNetwork/1400.0.4 Darwin/22.0.0"
79.116.213.162 - - [19/Apr/2026:16:01:11 +0000] "GET /api/v1/password-reset HTTP/1.1" 201 3201 "-" "Mozilla/5.0 (iPad; CPU OS 16_0 like Mac OS X) AppleWebKit/605.1.15 Mobile/15E148"
48.36.145.54 - - [19/Apr/2026:16:50:04 +0000] "GET /api/v1/logout HTTP/1.1" 429 669 "-" "Mozilla/5.0 (iPhone; CPU iPhone OS 16_0) AppleWebKit/605.1.15 Mobile/15E148"
123.150.117.16 - - [19/Apr/2026:16:19:14 +0000] "POST /api/v1/login HTTP/1.1" 401 193 "-" "okhttp/4.11.0"
188.5.51.150 - - [19/Apr/2026:16:30:16 +0000] "GET /api/v1/products HTTP/1.1" 200 2273 "-" "Dart/3.0 (dart:io) - Flutter App"
183.179.133.1 - - [19/Apr/2026:15:53:21 +0000] "GET /api/v1/notifications HTTP/1.1" 200 3571 "-" "Dart/3.0 (dart:io) - Flutter App"
48.36.145.54 - - [19/Apr/2026:16:49:29 +0000] "GET /api/v1/login HTTP/1.1" 200 778 "-" "CFNetwork/1400.0.4 Darwin/22.0.0"
79.116.213.162 - - [19/Apr/2026:16:06:31 +0000] "POST /api/v1/user/profile HTTP/1.1" 201 1751 "-" "Mozilla/5.0 (Linux; Android 13; Pixel 7) AppleWebKit/537.36 Mobile Safari/537.36"
191.232.138.188 - - [19/Apr/2026:16:49:28 +0000] "GET /api/v1/payment HTTP/1.1" 200 863 "-" "ReactNativeApp/1.2.3"
206.25.72.74 - - [19/Apr/2026:16:05:41 +0000] "GET /api/v1/products HTTP/1.1" 204 767 "-" "Dart/3.0 (dart:io) - Flutter App"
1.117.103.206 - - [19/Apr/2026:16:12:31 +0000] "GET /api/v1/products HTTP/1.1" 201 1843 "-" "CFNetwork/1400.0.4 Darwin/22.0.0"
48.36.145.54 - - [19/Apr/2026:16:49:43 +0000] "POST /api/v1/logout HTTP/1.1" 200 603 "-" "ReactNativeApp/1.2.3"
79.116.213.162 - - [19/Apr/2026:15:58:46 +0000] "POST /api/v1/user/profile HTTP/1.1" 200 4052 "-" "ReactNativeApp/1.2.3"
51.223.9.115 - - [19/Apr/2026:16:18:36 +0000] "GET /api/v1/search HTTP/1.1" 201 1461 "-" "CFNetwork/1400.0.4 Darwin/22.0.0"
101.7.48.153 - - [19/Apr/2026:17:19:11 +0000] "GET /api/v1/user/25 HTTP/1.1" 200 396 "-" "Mozilla/5.0 (iPhone; CPU iPhone OS 16_0) AppleWebKit/605.1.15 Mobile/15E148"
70.165.150.123 - - [19/Apr/2026:17:19:55 +0000] "GET /api/v1/user/69 HTTP/1.1" 200 313 "-" "ReactNativeApp/1.2.3"
209.112.158.67 - - [19/Apr/2026:15:50:26 +0000] "GET /api/v1/orders HTTP/1.1" 200 1084 "-" "okhttp/4.11.0"
48.36.145.54 - - [19/Apr/2026:16:48:47 +0000] "GET /api/v1/logout HTTP/1.1" 429 945 "-" "okhttp/4.11.0"
10.91.47.106 - - [19/Apr/2026:15:59:01 +0000] "POST /api/v1/login HTTP/1.1" 201 1977 "-" "CFNetwork/1400.0.4 Darwin/22.0.0"
70.219.54.16 - - [19/Apr/2026:16:14:41 +0000] "GET /api/v1/refresh-token HTTP/1.1" 204 1755 "-" "okhttp/4.11.0"
70.165.150.123 - - [19/Apr/2026:17:18:59 +0000] "GET /api/v1/user/13 HTTP/1.1" 404 224 "-" "ReactNativeApp/1.2.3"
48.36.145.54 - - [19/Apr/2026:16:49:33 +0000] "GET /api/v1/login HTTP/1.1" 429 274 "-" "ReactNativeApp/1.2.3"
191.232.138.188 - - [19/Apr/2026:16:49:01 +0000] "GET /api/v1/login HTTP/1.1" 429 495 "-" "Dart/3.0 (dart:io) - Flutter App"
188.5.51.150 - - [19/Apr/2026:16:17:16 +0000] "GET /api/v1/refresh-token HTTP/1.1" 200 2716 "-" "okhttp/4.11.0"
135.26.139.249 - - [19/Apr/2026:16:23:46 +0000] "GET /api/v1/orders HTTP/1.1" 201 4830 "-" "Mozilla/5.0 (iPhone; CPU iPhone OS 16_0) AppleWebKit/605.1.15 Mobile/15E148"
184.72.245.94 - - [19/Apr/2026:16:20:06 +0000] "POST /api/v1/login HTTP/1.1" 401 58 "-" "okhttp/4.11.0"
191.232.138.188 - - [19/Apr/2026:16:48:57 +0000] "GET /api/v1/search HTTP/1.1" 429 251 "-" "Mozilla/5.0 (Linux; Android 13; Pixel 7) AppleWebKit/537.36 Mobile Safari/537.36"
100.41.81.93 - - [19/Apr/2026:15:51:51 +0000] "GET /api/v1/user/settings HTTP/1.1" 204 3125 "-" "Mozilla/5.0 (iPad; CPU OS 16_0 like Mac OS X) AppleWebKit/605.1.15 Mobile/15E148"
48.36.145.54 - - [19/Apr/2026:16:49:41 +0000] "GET /api/v1/user/profile HTTP/1.1" 200 785 "-" "Dart/3.0 (dart:io) - Flutter App"
101.7.48.153 - - [19/Apr/2026:17:19:40 +0000] "GET /api/v1/user/54 HTTP/1.1" 200 100 "-" "Mozilla/5.0 (Linux; Android 13; Pixel 7) AppleWebKit/537.36 Mobile Safari/537.36"
191.232.138.188 - - [19/Apr/2026:16:49:53 +0000] "GET /api/v1/user/settings HTTP/1.1" 429 226 "-" "Mozilla/5.0 (iPad; CPU OS 16_0 like Mac OS X) AppleWebKit/605.1.15 Mobile/15E148"
191.232.138.188 - - [19/Apr/2026:16:49:52 +0000] "POST /api/v1/search HTTP/1.1" 200 830 "-" "Mozilla/5.0 (iPhone; CPU iPhone OS 16_0) AppleWebKit/605.1.15 Mobile/15E148"
184.72.245.94 - - [19/Apr/2026:16:19:18 +0000] "POST /api/v1/login HTTP/1.1" 401 95 "-" "Mozilla/5.0 (iPad; CPU OS 16_0 like Mac OS X) AppleWebKit/605.1.15 Mobile/15E148"
1.127.188.197 - - [19/Apr/2026:16:05:11 +0000] "GET /api/v1/orders HTTP/1.1" 204 560 "-" "Mozilla/5.0 (Linux; Android 13; Pixel 7) AppleWebKit/537.36 Mobile Safari/537.36"
70.165.150.123 - - [19/Apr/2026:17:18:58 +0000] "GET /api/v1/user/12 HTTP/1.1" 200 374 "-" "Mozilla/5.0 (iPad; CPU OS 16_0 like Mac OS X) AppleWebKit/605.1.15 Mobile/15E148"
49.217.103.235 - - [19/Apr/2026:15:57:56 +0000] "GET /api/v1/search HTTP/1.1" 200 2049 "-" "CFNetwork/1400.0.4 Darwin/22.0.0"
70.165.150.123 - - [19/Apr/2026:17:19:33 +0000] "GET /api/v1/user/47 HTTP/1.1" 404 371 "-" "Mozilla/5.0 (iPhone; CPU iPhone OS 16_0) AppleWebKit/605.1.15 Mobile/15E148"
152.156.112.6 - - [19/Apr/2026:16:04:01 +0000] "GET /api/v1/products HTTP/1.1" 304 1315 "-" "Mozilla/5.0 (iPhone; CPU iPhone OS 16_0) AppleWebKit/605.1.15 Mobile/15E148"
182.186.253.117 - - [19/Apr/2026:16:14:31 +0000] "GET /api/v1/payment HTTP/1.1" 201 4684 "-" "Dart/3.0 (dart:io) - Flutter App"
191.232.138.188 - - [19/Apr/2026:16:49:07 +0000] "POST /api/v1/products HTTP/1.1" 200 225 "-" "okhttp/4.11.0"
48.36.145.54 - - [19/Apr/2026:16:48:54 +0000] "POST /api/v1/payment HTTP/1.1" 200 795 "-" "Mozilla/5.0 (Linux; Android 13; Pixel 7) AppleWebKit/537.36 Mobile Safari/537.36"
69.129.252.128 - - [19/Apr/2026:16:24:06 +0000] "GET /api/v1/logout HTTP/1.1" 200 2638 "-" "Mozilla/5.0 (iPad; CPU OS 16_0 like Mac OS X) AppleWebKit/605.1.15 Mobile/15E148"
146.2.74.250 - - [19/Apr/2026:15:59:46 +0000] "POST /api/v1/logout HTTP/1.1" 204 3273 "-" "Mozilla/5.0 (iPad; CPU OS 16_0 like Mac OS X) AppleWebKit/605.1.15 Mobile/15E148"
1.117.103.206 - - [19/Apr/2026:16:00:31 +0000] "GET /api/v1/register HTTP/1.1" 204 4172 "-" "Mozilla/5.0 (iPad; CPU OS 16_0 like Mac OS X) AppleWebKit/605.1.15 Mobile/15E148"
46.162.117.170 - - [19/Apr/2026:16:27:56 +0000] "GET /api/v1/password-reset HTTP/1.1" 201 1812 "-" "Mozilla/5.0 (Linux; Android 13; Pixel 7) AppleWebKit/537.36 Mobile Safari/537.36"
48.36.145.54 - - [19/Apr/2026:16:49:40 +0000] "GET /api/v1/login HTTP/1.1" 429 134 "-" "Dart/3.0 (dart:io) - Flutter App"
101.7.48.153 - - [19/Apr/2026:17:18:49 +0000] "GET /api/v1/user/3 HTTP/1.1" 404 334 "-" "Mozilla/5.0 (iPhone; CPU iPhone OS 16_0) AppleWebKit/605.1.15 Mobile/15E148"
191.232.138.188 - - [19/Apr/2026:16:49:08 +0000] "GET /api/v1/notifications HTTP/1.1" 200 281 "-" "Mozilla/5.0 (iPhone; CPU iPhone OS 16_0) AppleWebKit/605.1.15 Mobile/15E148"
101.7.48.153 - - [19/Apr/2026:17:20:07 +0000] "GET /api/v1/user/81 HTTP/1.1" 200 135 "-" "Mozilla/5.0 (Linux; Android 13; Pixel 7) AppleWebKit/537.36 Mobile Safari/537.36"
191.232.138.188 - - [19/Apr/2026:16:48:46 +0000] "GET /api/v1/notifications HTTP/1.1" 200 896 "-" "okhttp/4.11.0"
151.117.182.37 - - [19/Apr/2026:16:00:11 +0000] "POST /api/v1/password-reset HTTP/1.1" 200 859 "-" "Mozilla/5.0 (iPhone; CPU iPhone OS 16_0) AppleWebKit/605.1.15 Mobile/15E148"
131.121.178.245 - - [19/Apr/2026:15:56:16 +0000] "POST /api/v1/orders HTTP/1.1" 200 861 "-" "okhttp/4.11.0"
53.164.214.94 - - [19/Apr/2026:15:54:46 +0000] "POST /api/v1/notifications HTTP/1.1" 200 3429 "-" "Mozilla/5.0 (iPhone; CPU iPhone OS 16_0) AppleWebKit/605.1.15 Mobile/15E148"
130.131.105.221 - - [19/Apr/2026:16:19:16 +0000] "POST /api/v1/login HTTP/1.1" 401 133 "-" "Mozilla/5.0 (iPhone; CPU iPhone OS 16_0) AppleWebKit/605.1.15 Mobile/15E148"
1.117.103.206 - - [19/Apr/2026:16:10:06 +0000] "GET /api/v1/logout HTTP/1.1" 200 1447 "-" "ReactNativeApp/1.2.3"
152.156.112.6 - - [19/Apr/2026:16:11:56 +0000] "GET /api/v1/password-reset HTTP/1.1" 200 3765 "-" "CFNetwork/1400.0.4 Darwin/22.0.0"
48.36.145.54 - - [19/Apr/2026:16:50:02 +0000] "POST /api/v1/products HTTP/1.1" 200 541 "-" "Mozilla/5.0 (iPhone; CPU iPhone OS 16_0) AppleWebKit/605.1.15 Mobile/15E148"
102.136.118.134 - - [19/Apr/2026:16:18:21 +0000] "GET /api/v1/logout HTTP/1.1" 204 1946 "-" "ReactNativeApp/1.2.3"
146.2.74.250 - - [19/Apr/2026:16:24:31 +0000] "GET /api/v1/user/profile HTTP/1.1" 200 2610 "-" "Dart/3.0 (dart:io) - Flutter App"
70.165.150.123 - - [19/Apr/2026:17:19:00 +0000] "GET /api/v1/user/14 HTTP/1.1" 404 148 "-" "ReactNativeApp/1.2.3"
1.117.103.206 - - [19/Apr/2026:15:52:56 +0000] "GET /api/v1/user/profile HTTP/1.1" 200 3000 "-" "Mozilla/5.0 (iPad; CPU OS 16_0 like Mac OS X) AppleWebKit/605.1.15 Mobile/15E148"
48.36.145.54 - - [19/Apr/2026:16:49:46 +0000] "GET /api/v1/register HTTP/1.1" 429 895 "-" "Dart/3.0 (dart:io) - Flutter App"
70.165.150.123 - - [19/Apr/2026:17:19:32 +0000] "GET /api/v1/user/46 HTTP/1.1" 404 299 "-" "Mozilla/5.0 (Linux; Android 13; Pixel 7) AppleWebKit/537.36 Mobile Safari/537.36"
191.232.138.188 - - [19/Apr/2026:16:49:04 +0000] "GET /api/v1/search HTTP/1.1" 200 787 "-" "Mozilla/5.0 (iPad; CPU OS 16_0 like Mac OS X) AppleWebKit/605.1.15 Mobile/15E148"
70.165.150.123 - - [19/Apr/2026:17:19:19 +0000] "GET /api/v1/user/33 HTTP/1.1" 200 275 "-" "Mozilla/5.0 (iPad; CPU OS 16_0 like Mac OS X) AppleWebKit/605.1.15 Mobile/15E148"
40.185.247.179 - - [19/Apr/2026:16:09:41 +0000] "POST /api/v1/search HTTP/1.1" 200 3129 "-" "Mozilla/5.0 (iPhone; CPU iPhone OS 16_0) AppleWebKit/605.1.15 Mobile/15E148"
48.36.145.54 - - [19/Apr/2026:16:49:15 +0000] "POST /api/v1/orders HTTP/1.1" 429 421 "-" "okhttp/4.11.0"
48.36.145.54 - - [19/Apr/2026:16:49:14 +0000] "GET /api/v1/refresh-token HTTP/1.1" 429 221 "-" "CFNetwork/1400.0.4 Darwin/22.0.0"
123.150.117.16 - - [19/Apr/2026:16:19:22 +0000] "POST /api/v1/login HTTP/1.1" 401 169 "-" "Dart/3.0 (dart:io) - Flutter App"
123.150.117.16 - - [19/Apr/2026:16:19:02 +0000] "POST /api/v1/login HTTP/1.1" 401 84 "-" "Mozilla/5.0 (iPhone; CPU iPhone OS 16_0) AppleWebKit/605.1.15 Mobile/15E148"
100.41.81.93 - - [19/Apr/2026:15:59:21 +0000] "POST /api/v1/register HTTP/1.1" 200 4218 "-" "Dart/3.0 (dart:io) - Flutter App"
51.223.9.115 - - [19/Apr/2026:15:52:41 +0000] "POST /api/v1/refresh-token HTTP/1.1" 304 1269 "-" "okhttp/4.11.0"
191.232.138.188 - - [19/Apr/2026:16:49:04 +0000] "POST /api/v1/orders HTTP/1.1" 200 699 "-" "Mozilla/5.0 (Linux; Android 13; Pixel 7) AppleWebKit/537.36 Mobile Safari/537.36"
50.185.137.180 - - [19/Apr/2026:16:01:51 +0000] "GET /api/v1/notifications HTTP/1.1" 200 851 "-" "Mozilla/5.0 (iPad; CPU OS 16_0 like Mac OS X) AppleWebKit/605.1.15 Mobile/15E148"
100.237.14.28 - - [19/Apr/2026:16:26:51 +0000] "GET /api/v1/user/profile HTTP/1.1" 201 767 "-" "Mozilla/5.0 (Linux; Android 13; Pixel 7) AppleWebKit/537.36 Mobile Safari/537.36"
101.7.48.153 - - [19/Apr/2026:17:19:09 +0000] "GET /api/v1/user/23 HTTP/1.1" 404 277 "-" "CFNetwork/1400.0.4 Darwin/22.0.0"
74.63.220.80 - - [19/Apr/2026:16:19:16 +0000] "GET /api/v1/products HTTP/1.1" 200 1474 "-" "CFNetwork/1400.0.4 Darwin/22.0.0"
1.127.188.197 - - [19/Apr/2026:16:05:56 +0000] "GET /api/v1/products HTTP/1.1" 304 2617 "-" "okhttp/4.11.0"
74.63.220.80 - - [19/Apr/2026:16:08:31 +0000] "GET /api/v1/user/settings HTTP/1.1" 304 2814 "-" "Mozilla/5.0 (Linux; Android 13; Pixel 7) AppleWebKit/537.36 Mobile Safari/537.36"
75.221.244.42 - - [19/Apr/2026:16:28:41 +0000] "GET /api/v1/password-reset HTTP/1.1" 200 4298 "-" "ReactNativeApp/1.2.3"
184.72.245.94 - - [19/Apr/2026:16:18:54 +0000] "POST /api/v1/login HTTP/1.1" 401 140 "-" "Mozilla/5.0 (iPad; CPU OS 16_0 like Mac OS X) AppleWebKit/605.1.15 Mobile/15E148"
191.232.138.188 - - [19/Apr/2026:16:49:46 +0000] "POST /api/v1/login HTTP/1.1" 200 746 "-" "CFNetwork/1400.0.4 Darwin/22.0.0"
191.232.138.188 - - [19/Apr/2026:16:49:45 +0000] "POST /api/v1/search HTTP/1.1" 429 735 "-" "Dart/3.0 (dart:io) - Flutter App"
56.14.119.195 - - [19/Apr/2026:16:10:41 +0000] "GET /api/v1/user/settings HTTP/1.1" 304 1353 "-" "Mozilla/5.0 (iPhone; CPU iPhone OS 16_0) AppleWebKit/605.1.15 Mobile/15E148"
101.7.48.153 - - [19/Apr/2026:17:19:08 +0000] "GET /api/v1/user/22 HTTP/1.1" 404 110 "-" "Mozilla/5.0 (iPad; CPU OS 16_0 like Mac OS X) AppleWebKit/605.1.15 Mobile/15E148"
206.25.72.74 - - [19/Apr/2026:15:50:46 +0000] "GET /api/v1/user/settings HTTP/1.1" 200 491 "-" "okhttp/4.11.0"
48.36.145.54 - - [19/Apr/2026:16:48:53 +0000] "POST /api/v1/user/settings HTTP/1.1" 200 242 "-" "okhttp/4.11.0"
51.223.9.115 - - [19/Apr/2026:15:54:11 +0000] "GET /api/v1/orders HTTP/1.1" 200 3492 "-" "Mozilla/5.0 (iPhone; CPU iPhone OS 16_0) AppleWebKit/605.1.15 Mobile/15E148"
79.116.213.162 - - [19/Apr/2026:15:58:21 +0000] "POST /api/v1/orders HTTP/1.1" 304 2164 "-" "Mozilla/5.0 (Linux; Android 13; Pixel 7) AppleWebKit/537.36 Mobile Safari/537.36"
191.232.138.188 - - [19/Apr/2026:16:49:21 +0000] "POST /api/v1/login HTTP/1.1" 200 683 "-" "Mozilla/5.0 (Linux; Android 13; Pixel 7) AppleWebKit/537.36 Mobile Safari/537.36"
191.232.138.188 - - [19/Apr/2026:16:49:29 +0000] "POST /api/v1/logout HTTP/1.1" 200 933 "-" "Mozilla/5.0 (iPhone; CPU iPhone OS 16_0) AppleWebKit/605.1.15 Mobile/15E148"
48.36.145.54 - - [19/Apr/2026:16:48:47 +0000] "POST /api/v1/refresh-token HTTP/1.1" 200 161 "-" "Mozilla/5.0 (iPhone; CPU iPhone OS 16_0) AppleWebKit/605.1.15 Mobile/15E148"
101.7.48.153 - - [19/Apr/2026:17:19:42 +0000] "GET /api/v1/user/56 HTTP/1.1" 200 410 "-" "CFNetwork/1400.0.4 Darwin/22.0.0"
1.152.122.251 - - [19/Apr/2026:15:56:26 +0000] "GET /api/v1/login HTTP/1.1" 204 3051 "-" "CFNetwork/1400.0.4 Darwin/22.0.0"
70.165.150.123 - - [19/Apr/2026:17:19:27 +0000] "GET /api/v1/user/41 HTTP/1.1" 404 481 "-" "ReactNativeApp/1.2.3"
70.165.150.123 - - [19/Apr/2026:17:18:49 +0000] "GET /api/v1/user/3 HTTP/1.1" 404 385 "-" "ReactNativeApp/1.2.3"
143.255.245.83 - - [19/Apr/2026:16:02:26 +0000] "GET /api/v1/logout HTTP/1.1" 200 3938 "-" "Mozilla/5.0 (iPhone; CPU iPhone OS 16_0) AppleWebKit/605.1.15 Mobile/15E148"
123.150.117.16 - - [19/Apr/2026:16:18:58 +0000] "POST /api/v1/login HTTP/1.1" 401 170 "-" "Mozilla/5.0 (Linux; Android 13; Pixel 7) AppleWebKit/537.36 Mobile Safari/537.36"
191.232.138.188 - - [19/Apr/2026:16:49:52 +0000] "POST /api/v1/notifications HTTP/1.1" 200 856 "-" "Dart/3.0 (dart:io) - Flutter App"
48.36.145.54 - - [19/Apr/2026:16:50:00 +0000] "POST /api/v1/refresh-token HTTP/1.1" 429 354 "-" "CFNetwork/1400.0.4 Darwin/22.0.0"
70.165.150.123 - - [19/Apr/2026:17:19:39 +0000] "GET /api/v1/user/53 HTTP/1.1" 200 345 "-" "Mozilla/5.0 (iPad; CPU OS 16_0 like Mac OS X) AppleWebKit/605.1.15 Mobile/15E148"
120.8.122.119 - - [19/Apr/2026:16:06:16 +0000] "GET /api/v1/notifications HTTP/1.1" 201 4592 "-" "Dart/3.0 (dart:io) - Flutter App"
70.165.150.123 - - [19/Apr/2026:17:19:11 +0000] "GET /api/v1/user/25 HTTP/1.1" 404 375 "-" "Dart/3.0 (dart:io) - Flutter App"
56.14.119.195 - - [19/Apr/2026:16:04:16 +0000] "GET /api/v1/search HTTP/1.1" 204 3209 "-" "okhttp/4.11.0"
81.208.107.53 - - [19/Apr/2026:15:57:36 +0000] "GET /api/v1/notifications HTTP/1.1" 200 4782 "-" "Mozilla/5.0 (iPad; CPU OS 16_0 like Mac OS X) AppleWebKit/605.1.15 Mobile/15E148"
74.63.220.80 - - [19/Apr/2026:16:27:41 +0000] "POST /api/v1/user/settings HTTP/1.1" 304 761 "-" "Mozilla/5.0 (Linux; Android 13; Pixel 7) AppleWebKit/537.36 Mobile Safari/537.36"
79.116.213.162 - - [19/Apr/2026:15:53:56 +0000] "POST /api/v1/user/settings HTTP/1.1" 200 533 "-" "Mozilla/5.0 (iPad; CPU OS 16_0 like Mac OS X) AppleWebKit/605.1.15 Mobile/15E148"
74.63.220.80 - - [19/Apr/2026:15:52:01 +0000] "GET /api/v1/notifications HTTP/1.1" 204 3492 "-" "Mozilla/5.0 (iPhone; CPU iPhone OS 16_0) AppleWebKit/605.1.15 Mobile/15E148"
102.35.26.45 - - [19/Apr/2026:16:25:11 +0000] "GET /api/v1/search HTTP/1.1" 304 2731 "-" "Dart/3.0 (dart:io) - Flutter App"
101.7.48.153 - - [19/Apr/2026:17:19:15 +0000] "GET /api/v1/user/29 HTTP/1.1" 404 187 "-" "Dart/3.0 (dart:io) - Flutter App"
152.156.112.6 - - [19/Apr/2026:16:15:26 +0000] "GET /api/v1/products HTTP/1.1" 304 4632 "-" "ReactNativeApp/1.2.3"
209.112.158.67 - - [19/Apr/2026:16:03:46 +0000] "GET /api/v1/payment HTTP/1.1" 200 1510 "-" "CFNetwork/1400.0.4 Darwin/22.0.0"
76.170.36.93 - - [19/Apr/2026:16:03:06 +0000] "GET /api/v1/notifications HTTP/1.1" 201 2366 "-" "Mozilla/5.0 (Linux; Android 13; Pixel 7) AppleWebKit/537.36 Mobile Safari/537.36"
101.7.48.153 - - [19/Apr/2026:17:20:05 +0000] "GET /api/v1/user/79 HTTP/1.1" 404 496 "-" "Mozilla/5.0 (iPhone; CPU iPhone OS 16_0) AppleWebKit/605.1.15 Mobile/15E148"
48.36.145.54 - - [19/Apr/2026:16:49:07 +0000] "GET /api/v1/orders HTTP/1.1" 429 731 "-" "Dart/3.0 (dart:io) - Flutter App"
73.237.250.208 - - [19/Apr/2026:16:08:16 +0000] "GET /api/v1/user/settings HTTP/1.1" 201 250 "-" "Mozilla/5.0 (Linux; Android 13; Pixel 7) AppleWebKit/537.36 Mobile Safari/537.36"
81.208.107.53 - - [19/Apr/2026:16:21:56 +0000] "GET /api/v1/logout HTTP/1.1" 201 3437 "-" "okhttp/4.11.0"
79.116.213.162 - - [19/Apr/2026:15:57:16 +0000] "GET /api/v1/refresh-token HTTP/1.1" 304 4310 "-" "okhttp/4.11.0"
48.36.145.54 - - [19/Apr/2026:16:49:57 +0000] "GET /api/v1/notifications HTTP/1.1" 200 716 "-" "Mozilla/5.0 (iPad; CPU OS 16_0 like Mac OS X) AppleWebKit/605.1.15 Mobile/15E148"
191.232.138.188 - - [19/Apr/2026:16:49:31 +0000] "GET /api/v1/notifications HTTP/1.1" 200 105 "-" "Mozilla/5.0 (Linux; Android 13; Pixel 7) AppleWebKit/537.36 Mobile Safari/537.36"
48.36.145.54 - - [19/Apr/2026:16:49:45 +0000] "POST /api/v1/user/settings HTTP/1.1" 429 831 "-" "Mozilla/5.0 (Linux; Android 13; Pixel 7) AppleWebKit/537.36 Mobile Safari/537.36"
61.128.89.77 - - [19/Apr/2026:16:17:21 +0000] "GET /api/v1/products HTTP/1.1" 304 4469 "-" "Dart/3.0 (dart:io) - Flutter App"
120.8.122.119 - - [19/Apr/2026:16:13:21 +0000] "GET /api/v1/register HTTP/1.1" 304 1049 "-" "Mozilla/5.0 (iPad; CPU OS 16_0 like Mac OS X) AppleWebKit/605.1.15 Mobile/15E148"
49.217.103.235 - - [19/Apr/2026:16:24:21 +0000] "GET /api/v1/products HTTP/1.1" 200 4289 "-" "okhttp/4.11.0"
130.131.105.221 - - [19/Apr/2026:16:19:04 +0000] "POST /api/v1/login HTTP/1.1" 401 126 "-" "okhttp/4.11.0"
123.150.117.16 - - [19/Apr/2026:16:19:30 +0000] "POST /api/v1/login HTTP/1.1" 401 104 "-" "CFNetwork/1400.0.4 Darwin/22.0.0"
191.232.138.188 - - [19/Apr/2026:16:48:52 +0000] "POST /api/v1/user/settings HTTP/1.1" 429 982 "-" "ReactNativeApp/1.2.3"
191.232.138.188 - - [19/Apr/2026:16:49:10 +0000] "POST /api/v1/user/profile HTTP/1.1" 429 401 "-" "CFNetwork/1400.0.4 Darwin/22.0.0"
184.72.245.94 - - [19/Apr/2026:16:19:36 +0000] "POST /api/v1/login HTTP/1.1" 401 114 "-" "Mozilla/5.0 (iPhone; CPU iPhone OS 16_0) AppleWebKit/605.1.15 Mobile/15E148"
101.7.48.153 - - [19/Apr/2026:17:20:01 +0000] "GET /api/v1/user/75 HTTP/1.1" 404 62 "-" "okhttp/4.11.0"
123.150.117.16 - - [19/Apr/2026:16:18:50 +0000] "POST /api/v1/login HTTP/1.1" 401 181 "-" "okhttp/4.11.0"
48.36.145.54 - - [19/Apr/2026:16:49:19 +0000] "GET /api/v1/search HTTP/1.1" 429 261 "-" "Dart/3.0 (dart:io) - Flutter App"
51.223.9.115 - - [19/Apr/2026:16:24:51 +0000] "GET /api/v1/search HTTP/1.1" 200 1448 "-" "CFNetwork/1400.0.4 Darwin/22.0.0"
206.25.72.74 - - [19/Apr/2026:16:28:51 +0000] "GET /api/v1/payment HTTP/1.1" 200 3795 "-" "Dart/3.0 (dart:io) - Flutter App"
70.219.54.16 - - [19/Apr/2026:15:49:01 +0000] "GET /api/v1/search HTTP/1.1" 200 3134 "-" "okhttp/4.11.0"
83.110.132.6 - - [19/Apr/2026:16:05:06 +0000] "GET /api/v1/products HTTP/1.1" 200 4959 "-" "Mozilla/5.0 (iPhone; CPU iPhone OS 16_0) AppleWebKit/605.1.15 Mobile/15E148"
48.36.145.54 - - [19/Apr/2026:16:49:01 +0000] "GET /api/v1/refresh-token HTTP/1.1" 200 910 "-" "Mozilla/5.0 (iPad; CPU OS 16_0 like Mac OS X) AppleWebKit/605.1.15 Mobile/15E148"
75.221.244.42 - - [19/Apr/2026:15:58:26 +0000] "GET /api/v1/notifications HTTP/1.1" 204 2122 "-" "Mozilla/5.0 (iPad; CPU OS 16_0 like Mac OS X) AppleWebKit/605.1.15 Mobile/15E148"
191.232.138.188 - - [19/Apr/2026:16:49:34 +0000] "GET /api/v1/logout HTTP/1.1" 200 174 "-" "CFNetwork/1400.0.4 Darwin/22.0.0"
101.7.48.153 - - [19/Apr/2026:17:20:00 +0000] "GET /api/v1/user/74 HTTP/1.1" 200 435 "-" "Mozilla/5.0 (iPad; CPU OS 16_0 like Mac OS X) AppleWebKit/605.1.15 Mobile/15E148"
143.255.245.83 - - [19/Apr/2026:16:19:51 +0000] "GET /api/v1/search HTTP/1.1" 200 527 "-" "Dart/3.0 (dart:io) - Flutter App"
146.2.74.250 - - [19/Apr/2026:15:50:56 +0000] "GET /api/v1/payment HTTP/1.1" 200 3748 "-" "Mozilla/5.0 (Linux; Android 13; Pixel 7) AppleWebKit/537.36 Mobile Safari/537.36"
102.136.118.134 - - [19/Apr/2026:16:20:46 +0000] "GET /api/v1/password-reset HTTP/1.1" 204 3333 "-" "Mozilla/5.0 (iPhone; CPU iPhone OS 16_0) AppleWebKit/605.1.15 Mobile/15E148"
70.165.150.123 - - [19/Apr/2026:17:19:24 +0000] "GET /api/v1/user/38 HTTP/1.1" 200 437 "-" "ReactNativeApp/1.2.3"
70.165.150.123 - - [19/Apr/2026:17:19:09 +0000] "GET /api/v1/user/23 HTTP/1.1" 200 122 "-" "Mozilla/5.0 (iPhone; CPU iPhone OS 16_0) AppleWebKit/605.1.15 Mobile/15E148"
102.136.118.134 - - [19/Apr/2026:16:17:06 +0000] "GET /api/v1/user/profile HTTP/1.1" 200 3109 "-" "Mozilla/5.0 (Linux; Android 13; Pixel 7) AppleWebKit/537.36 Mobile Safari/537.36"
120.8.122.119 - - [19/Apr/2026:16:17:11 +0000] "GET /api/v1/login HTTP/1.1" 200 4984 "-" "Mozilla/5.0 (iPad; CPU OS 16_0 like Mac OS X) AppleWebKit/605.1.15 Mobile/15E148"
56.14.119.195 - - [19/Apr/2026:16:02:11 +0000] "GET /api/v1/refresh-token HTTP/1.1" 200 4941 "-" "CFNetwork/1400.0.4 Darwin/22.0.0"
188.5.51.150 - - [19/Apr/2026:16:29:21 +0000] "GET /api/v1/payment HTTP/1.1" 200 2867 "-" "CFNetwork/1400.0.4 Darwin/22.0.0"
191.232.138.188 - - [19/Apr/2026:16:49:06 +0000] "GET /api/v1/refresh-token HTTP/1.1" 429 241 "-" "ReactNativeApp/1.2.3"
74.63.220.80 - - [19/Apr/2026:16:15:56 +0000] "POST /api/v1/refresh-token HTTP/1.1" 200 822 "-" "Mozilla/5.0 (iPad; CPU OS 16_0 like Mac OS X) AppleWebKit/605.1.15 Mobile/15E148"
1.127.188.197 - - [19/Apr/2026:16:16:16 +0000] "GET /api/v1/register HTTP/1.1" 200 1713 "-" "okhttp/4.11.0"
101.7.48.153 - - [19/Apr/2026:17:19:54 +0000] "GET /api/v1/user/68 HTTP/1.1" 200 343 "-" "okhttp/4.11.0"
123.150.117.16 - - [19/Apr/2026:16:19:06 +0000] "POST /api/v1/login HTTP/1.1" 401 83 "-" "CFNetwork/1400.0.4 Darwin/22.0.0"
48.36.145.54 - - [19/Apr/2026:16:48:52 +0000] "GET /api/v1/logout HTTP/1.1" 200 809 "-" "ReactNativeApp/1.2.3"
101.7.48.153 - - [19/Apr/2026:17:18:47 +0000] "GET /api/v1/user/1 HTTP/1.1" 200 201 "-" "Mozilla/5.0 (iPhone; CPU iPhone OS 16_0) AppleWebKit/605.1.15 Mobile/15E148"
48.36.145.54 - - [19/Apr/2026:16:49:54 +0000] "GET /api/v1/password-reset HTTP/1.1" 200 988 "-" "ReactNativeApp/1.2.3"
79.116.213.162 - - [19/Apr/2026:16:14:46 +0000] "GET /api/v1/login HTTP/1.1" 200 4749 "-" "ReactNativeApp/1.2.3"
184.72.245.94 - - [19/Apr/2026:16:19:52 +0000] "POST /api/v1/login HTTP/1.1" 401 110 "-" "ReactNativeApp/1.2.3"
191.232.138.188 - - [19/Apr/2026:16:49:32 +0000] "POST /api/v1/password-reset HTTP/1.1" 200 495 "-" "ReactNativeApp/1.2.3"
100.41.81.93 - - [19/Apr/2026:15:52:46 +0000] "GET /api/v1/user/settings HTTP/1.1" 304 2095 "-" "CFNetwork/1400.0.4 Darwin/22.0.0"
101.7.48.153 - - [19/Apr/2026:17:19:30 +0000] "GET /api/v1/user/44 HTTP/1.1" 404 468 "-" "Mozilla/5.0 (Linux; Android 13; Pixel 7) AppleWebKit/537.36 Mobile Safari/537.36"
70.165.150.123 - - [19/Apr/2026:17:19:20 +0000] "GET /api/v1/user/34 HTTP/1.1" 200 443 "-" "Dart/3.0 (dart:io) - Flutter App"
24.231.191.121 - - [19/Apr/2026:16:23:36 +0000] "GET /api/v1/products HTTP/1.1" 200 4342 "-" "Mozilla/5.0 (iPhone; CPU iPhone OS 16_0) AppleWebKit/605.1.15 Mobile/15E148"
135.26.139.249 - - [19/Apr/2026:15:49:51 +0000] "POST /api/v1/products HTTP/1.1" 201 3995 "-" "CFNetwork/1400.0.4 Darwin/22.0.0"
70.165.150.123 - - [19/Apr/2026:17:19:46 +0000] "GET /api/v1/user/60 HTTP/1.1" 200 189 "-" "Dart/3.0 (dart:io) - Flutter App"
48.36.145.54 - - [19/Apr/2026:16:49:49 +0000] "POST /api/v1/products HTTP/1.1" 429 762 "-" "Dart/3.0 (dart:io) - Flutter App"
101.7.48.153 - - [19/Apr/2026:17:19:52 +0000] "GET /api/v1/user/66 HTTP/1.1" 404 420 "-" "ReactNativeApp/1.2.3"
135.26.139.249 - - [19/Apr/2026:16:07:46 +0000] "GET /api/v1/login HTTP/1.1" 204 2246 "-" "okhttp/4.11.0"
79.116.213.162 - - [19/Apr/2026:16:30:01 +0000] "GET /api/v1/orders HTTP/1.1" 204 2707 "-" "Mozilla/5.0 (Linux; Android 13; Pixel 7) AppleWebKit/537.36 Mobile Safari/537.36"
48.36.145.54 - - [19/Apr/2026:16:48:48 +0000] "POST /api/v1/notifications HTTP/1.1" 429 179 "-" "okhttp/4.11.0"
1.117.103.206 - - [19/Apr/2026:16:25:56 +0000] "GET /api/v1/products HTTP/1.1" 201 2607 "-" "ReactNativeApp/1.2.3"
191.232.138.188 - - [19/Apr/2026:16:49:00 +0000] "POST /api/v1/login HTTP/1.1" 200 447 "-" "CFNetwork/1400.0.4 Darwin/22.0.0"
48.36.145.54 - - [19/Apr/2026:16:49:38 +0000] "GET /api/v1/search HTTP/1.1" 200 592 "-" "CFNetwork/1400.0.4 Darwin/22.0.0"
184.72.245.94 - - [19/Apr/2026:16:19:00 +0000] "POST /api/v1/login HTTP/1.1" 401 155 "-" "ReactNativeApp/1.2.3"
191.232.138.188 - - [19/Apr/2026:16:49:50 +0000] "GET /api/v1/refresh-token HTTP/1.1" 429 435 "-" "Mozilla/5.0 (iPad; CPU OS 16_0 like Mac OS X) AppleWebKit/605.1.15 Mobile/15E148"
70.165.150.123 - - [19/Apr/2026:17:19:48 +0000] "GET /api/v1/user/62 HTTP/1.1" 404 228 "-" "CFNetwork/1400.0.4 Darwin/22.0.0"
10.245.48.72 - - [19/Apr/2026:15:59:31 +0000] "GET /api/v1/orders HTTP/1.1" 200 4718 "-" "Mozilla/5.0 (Linux; Android 13; Pixel 7) AppleWebKit/537.36 Mobile Safari/537.36"
83.110.132.6 - - [19/Apr/2026:16:13:11 +0000] "GET /api/v1/products HTTP/1.1" 204 501 "-" "CFNetwork/1400.0.4 Darwin/22.0.0"
191.232.138.188 - - [19/Apr/2026:16:49:26 +0000] "POST /api/v1/user/settings HTTP/1.1" 200 149 "-" "Dart/3.0 (dart:io) - Flutter App"
70.165.150.123 - - [19/Apr/2026:17:19:35 +0000] "GET /api/v1/user/49 HTTP/1.1" 200 500 "-" "Mozilla/5.0 (iPhone; CPU iPhone OS 16_0) AppleWebKit/605.1.15 Mobile/15E148"
101.7.48.153 - - [19/Apr/2026:17:18:56 +0000] "GET /api/v1/user/10 HTTP/1.1" 404 221 "-" "Mozilla/5.0 (iPhone; CPU iPhone OS 16_0) AppleWebKit/605.1.15 Mobile/15E148"
102.136.118.134 - - [19/Apr/2026:16:16:31 +0000] "GET /api/v1/products HTTP/1.1" 204 4520 "-" "Dart/3.0 (dart:io) - Flutter App"
191.232.138.188 - - [19/Apr/2026:16:48:50 +0000] "POST /api/v1/orders HTTP/1.1" 429 637 "-" "Mozilla/5.0 (iPad; CPU OS 16_0 like Mac OS X) AppleWebKit/605.1.15 Mobile/15E148"
151.117.182.37 - - [19/Apr/2026:16:05:46 +0000] "POST /api/v1/user/settings HTTP/1.1" 304 4403 "-" "okhttp/4.11.0"
101.7.48.153 - - [19/Apr/2026:17:19:34 +0000] "GET /api/v1/user/48 HTTP/1.1" 200 242 "-" "Mozilla/5.0 (iPad; CPU OS 16_0 like Mac OS X) AppleWebKit/605.1.15 Mobile/15E148"
191.232.138.188 - - [19/Apr/2026:16:48:53 +0000] "POST /api/v1/payment HTTP/1.1" 200 242 "-" "Mozilla/5.0 (Linux; Android 13; Pixel 7) AppleWebKit/537.36 Mobile Safari/537.36"
191.232.138.188 - - [19/Apr/2026:16:49:34 +0000] "GET /api/v1/logout HTTP/1.1" 429 311 "-" "okhttp/4.11.0"
48.36.145.54 - - [19/Apr/2026:16:49:05 +0000] "GET /api/v1/notifications HTTP/1.1" 429 525 "-" "okhttp/4.11.0"
143.255.245.83 - - [19/Apr/2026:16:05:21 +0000] "GET /api/v1/notifications HTTP/1.1" 200 1419 "-" "Mozilla/5.0 (iPhone; CPU iPhone OS 16_0) AppleWebKit/605.1.15 Mobile/15E148"
101.7.48.153 - - [19/Apr/2026:17:19:16 +0000] "GET /api/v1/user/30 HTTP/1.1" 404 127 "-" "Mozilla/5.0 (iPad; CPU OS 16_0 like Mac OS X) AppleWebKit/605.1.15 Mobile/15E148"
101.7.48.153 - - [19/Apr/2026:17:19:03 +0000] "GET /api/v1/user/17 HTTP/1.1" 200 474 "-" "Mozilla/5.0 (iPad; CPU OS 16_0 like Mac OS X) AppleWebKit/605.1.15 Mobile/15E148"
48.36.145.54 - - [19/Apr/2026:16:49:50 +0000] "GET /api/v1/register HTTP/1.1" 200 561 "-" "ReactNativeApp/1.2.3"
101.7.48.153 - - [19/Apr/2026:17:19:35 +0000] "GET /api/v1/user/49 HTTP/1.1" 200 304 "-" "Dart/3.0 (dart:io) - Flutter App"
56.14.119.195 - - [19/Apr/2026:16:14:01 +0000] "POST /api/v1/user/settings HTTP/1.1" 304 3064 "-" "Mozilla/5.0 (Linux; Android 13; Pixel 7) AppleWebKit/537.36 Mobile Safari/537.36"
130.131.105.221 - - [19/Apr/2026:16:19:26 +0000] "POST /api/v1/login HTTP/1.1" 401 94 "-" "CFNetwork/1400.0.4 Darwin/22.0.0"
191.232.138.188 - - [19/Apr/2026:16:49:50 +0000] "GET /api/v1/login HTTP/1.1" 200 302 "-" "Dart/3.0 (dart:io) - Flutter App"
1.152.122.251 - - [19/Apr/2026:15:58:16 +0000] "GET /api/v1/login HTTP/1.1" 304 431 "-" "CFNetwork/1400.0.4 Darwin/22.0.0"
83.110.132.6 - - [19/Apr/2026:16:14:06 +0000] "GET /api/v1/register HTTP/1.1" 304 4974 "-" "ReactNativeApp/1.2.3"
101.7.48.153 - - [19/Apr/2026:17:19:53 +0000] "GET /api/v1/user/67 HTTP/1.1" 200 394 "-" "CFNetwork/1400.0.4 Darwin/22.0.0"
70.165.150.123 - - [19/Apr/2026:17:19:28 +0000] "GET /api/v1/user/42 HTTP/1.1" 404 140 "-" "okhttp/4.11.0"
184.72.245.94 - - [19/Apr/2026:16:19:28 +0000] "POST /api/v1/login HTTP/1.1" 401 80 "-" "okhttp/4.11.0"
48.36.145.54 - - [19/Apr/2026:16:49:37 +0000] "GET /api/v1/login HTTP/1.1" 200 187 "-" "Mozilla/5.0 (iPhone; CPU iPhone OS 16_0) AppleWebKit/605.1.15 Mobile/15E148"
48.36.145.54 - - [19/Apr/2026:16:49:24 +0000] "POST /api/v1/search HTTP/1.1" 429 449 "-" "Dart/3.0 (dart:io) - Flutter App"
182.186.253.117 - - [19/Apr/2026:15:59:11 +0000] "POST /api/v1/password-reset HTTP/1.1" 200 3977 "-" "okhttp/4.11.0"
130.131.105.221 - - [19/Apr/2026:16:19:12 +0000] "POST /api/v1/login HTTP/1.1" 401 178 "-" "Mozilla/5.0 (Linux; Android 13; Pixel 7) AppleWebKit/537.36 Mobile Safari/537.36"
70.165.150.123 - - [19/Apr/2026:17:18:52 +0000] "GET /api/v1/user/6 HTTP/1.1" 404 401 "-" "Mozilla/5.0 (Linux; Android 13; Pixel 7) AppleWebKit/537.36 Mobile Safari/537.36"
1.152.122.251 - - [19/Apr/2026:16:08:11 +0000] "GET /api/v1/search HTTP/1.1" 200 2094 "-" "okhttp/4.11.0"
75.221.244.42 - - [19/Apr/2026:16:18:31 +0000] "GET /api/v1/search HTTP/1.1" 304 1569 "-" "Mozilla/5.0 (Linux; Android 13; Pixel 7) AppleWebKit/537.36 Mobile Safari/537.36"
48.36.145.54 - - [19/Apr/2026:16:49:47 +0000] "POST /api/v1/payment HTTP/1.1" 429 851 "-" "Mozilla/5.0 (Linux; Android 13; Pixel 7) AppleWebKit/537.36 Mobile Safari/537.36"
179.48.107.195 - - [19/Apr/2026:15:53:16 +0000] "POST /api/v1/password-reset HTTP/1.1" 304 1608 "-" "CFNetwork/1400.0.4 Darwin/22.0.0"
191.232.138.188 - - [19/Apr/2026:16:48:47 +0000] "POST /api/v1/register HTTP/1.1" 429 663 "-" "okhttp/4.11.0"
184.72.245.94 - - [19/Apr/2026:16:19:20 +0000] "POST /api/v1/login HTTP/1.1" 401 143 "-" "Mozilla/5.0 (iPad; CPU OS 16_0 like Mac OS X) AppleWebKit/605.1.15 Mobile/15E148"
48.36.145.54 - - [19/Apr/2026:16:49:19 +0000] "GET /api/v1/search HTTP/1.1" 429 184 "-" "ReactNativeApp/1.2.3"
40.185.247.179 - - [19/Apr/2026:16:01:16 +0000] "GET /api/v1/user/profile HTTP/1.1" 200 4004 "-" "Mozilla/5.0 (iPad; CPU OS 16_0 like Mac OS X) AppleWebKit/605.1.15 Mobile/15E148"
61.128.89.77 - - [19/Apr/2026:16:22:46 +0000] "GET /api/v1/orders HTTP/1.1" 200 1055 "-" "Mozilla/5.0 (iPhone; CPU iPhone OS 16_0) AppleWebKit/605.1.15 Mobile/15E148"
79.116.213.162 - - [19/Apr/2026:16:26:36 +0000] "POST /api/v1/user/settings HTTP/1.1" 200 1175 "-" "ReactNativeApp/1.2.3"
206.25.72.74 - - [19/Apr/2026:16:19:21 +0000] "GET /api/v1/products HTTP/1.1" 200 603 "-" "okhttp/4.11.0"
101.7.48.153 - - [19/Apr/2026:17:19:06 +0000] "GET /api/v1/user/20 HTTP/1.1" 200 368 "-" "okhttp/4.11.0"
61.128.89.77 - - [19/Apr/2026:16:25:01 +0000] "GET /api/v1/orders HTTP/1.1" 200 3269 "-" "CFNetwork/1400.0.4 Darwin/22.0.0"
70.165.150.123 - - [19/Apr/2026:17:19:37 +0000] "GET /api/v1/user/51 HTTP/1.1" 404 481 "-" "okhttp/4.11.0"
70.165.150.123 - - [19/Apr/2026:17:19:13 +0000] "GET /api/v1/user/27 HTTP/1.1" 404 406 "-" "okhttp/4.11.0"
143.255.245.83 - - [19/Apr/2026:16:18:06 +0000] "POST /api/v1/payment HTTP/1.1" 200 2739 "-" "Mozilla/5.0 (iPhone; CPU iPhone OS 16_0) AppleWebKit/605.1.15 Mobile/15E148"
135.26.139.249 - - [19/Apr/2026:16:19:26 +0000] "POST /api/v1/register HTTP/1.1" 201 904 "-" "Dart/3.0 (dart:io) - Flutter App"
56.14.119.195 - - [19/Apr/2026:16:09:21 +0000] "GET /api/v1/search HTTP/1.1" 304 3099 "-" "Dart/3.0 (dart:io) - Flutter App"
48.36.145.54 - - [19/Apr/2026:16:50:03 +0000] "POST /api/v1/payment HTTP/1.1" 200 220 "-" "Dart/3.0 (dart:io) - Flutter App"
184.72.245.94 - - [19/Apr/2026:16:18:56 +0000] "POST /api/v1/login HTTP/1.1" 401 63 "-" "Mozilla/5.0 (Linux; Android 13; Pixel 7) AppleWebKit/537.36 Mobile Safari/537.36"
48.36.145.54 - - [19/Apr/2026:16:50:05 +0000] "GET /api/v1/products HTTP/1.1" 200 644 "-" "Mozilla/5.0 (iPhone; CPU iPhone OS 16_0) AppleWebKit/605.1.15 Mobile/15E148"
101.7.48.153 - - [19/Apr/2026:17:19:27 +0000] "GET /api/v1/user/41 HTTP/1.1" 404 179 "-" "okhttp/4.11.0"
50.185.137.180 - - [19/Apr/2026:16:11:31 +0000] "GET /api/v1/user/settings HTTP/1.1" 200 3426 "-" "Mozilla/5.0 (iPad; CPU OS 16_0 like Mac OS X) AppleWebKit/605.1.15 Mobile/15E148"
191.232.138.188 - - [19/Apr/2026:16:49:41 +0000] "POST /api/v1/logout HTTP/1.1" 200 562 "-" "CFNetwork/1400.0.4 Darwin/22.0.0"
53.164.214.94 - - [19/Apr/2026:15:52:21 +0000] "POST /api/v1/logout HTTP/1.1" 200 2182 "-" "ReactNativeApp/1.2.3"
48.36.145.54 - - [19/Apr/2026:16:48:59 +0000] "GET /api/v1/password-reset HTTP/1.1" 200 885 "-" "ReactNativeApp/1.2.3"
102.136.118.134 - - [19/Apr/2026:16:11:01 +0000] "GET /api/v1/password-reset HTTP/1.1" 200 1060 "-" "CFNetwork/1400.0.4 Darwin/22.0.0"
1.127.188.197 - - [19/Apr/2026:16:24:26 +0000] "GET /api/v1/notifications HTTP/1.1" 201 4886 "-" "Mozilla/5.0 (Linux; Android 13; Pixel 7) AppleWebKit/537.36 Mobile Safari/537.36"
83.110.132.6 - - [19/Apr/2026:15:56:21 +0000] "GET /api/v1/register HTTP/1.1" 200 1573 "-" "CFNetwork/1400.0.4 Darwin/22.0.0"
48.36.145.54 - - [19/Apr/2026:16:49:35 +0000] "POST /api/v1/search HTTP/1.1" 200 628 "-" "Dart/3.0 (dart:io) - Flutter App"
1.152.122.251 - - [19/Apr/2026:15:56:51 +0000] "GET /api/v1/orders HTTP/1.1" 200 4237 "-" "Dart/3.0 (dart:io) - Flutter App"
4.81.51.103 - - [19/Apr/2026:16:01:21 +0000] "GET /api/v1/payment HTTP/1.1" 200 3667 "-" "Mozilla/5.0 (Linux; Android 13; Pixel 7) AppleWebKit/537.36 Mobile Safari/537.36"
1.152.122.251 - - [19/Apr/2026:16:03:56 +0000] "POST /api/v1/register HTTP/1.1" 201 2262 "-" "Dart/3.0 (dart:io) - Flutter App"
12.92.88.112 - - [19/Apr/2026:16:29:26 +0000] "GET /api/v1/notifications HTTP/1.1" 204 4512 "-" "Mozilla/5.0 (iPad; CPU OS 16_0 like Mac OS X) AppleWebKit/605.1.15 Mobile/15E148"
69.129.252.128 - - [19/Apr/2026:16:00:06 +0000] "POST /api/v1/register HTTP/1.1" 204 1009 "-" "Dart/3.0 (dart:io) - Flutter App"
24.231.191.121 - - [19/Apr/2026:16:25:16 +0000] "GET /api/v1/payment HTTP/1.1" 201 1224 "-" "ReactNativeApp/1.2.3"
191.232.138.188 - - [19/Apr/2026:16:49:09 +0000] "GET /api/v1/search HTTP/1.1" 429 747 "-" "Mozilla/5.0 (iPhone; CPU iPhone OS 16_0) AppleWebKit/605.1.15 Mobile/15E148"
102.35.26.45 - - [19/Apr/2026:16:04:11 +0000] "GET /api/v1/payment HTTP/1.1" 204 1327 "-" "ReactNativeApp/1.2.3"
70.219.54.16 - - [19/Apr/2026:15:53:36 +0000] "GET /api/v1/login HTTP/1.1" 304 860 "-" "Dart/3.0 (dart:io) - Flutter App"
